Archive member included to satisfy reference by file (symbol)

/usr/local/Cellar/avr-gcc@9/9.5.0/lib/avr-gcc/9/gcc/avr/9.5.0/avr5/libgcc.a(_exit.o)
                              /usr/local/Cellar/avr-gcc@9/9.5.0/lib/avr-gcc/9/gcc/avr/9.5.0/../../../../../../avr/lib/avr5/crtatmega328p.o (exit)
/usr/local/Cellar/avr-gcc@9/9.5.0/lib/avr-gcc/9/gcc/avr/9.5.0/../../../../../../avr/lib/avr5/libc.a(memcpy_P.o)
                              /var/folders/9c/qfhlwqcj6pnfnlg0r104bq2c0000gn/T/kz-voicecard-classic-e2b2w2ur/ambika_voicecard/voice.o (symbol from plugin) (memcpy_P)
/usr/local/Cellar/avr-gcc@9/9.5.0/lib/avr-gcc/9/gcc/avr/9.5.0/../../../../../../avr/lib/avr5/libc.a(memchr.o)
                              /var/folders/9c/qfhlwqcj6pnfnlg0r104bq2c0000gn/T/kz-voicecard-classic-e2b2w2ur/ambika_voicecard/string.o (symbol from plugin) (memchr)
/usr/local/Cellar/avr-gcc@9/9.5.0/lib/avr-gcc/9/gcc/avr/9.5.0/../../../../../../avr/lib/avr5/libatmega328p.a(eerd_byte.o)
                              /var/folders/9c/qfhlwqcj6pnfnlg0r104bq2c0000gn/T/kz-voicecard-classic-e2b2w2ur/ambika_voicecard/voicecard.o (symbol from plugin) (eeprom_read_byte)
/usr/local/Cellar/avr-gcc@9/9.5.0/lib/avr-gcc/9/gcc/avr/9.5.0/../../../../../../avr/lib/avr5/libatmega328p.a(eewr_byte.o)
                              /var/folders/9c/qfhlwqcj6pnfnlg0r104bq2c0000gn/T/kz-voicecard-classic-e2b2w2ur/ambika_voicecard/voicecard.o (symbol from plugin) (eeprom_write_byte)
/usr/local/Cellar/avr-gcc@9/9.5.0/lib/avr-gcc/9/gcc/avr/9.5.0/avr5/libgcc.a(_mulpsi3.o)
                              /var/folders/9c/qfhlwqcj6pnfnlg0r104bq2c0000gn/T//ambika_voicecard.elf.sJC2yK.ltrans0.ltrans.o (__mulpsi3)
/usr/local/Cellar/avr-gcc@9/9.5.0/lib/avr-gcc/9/gcc/avr/9.5.0/avr5/libgcc.a(_tablejump2.o)
                              /var/folders/9c/qfhlwqcj6pnfnlg0r104bq2c0000gn/T//ambika_voicecard.elf.sJC2yK.ltrans0.ltrans.o (__tablejump2__)
/usr/local/Cellar/avr-gcc@9/9.5.0/lib/avr-gcc/9/gcc/avr/9.5.0/avr5/libgcc.a(_copy_data.o)
                              /var/folders/9c/qfhlwqcj6pnfnlg0r104bq2c0000gn/T//ambika_voicecard.elf.sJC2yK.ltrans0.ltrans.o (__do_copy_data)
/usr/local/Cellar/avr-gcc@9/9.5.0/lib/avr-gcc/9/gcc/avr/9.5.0/avr5/libgcc.a(_clear_bss.o)
                              /var/folders/9c/qfhlwqcj6pnfnlg0r104bq2c0000gn/T//ambika_voicecard.elf.sJC2yK.ltrans0.ltrans.o (__do_clear_bss)
/usr/local/Cellar/avr-gcc@9/9.5.0/lib/avr-gcc/9/gcc/avr/9.5.0/avr5/libgcc.a(_ctors.o)
                              /var/folders/9c/qfhlwqcj6pnfnlg0r104bq2c0000gn/T//ambika_voicecard.elf.sJC2yK.ltrans0.ltrans.o (__do_global_ctors)
/usr/local/Cellar/avr-gcc@9/9.5.0/lib/avr-gcc/9/gcc/avr/9.5.0/avr5/libgcc.a(_mulsqipsi3.o)
                              /var/folders/9c/qfhlwqcj6pnfnlg0r104bq2c0000gn/T//ambika_voicecard.elf.sJC2yK.ltrans0.ltrans.o (__mulsqipsi3)
/usr/local/Cellar/avr-gcc@9/9.5.0/lib/avr-gcc/9/gcc/avr/9.5.0/avr5/libgcc.a(_umulhisi3.o)
                              /usr/local/Cellar/avr-gcc@9/9.5.0/lib/avr-gcc/9/gcc/avr/9.5.0/avr5/libgcc.a(_mulpsi3.o) (__umulhisi3)
/usr/local/Cellar/avr-gcc@9/9.5.0/lib/avr-gcc/9/gcc/avr/9.5.0/avr5/libgcc.a(_usmulhisi3.o)
                              /var/folders/9c/qfhlwqcj6pnfnlg0r104bq2c0000gn/T//ambika_voicecard.elf.sJC2yK.ltrans0.ltrans.o (__usmulhisi3)
/usr/local/Cellar/avr-gcc@9/9.5.0/lib/avr-gcc/9/gcc/avr/9.5.0/avr5/libgcc.a(_muluhisi3.o)
                              /var/folders/9c/qfhlwqcj6pnfnlg0r104bq2c0000gn/T//ambika_voicecard.elf.sJC2yK.ltrans0.ltrans.o (__muluhisi3)
/usr/local/Cellar/avr-gcc@9/9.5.0/lib/avr-gcc/9/gcc/avr/9.5.0/avr5/libgcc.a(_prologue.o)
                              /var/folders/9c/qfhlwqcj6pnfnlg0r104bq2c0000gn/T//ambika_voicecard.elf.sJC2yK.ltrans0.ltrans.o (__prologue_saves__)
/usr/local/Cellar/avr-gcc@9/9.5.0/lib/avr-gcc/9/gcc/avr/9.5.0/avr5/libgcc.a(_epilogue.o)
                              /var/folders/9c/qfhlwqcj6pnfnlg0r104bq2c0000gn/T//ambika_voicecard.elf.sJC2yK.ltrans0.ltrans.o (__epilogue_restores__)

Merging object attributes


Discarded input sections

 .data          0x00000000        0x0 /usr/local/Cellar/avr-gcc@9/9.5.0/lib/avr-gcc/9/gcc/avr/9.5.0/../../../../../../avr/lib/avr5/crtatmega328p.o
 .bss           0x00000000        0x0 /usr/local/Cellar/avr-gcc@9/9.5.0/lib/avr-gcc/9/gcc/avr/9.5.0/../../../../../../avr/lib/avr5/crtatmega328p.o
 .debug_info    0x00000000      0x39d /var/folders/9c/qfhlwqcj6pnfnlg0r104bq2c0000gn/T//cc1lVwV3.debug.temp.o
 .debug_abbrev  0x00000000      0x1b2 /var/folders/9c/qfhlwqcj6pnfnlg0r104bq2c0000gn/T//cc1lVwV3.debug.temp.o
 .debug_line    0x00000000       0xa0 /var/folders/9c/qfhlwqcj6pnfnlg0r104bq2c0000gn/T//cc1lVwV3.debug.temp.o
 .debug_str     0x00000000      0x727 /var/folders/9c/qfhlwqcj6pnfnlg0r104bq2c0000gn/T//cc1lVwV3.debug.temp.o
 .comment       0x00000000       0x25 /var/folders/9c/qfhlwqcj6pnfnlg0r104bq2c0000gn/T//cc1lVwV3.debug.temp.o
 .debug_info    0x00000000      0x162 /var/folders/9c/qfhlwqcj6pnfnlg0r104bq2c0000gn/T//ccc1Jr0A.debug.temp.o
 .debug_abbrev  0x00000000      0x10f /var/folders/9c/qfhlwqcj6pnfnlg0r104bq2c0000gn/T//ccc1Jr0A.debug.temp.o
 .debug_line    0x00000000       0x94 /var/folders/9c/qfhlwqcj6pnfnlg0r104bq2c0000gn/T//ccc1Jr0A.debug.temp.o
 .debug_str     0x00000000      0x377 /var/folders/9c/qfhlwqcj6pnfnlg0r104bq2c0000gn/T//ccc1Jr0A.debug.temp.o
 .comment       0x00000000       0x25 /var/folders/9c/qfhlwqcj6pnfnlg0r104bq2c0000gn/T//ccc1Jr0A.debug.temp.o
 .debug_info    0x00000000      0x7d7 /var/folders/9c/qfhlwqcj6pnfnlg0r104bq2c0000gn/T//ccCauerH.debug.temp.o
 .debug_abbrev  0x00000000      0x314 /var/folders/9c/qfhlwqcj6pnfnlg0r104bq2c0000gn/T//ccCauerH.debug.temp.o
 .debug_line    0x00000000       0xc3 /var/folders/9c/qfhlwqcj6pnfnlg0r104bq2c0000gn/T//ccCauerH.debug.temp.o
 .debug_str     0x00000000     0x2eea /var/folders/9c/qfhlwqcj6pnfnlg0r104bq2c0000gn/T//ccCauerH.debug.temp.o
 .comment       0x00000000       0x25 /var/folders/9c/qfhlwqcj6pnfnlg0r104bq2c0000gn/T//ccCauerH.debug.temp.o
 .debug_info    0x00000000      0x2a8 /var/folders/9c/qfhlwqcj6pnfnlg0r104bq2c0000gn/T//cc6z0yzz.debug.temp.o
 .debug_abbrev  0x00000000      0x14d /var/folders/9c/qfhlwqcj6pnfnlg0r104bq2c0000gn/T//cc6z0yzz.debug.temp.o
 .debug_line    0x00000000       0xd9 /var/folders/9c/qfhlwqcj6pnfnlg0r104bq2c0000gn/T//cc6z0yzz.debug.temp.o
 .debug_str     0x00000000      0x31b /var/folders/9c/qfhlwqcj6pnfnlg0r104bq2c0000gn/T//cc6z0yzz.debug.temp.o
 .comment       0x00000000       0x25 /var/folders/9c/qfhlwqcj6pnfnlg0r104bq2c0000gn/T//cc6z0yzz.debug.temp.o
 .debug_info    0x00000000      0x5d1 /var/folders/9c/qfhlwqcj6pnfnlg0r104bq2c0000gn/T//cc9yyfIO.debug.temp.o
 .debug_abbrev  0x00000000      0x20e /var/folders/9c/qfhlwqcj6pnfnlg0r104bq2c0000gn/T//cc9yyfIO.debug.temp.o
 .debug_line    0x00000000       0xa5 /var/folders/9c/qfhlwqcj6pnfnlg0r104bq2c0000gn/T//cc9yyfIO.debug.temp.o
 .debug_str     0x00000000      0xd4e /var/folders/9c/qfhlwqcj6pnfnlg0r104bq2c0000gn/T//cc9yyfIO.debug.temp.o
 .comment       0x00000000       0x25 /var/folders/9c/qfhlwqcj6pnfnlg0r104bq2c0000gn/T//cc9yyfIO.debug.temp.o
 .debug_info    0x00000000      0xaaa /var/folders/9c/qfhlwqcj6pnfnlg0r104bq2c0000gn/T//ccFDeKSv.debug.temp.o
 .debug_abbrev  0x00000000      0x2f5 /var/folders/9c/qfhlwqcj6pnfnlg0r104bq2c0000gn/T//ccFDeKSv.debug.temp.o
 .debug_line    0x00000000       0xf0 /var/folders/9c/qfhlwqcj6pnfnlg0r104bq2c0000gn/T//ccFDeKSv.debug.temp.o
 .debug_str     0x00000000     0x171f /var/folders/9c/qfhlwqcj6pnfnlg0r104bq2c0000gn/T//ccFDeKSv.debug.temp.o
 .comment       0x00000000       0x25 /var/folders/9c/qfhlwqcj6pnfnlg0r104bq2c0000gn/T//ccFDeKSv.debug.temp.o
 .debug_info    0x00000000      0x419 /var/folders/9c/qfhlwqcj6pnfnlg0r104bq2c0000gn/T//ccqqPOq8.debug.temp.o
 .debug_abbrev  0x00000000      0x195 /var/folders/9c/qfhlwqcj6pnfnlg0r104bq2c0000gn/T//ccqqPOq8.debug.temp.o
 .debug_line    0x00000000       0xd7 /var/folders/9c/qfhlwqcj6pnfnlg0r104bq2c0000gn/T//ccqqPOq8.debug.temp.o
 .debug_str     0x00000000      0x7dd /var/folders/9c/qfhlwqcj6pnfnlg0r104bq2c0000gn/T//ccqqPOq8.debug.temp.o
 .comment       0x00000000       0x25 /var/folders/9c/qfhlwqcj6pnfnlg0r104bq2c0000gn/T//ccqqPOq8.debug.temp.o
 .debug_info    0x00000000     0x1f13 /var/folders/9c/qfhlwqcj6pnfnlg0r104bq2c0000gn/T//ccXo6EtN.debug.temp.o
 .debug_abbrev  0x00000000      0x439 /var/folders/9c/qfhlwqcj6pnfnlg0r104bq2c0000gn/T//ccXo6EtN.debug.temp.o
 .debug_line    0x00000000      0x127 /var/folders/9c/qfhlwqcj6pnfnlg0r104bq2c0000gn/T//ccXo6EtN.debug.temp.o
 .debug_str     0x00000000     0x2112 /var/folders/9c/qfhlwqcj6pnfnlg0r104bq2c0000gn/T//ccXo6EtN.debug.temp.o
 .comment       0x00000000       0x25 /var/folders/9c/qfhlwqcj6pnfnlg0r104bq2c0000gn/T//ccXo6EtN.debug.temp.o
 .debug_info    0x00000000      0x475 /var/folders/9c/qfhlwqcj6pnfnlg0r104bq2c0000gn/T//cc3ElgV3.debug.temp.o
 .debug_abbrev  0x00000000       0xc1 /var/folders/9c/qfhlwqcj6pnfnlg0r104bq2c0000gn/T//cc3ElgV3.debug.temp.o
 .debug_line    0x00000000       0xbb /var/folders/9c/qfhlwqcj6pnfnlg0r104bq2c0000gn/T//cc3ElgV3.debug.temp.o
 .debug_str     0x00000000      0xaa8 /var/folders/9c/qfhlwqcj6pnfnlg0r104bq2c0000gn/T//cc3ElgV3.debug.temp.o
 .comment       0x00000000       0x25 /var/folders/9c/qfhlwqcj6pnfnlg0r104bq2c0000gn/T//cc3ElgV3.debug.temp.o
 .debug_info    0x00000000     0x3d1a /var/folders/9c/qfhlwqcj6pnfnlg0r104bq2c0000gn/T//ccTwpDPZ.debug.temp.o
 .debug_abbrev  0x00000000      0x727 /var/folders/9c/qfhlwqcj6pnfnlg0r104bq2c0000gn/T//ccTwpDPZ.debug.temp.o
 .debug_line    0x00000000      0x18e /var/folders/9c/qfhlwqcj6pnfnlg0r104bq2c0000gn/T//ccTwpDPZ.debug.temp.o
 .debug_str     0x00000000     0x4573 /var/folders/9c/qfhlwqcj6pnfnlg0r104bq2c0000gn/T//ccTwpDPZ.debug.temp.o
 .comment       0x00000000       0x25 /var/folders/9c/qfhlwqcj6pnfnlg0r104bq2c0000gn/T//ccTwpDPZ.debug.temp.o
 .debug_info    0x00000000     0x2072 /var/folders/9c/qfhlwqcj6pnfnlg0r104bq2c0000gn/T//ccblQ1Fg.debug.temp.o
 .debug_abbrev  0x00000000      0x5c1 /var/folders/9c/qfhlwqcj6pnfnlg0r104bq2c0000gn/T//ccblQ1Fg.debug.temp.o
 .debug_line    0x00000000      0x16e /var/folders/9c/qfhlwqcj6pnfnlg0r104bq2c0000gn/T//ccblQ1Fg.debug.temp.o
 .debug_str     0x00000000     0x364d /var/folders/9c/qfhlwqcj6pnfnlg0r104bq2c0000gn/T//ccblQ1Fg.debug.temp.o
 .comment       0x00000000       0x25 /var/folders/9c/qfhlwqcj6pnfnlg0r104bq2c0000gn/T//ccblQ1Fg.debug.temp.o
 .debug_info    0x00000000     0x6006 /var/folders/9c/qfhlwqcj6pnfnlg0r104bq2c0000gn/T//ccjN87HP.debug.temp.o
 .debug_abbrev  0x00000000      0x7cf /var/folders/9c/qfhlwqcj6pnfnlg0r104bq2c0000gn/T//ccjN87HP.debug.temp.o
 .debug_line    0x00000000      0x238 /var/folders/9c/qfhlwqcj6pnfnlg0r104bq2c0000gn/T//ccjN87HP.debug.temp.o
 .debug_str     0x00000000     0xebab /var/folders/9c/qfhlwqcj6pnfnlg0r104bq2c0000gn/T//ccjN87HP.debug.temp.o
 .comment       0x00000000       0x25 /var/folders/9c/qfhlwqcj6pnfnlg0r104bq2c0000gn/T//ccjN87HP.debug.temp.o
 .debug_info    0x00000000       0xbe /var/folders/9c/qfhlwqcj6pnfnlg0r104bq2c0000gn/T//ccSikywo.debug.temp.o
 .debug_abbrev  0x00000000       0x88 /var/folders/9c/qfhlwqcj6pnfnlg0r104bq2c0000gn/T//ccSikywo.debug.temp.o
 .debug_line    0x00000000       0x9f /var/folders/9c/qfhlwqcj6pnfnlg0r104bq2c0000gn/T//ccSikywo.debug.temp.o
 .debug_str     0x00000000      0x292 /var/folders/9c/qfhlwqcj6pnfnlg0r104bq2c0000gn/T//ccSikywo.debug.temp.o
 .comment       0x00000000       0x25 /var/folders/9c/qfhlwqcj6pnfnlg0r104bq2c0000gn/T//ccSikywo.debug.temp.o
 .text          0x00000000        0x0 /usr/local/Cellar/avr-gcc@9/9.5.0/lib/avr-gcc/9/gcc/avr/9.5.0/avr5/libgcc.a(_exit.o)
 .data          0x00000000        0x0 /usr/local/Cellar/avr-gcc@9/9.5.0/lib/avr-gcc/9/gcc/avr/9.5.0/avr5/libgcc.a(_exit.o)
 .bss           0x00000000        0x0 /usr/local/Cellar/avr-gcc@9/9.5.0/lib/avr-gcc/9/gcc/avr/9.5.0/avr5/libgcc.a(_exit.o)
 .text.libgcc.mul
                0x00000000        0x0 /usr/local/Cellar/avr-gcc@9/9.5.0/lib/avr-gcc/9/gcc/avr/9.5.0/avr5/libgcc.a(_exit.o)
 .text.libgcc.div
                0x00000000        0x0 /usr/local/Cellar/avr-gcc@9/9.5.0/lib/avr-gcc/9/gcc/avr/9.5.0/avr5/libgcc.a(_exit.o)
 .text.libgcc   0x00000000        0x0 /usr/local/Cellar/avr-gcc@9/9.5.0/lib/avr-gcc/9/gcc/avr/9.5.0/avr5/libgcc.a(_exit.o)
 .text.libgcc.prologue
                0x00000000        0x0 /usr/local/Cellar/avr-gcc@9/9.5.0/lib/avr-gcc/9/gcc/avr/9.5.0/avr5/libgcc.a(_exit.o)
 .text.libgcc.builtins
                0x00000000        0x0 /usr/local/Cellar/avr-gcc@9/9.5.0/lib/avr-gcc/9/gcc/avr/9.5.0/avr5/libgcc.a(_exit.o)
 .text.libgcc.fmul
                0x00000000        0x0 /usr/local/Cellar/avr-gcc@9/9.5.0/lib/avr-gcc/9/gcc/avr/9.5.0/avr5/libgcc.a(_exit.o)
 .text.libgcc.fixed
                0x00000000        0x0 /usr/local/Cellar/avr-gcc@9/9.5.0/lib/avr-gcc/9/gcc/avr/9.5.0/avr5/libgcc.a(_exit.o)
 .text          0x00000000        0x0 /usr/local/Cellar/avr-gcc@9/9.5.0/lib/avr-gcc/9/gcc/avr/9.5.0/avr5/libgcc.a(_mulpsi3.o)
 .data          0x00000000        0x0 /usr/local/Cellar/avr-gcc@9/9.5.0/lib/avr-gcc/9/gcc/avr/9.5.0/avr5/libgcc.a(_mulpsi3.o)
 .bss           0x00000000        0x0 /usr/local/Cellar/avr-gcc@9/9.5.0/lib/avr-gcc/9/gcc/avr/9.5.0/avr5/libgcc.a(_mulpsi3.o)
 .text.libgcc.div
                0x00000000        0x0 /usr/local/Cellar/avr-gcc@9/9.5.0/lib/avr-gcc/9/gcc/avr/9.5.0/avr5/libgcc.a(_mulpsi3.o)
 .text.libgcc   0x00000000        0x0 /usr/local/Cellar/avr-gcc@9/9.5.0/lib/avr-gcc/9/gcc/avr/9.5.0/avr5/libgcc.a(_mulpsi3.o)
 .text.libgcc.prologue
                0x00000000        0x0 /usr/local/Cellar/avr-gcc@9/9.5.0/lib/avr-gcc/9/gcc/avr/9.5.0/avr5/libgcc.a(_mulpsi3.o)
 .text.libgcc.builtins
                0x00000000        0x0 /usr/local/Cellar/avr-gcc@9/9.5.0/lib/avr-gcc/9/gcc/avr/9.5.0/avr5/libgcc.a(_mulpsi3.o)
 .text.libgcc.fmul
                0x00000000        0x0 /usr/local/Cellar/avr-gcc@9/9.5.0/lib/avr-gcc/9/gcc/avr/9.5.0/avr5/libgcc.a(_mulpsi3.o)
 .text.libgcc.fixed
                0x00000000        0x0 /usr/local/Cellar/avr-gcc@9/9.5.0/lib/avr-gcc/9/gcc/avr/9.5.0/avr5/libgcc.a(_mulpsi3.o)
 .text          0x00000000        0x0 /usr/local/Cellar/avr-gcc@9/9.5.0/lib/avr-gcc/9/gcc/avr/9.5.0/avr5/libgcc.a(_tablejump2.o)
 .data          0x00000000        0x0 /usr/local/Cellar/avr-gcc@9/9.5.0/lib/avr-gcc/9/gcc/avr/9.5.0/avr5/libgcc.a(_tablejump2.o)
 .bss           0x00000000        0x0 /usr/local/Cellar/avr-gcc@9/9.5.0/lib/avr-gcc/9/gcc/avr/9.5.0/avr5/libgcc.a(_tablejump2.o)
 .text.libgcc.mul
                0x00000000        0x0 /usr/local/Cellar/avr-gcc@9/9.5.0/lib/avr-gcc/9/gcc/avr/9.5.0/avr5/libgcc.a(_tablejump2.o)
 .text.libgcc.div
                0x00000000        0x0 /usr/local/Cellar/avr-gcc@9/9.5.0/lib/avr-gcc/9/gcc/avr/9.5.0/avr5/libgcc.a(_tablejump2.o)
 .text.libgcc.prologue
                0x00000000        0x0 /usr/local/Cellar/avr-gcc@9/9.5.0/lib/avr-gcc/9/gcc/avr/9.5.0/avr5/libgcc.a(_tablejump2.o)
 .text.libgcc.builtins
                0x00000000        0x0 /usr/local/Cellar/avr-gcc@9/9.5.0/lib/avr-gcc/9/gcc/avr/9.5.0/avr5/libgcc.a(_tablejump2.o)
 .text.libgcc.fmul
                0x00000000        0x0 /usr/local/Cellar/avr-gcc@9/9.5.0/lib/avr-gcc/9/gcc/avr/9.5.0/avr5/libgcc.a(_tablejump2.o)
 .text.libgcc.fixed
                0x00000000        0x0 /usr/local/Cellar/avr-gcc@9/9.5.0/lib/avr-gcc/9/gcc/avr/9.5.0/avr5/libgcc.a(_tablejump2.o)
 .text          0x00000000        0x0 /usr/local/Cellar/avr-gcc@9/9.5.0/lib/avr-gcc/9/gcc/avr/9.5.0/avr5/libgcc.a(_copy_data.o)
 .data          0x00000000        0x0 /usr/local/Cellar/avr-gcc@9/9.5.0/lib/avr-gcc/9/gcc/avr/9.5.0/avr5/libgcc.a(_copy_data.o)
 .bss           0x00000000        0x0 /usr/local/Cellar/avr-gcc@9/9.5.0/lib/avr-gcc/9/gcc/avr/9.5.0/avr5/libgcc.a(_copy_data.o)
 .text.libgcc.mul
                0x00000000        0x0 /usr/local/Cellar/avr-gcc@9/9.5.0/lib/avr-gcc/9/gcc/avr/9.5.0/avr5/libgcc.a(_copy_data.o)
 .text.libgcc.div
                0x00000000        0x0 /usr/local/Cellar/avr-gcc@9/9.5.0/lib/avr-gcc/9/gcc/avr/9.5.0/avr5/libgcc.a(_copy_data.o)
 .text.libgcc   0x00000000        0x0 /usr/local/Cellar/avr-gcc@9/9.5.0/lib/avr-gcc/9/gcc/avr/9.5.0/avr5/libgcc.a(_copy_data.o)
 .text.libgcc.prologue
                0x00000000        0x0 /usr/local/Cellar/avr-gcc@9/9.5.0/lib/avr-gcc/9/gcc/avr/9.5.0/avr5/libgcc.a(_copy_data.o)
 .text.libgcc.builtins
                0x00000000        0x0 /usr/local/Cellar/avr-gcc@9/9.5.0/lib/avr-gcc/9/gcc/avr/9.5.0/avr5/libgcc.a(_copy_data.o)
 .text.libgcc.fmul
                0x00000000        0x0 /usr/local/Cellar/avr-gcc@9/9.5.0/lib/avr-gcc/9/gcc/avr/9.5.0/avr5/libgcc.a(_copy_data.o)
 .text.libgcc.fixed
                0x00000000        0x0 /usr/local/Cellar/avr-gcc@9/9.5.0/lib/avr-gcc/9/gcc/avr/9.5.0/avr5/libgcc.a(_copy_data.o)
 .text          0x00000000        0x0 /usr/local/Cellar/avr-gcc@9/9.5.0/lib/avr-gcc/9/gcc/avr/9.5.0/avr5/libgcc.a(_clear_bss.o)
 .data          0x00000000        0x0 /usr/local/Cellar/avr-gcc@9/9.5.0/lib/avr-gcc/9/gcc/avr/9.5.0/avr5/libgcc.a(_clear_bss.o)
 .bss           0x00000000        0x0 /usr/local/Cellar/avr-gcc@9/9.5.0/lib/avr-gcc/9/gcc/avr/9.5.0/avr5/libgcc.a(_clear_bss.o)
 .text.libgcc.mul
                0x00000000        0x0 /usr/local/Cellar/avr-gcc@9/9.5.0/lib/avr-gcc/9/gcc/avr/9.5.0/avr5/libgcc.a(_clear_bss.o)
 .text.libgcc.div
                0x00000000        0x0 /usr/local/Cellar/avr-gcc@9/9.5.0/lib/avr-gcc/9/gcc/avr/9.5.0/avr5/libgcc.a(_clear_bss.o)
 .text.libgcc   0x00000000        0x0 /usr/local/Cellar/avr-gcc@9/9.5.0/lib/avr-gcc/9/gcc/avr/9.5.0/avr5/libgcc.a(_clear_bss.o)
 .text.libgcc.prologue
                0x00000000        0x0 /usr/local/Cellar/avr-gcc@9/9.5.0/lib/avr-gcc/9/gcc/avr/9.5.0/avr5/libgcc.a(_clear_bss.o)
 .text.libgcc.builtins
                0x00000000        0x0 /usr/local/Cellar/avr-gcc@9/9.5.0/lib/avr-gcc/9/gcc/avr/9.5.0/avr5/libgcc.a(_clear_bss.o)
 .text.libgcc.fmul
                0x00000000        0x0 /usr/local/Cellar/avr-gcc@9/9.5.0/lib/avr-gcc/9/gcc/avr/9.5.0/avr5/libgcc.a(_clear_bss.o)
 .text.libgcc.fixed
                0x00000000        0x0 /usr/local/Cellar/avr-gcc@9/9.5.0/lib/avr-gcc/9/gcc/avr/9.5.0/avr5/libgcc.a(_clear_bss.o)
 .text          0x00000000        0x0 /usr/local/Cellar/avr-gcc@9/9.5.0/lib/avr-gcc/9/gcc/avr/9.5.0/avr5/libgcc.a(_ctors.o)
 .data          0x00000000        0x0 /usr/local/Cellar/avr-gcc@9/9.5.0/lib/avr-gcc/9/gcc/avr/9.5.0/avr5/libgcc.a(_ctors.o)
 .bss           0x00000000        0x0 /usr/local/Cellar/avr-gcc@9/9.5.0/lib/avr-gcc/9/gcc/avr/9.5.0/avr5/libgcc.a(_ctors.o)
 .text.libgcc.mul
                0x00000000        0x0 /usr/local/Cellar/avr-gcc@9/9.5.0/lib/avr-gcc/9/gcc/avr/9.5.0/avr5/libgcc.a(_ctors.o)
 .text.libgcc.div
                0x00000000        0x0 /usr/local/Cellar/avr-gcc@9/9.5.0/lib/avr-gcc/9/gcc/avr/9.5.0/avr5/libgcc.a(_ctors.o)
 .text.libgcc   0x00000000        0x0 /usr/local/Cellar/avr-gcc@9/9.5.0/lib/avr-gcc/9/gcc/avr/9.5.0/avr5/libgcc.a(_ctors.o)
 .text.libgcc.prologue
                0x00000000        0x0 /usr/local/Cellar/avr-gcc@9/9.5.0/lib/avr-gcc/9/gcc/avr/9.5.0/avr5/libgcc.a(_ctors.o)
 .text.libgcc.builtins
                0x00000000        0x0 /usr/local/Cellar/avr-gcc@9/9.5.0/lib/avr-gcc/9/gcc/avr/9.5.0/avr5/libgcc.a(_ctors.o)
 .text.libgcc.fmul
                0x00000000        0x0 /usr/local/Cellar/avr-gcc@9/9.5.0/lib/avr-gcc/9/gcc/avr/9.5.0/avr5/libgcc.a(_ctors.o)
 .text.libgcc.fixed
                0x00000000        0x0 /usr/local/Cellar/avr-gcc@9/9.5.0/lib/avr-gcc/9/gcc/avr/9.5.0/avr5/libgcc.a(_ctors.o)
 .text          0x00000000        0x0 /usr/local/Cellar/avr-gcc@9/9.5.0/lib/avr-gcc/9/gcc/avr/9.5.0/avr5/libgcc.a(_mulsqipsi3.o)
 .data          0x00000000        0x0 /usr/local/Cellar/avr-gcc@9/9.5.0/lib/avr-gcc/9/gcc/avr/9.5.0/avr5/libgcc.a(_mulsqipsi3.o)
 .bss           0x00000000        0x0 /usr/local/Cellar/avr-gcc@9/9.5.0/lib/avr-gcc/9/gcc/avr/9.5.0/avr5/libgcc.a(_mulsqipsi3.o)
 .text.libgcc.div
                0x00000000        0x0 /usr/local/Cellar/avr-gcc@9/9.5.0/lib/avr-gcc/9/gcc/avr/9.5.0/avr5/libgcc.a(_mulsqipsi3.o)
 .text.libgcc   0x00000000        0x0 /usr/local/Cellar/avr-gcc@9/9.5.0/lib/avr-gcc/9/gcc/avr/9.5.0/avr5/libgcc.a(_mulsqipsi3.o)
 .text.libgcc.prologue
                0x00000000        0x0 /usr/local/Cellar/avr-gcc@9/9.5.0/lib/avr-gcc/9/gcc/avr/9.5.0/avr5/libgcc.a(_mulsqipsi3.o)
 .text.libgcc.builtins
                0x00000000        0x0 /usr/local/Cellar/avr-gcc@9/9.5.0/lib/avr-gcc/9/gcc/avr/9.5.0/avr5/libgcc.a(_mulsqipsi3.o)
 .text.libgcc.fmul
                0x00000000        0x0 /usr/local/Cellar/avr-gcc@9/9.5.0/lib/avr-gcc/9/gcc/avr/9.5.0/avr5/libgcc.a(_mulsqipsi3.o)
 .text.libgcc.fixed
                0x00000000        0x0 /usr/local/Cellar/avr-gcc@9/9.5.0/lib/avr-gcc/9/gcc/avr/9.5.0/avr5/libgcc.a(_mulsqipsi3.o)
 .text          0x00000000        0x0 /usr/local/Cellar/avr-gcc@9/9.5.0/lib/avr-gcc/9/gcc/avr/9.5.0/avr5/libgcc.a(_umulhisi3.o)
 .data          0x00000000        0x0 /usr/local/Cellar/avr-gcc@9/9.5.0/lib/avr-gcc/9/gcc/avr/9.5.0/avr5/libgcc.a(_umulhisi3.o)
 .bss           0x00000000        0x0 /usr/local/Cellar/avr-gcc@9/9.5.0/lib/avr-gcc/9/gcc/avr/9.5.0/avr5/libgcc.a(_umulhisi3.o)
 .text.libgcc.div
                0x00000000        0x0 /usr/local/Cellar/avr-gcc@9/9.5.0/lib/avr-gcc/9/gcc/avr/9.5.0/avr5/libgcc.a(_umulhisi3.o)
 .text.libgcc   0x00000000        0x0 /usr/local/Cellar/avr-gcc@9/9.5.0/lib/avr-gcc/9/gcc/avr/9.5.0/avr5/libgcc.a(_umulhisi3.o)
 .text.libgcc.prologue
                0x00000000        0x0 /usr/local/Cellar/avr-gcc@9/9.5.0/lib/avr-gcc/9/gcc/avr/9.5.0/avr5/libgcc.a(_umulhisi3.o)
 .text.libgcc.builtins
                0x00000000        0x0 /usr/local/Cellar/avr-gcc@9/9.5.0/lib/avr-gcc/9/gcc/avr/9.5.0/avr5/libgcc.a(_umulhisi3.o)
 .text.libgcc.fmul
                0x00000000        0x0 /usr/local/Cellar/avr-gcc@9/9.5.0/lib/avr-gcc/9/gcc/avr/9.5.0/avr5/libgcc.a(_umulhisi3.o)
 .text.libgcc.fixed
                0x00000000        0x0 /usr/local/Cellar/avr-gcc@9/9.5.0/lib/avr-gcc/9/gcc/avr/9.5.0/avr5/libgcc.a(_umulhisi3.o)
 .text          0x00000000        0x0 /usr/local/Cellar/avr-gcc@9/9.5.0/lib/avr-gcc/9/gcc/avr/9.5.0/avr5/libgcc.a(_usmulhisi3.o)
 .data          0x00000000        0x0 /usr/local/Cellar/avr-gcc@9/9.5.0/lib/avr-gcc/9/gcc/avr/9.5.0/avr5/libgcc.a(_usmulhisi3.o)
 .bss           0x00000000        0x0 /usr/local/Cellar/avr-gcc@9/9.5.0/lib/avr-gcc/9/gcc/avr/9.5.0/avr5/libgcc.a(_usmulhisi3.o)
 .text.libgcc.div
                0x00000000        0x0 /usr/local/Cellar/avr-gcc@9/9.5.0/lib/avr-gcc/9/gcc/avr/9.5.0/avr5/libgcc.a(_usmulhisi3.o)
 .text.libgcc   0x00000000        0x0 /usr/local/Cellar/avr-gcc@9/9.5.0/lib/avr-gcc/9/gcc/avr/9.5.0/avr5/libgcc.a(_usmulhisi3.o)
 .text.libgcc.prologue
                0x00000000        0x0 /usr/local/Cellar/avr-gcc@9/9.5.0/lib/avr-gcc/9/gcc/avr/9.5.0/avr5/libgcc.a(_usmulhisi3.o)
 .text.libgcc.builtins
                0x00000000        0x0 /usr/local/Cellar/avr-gcc@9/9.5.0/lib/avr-gcc/9/gcc/avr/9.5.0/avr5/libgcc.a(_usmulhisi3.o)
 .text.libgcc.fmul
                0x00000000        0x0 /usr/local/Cellar/avr-gcc@9/9.5.0/lib/avr-gcc/9/gcc/avr/9.5.0/avr5/libgcc.a(_usmulhisi3.o)
 .text.libgcc.fixed
                0x00000000        0x0 /usr/local/Cellar/avr-gcc@9/9.5.0/lib/avr-gcc/9/gcc/avr/9.5.0/avr5/libgcc.a(_usmulhisi3.o)
 .text          0x00000000        0x0 /usr/local/Cellar/avr-gcc@9/9.5.0/lib/avr-gcc/9/gcc/avr/9.5.0/avr5/libgcc.a(_muluhisi3.o)
 .data          0x00000000        0x0 /usr/local/Cellar/avr-gcc@9/9.5.0/lib/avr-gcc/9/gcc/avr/9.5.0/avr5/libgcc.a(_muluhisi3.o)
 .bss           0x00000000        0x0 /usr/local/Cellar/avr-gcc@9/9.5.0/lib/avr-gcc/9/gcc/avr/9.5.0/avr5/libgcc.a(_muluhisi3.o)
 .text.libgcc.div
                0x00000000        0x0 /usr/local/Cellar/avr-gcc@9/9.5.0/lib/avr-gcc/9/gcc/avr/9.5.0/avr5/libgcc.a(_muluhisi3.o)
 .text.libgcc   0x00000000        0x0 /usr/local/Cellar/avr-gcc@9/9.5.0/lib/avr-gcc/9/gcc/avr/9.5.0/avr5/libgcc.a(_muluhisi3.o)
 .text.libgcc.prologue
                0x00000000        0x0 /usr/local/Cellar/avr-gcc@9/9.5.0/lib/avr-gcc/9/gcc/avr/9.5.0/avr5/libgcc.a(_muluhisi3.o)
 .text.libgcc.builtins
                0x00000000        0x0 /usr/local/Cellar/avr-gcc@9/9.5.0/lib/avr-gcc/9/gcc/avr/9.5.0/avr5/libgcc.a(_muluhisi3.o)
 .text.libgcc.fmul
                0x00000000        0x0 /usr/local/Cellar/avr-gcc@9/9.5.0/lib/avr-gcc/9/gcc/avr/9.5.0/avr5/libgcc.a(_muluhisi3.o)
 .text.libgcc.fixed
                0x00000000        0x0 /usr/local/Cellar/avr-gcc@9/9.5.0/lib/avr-gcc/9/gcc/avr/9.5.0/avr5/libgcc.a(_muluhisi3.o)
 .text          0x00000000        0x0 /usr/local/Cellar/avr-gcc@9/9.5.0/lib/avr-gcc/9/gcc/avr/9.5.0/avr5/libgcc.a(_prologue.o)
 .data          0x00000000        0x0 /usr/local/Cellar/avr-gcc@9/9.5.0/lib/avr-gcc/9/gcc/avr/9.5.0/avr5/libgcc.a(_prologue.o)
 .bss           0x00000000        0x0 /usr/local/Cellar/avr-gcc@9/9.5.0/lib/avr-gcc/9/gcc/avr/9.5.0/avr5/libgcc.a(_prologue.o)
 .text.libgcc.mul
                0x00000000        0x0 /usr/local/Cellar/avr-gcc@9/9.5.0/lib/avr-gcc/9/gcc/avr/9.5.0/avr5/libgcc.a(_prologue.o)
 .text.libgcc.div
                0x00000000        0x0 /usr/local/Cellar/avr-gcc@9/9.5.0/lib/avr-gcc/9/gcc/avr/9.5.0/avr5/libgcc.a(_prologue.o)
 .text.libgcc   0x00000000        0x0 /usr/local/Cellar/avr-gcc@9/9.5.0/lib/avr-gcc/9/gcc/avr/9.5.0/avr5/libgcc.a(_prologue.o)
 .text.libgcc.builtins
                0x00000000        0x0 /usr/local/Cellar/avr-gcc@9/9.5.0/lib/avr-gcc/9/gcc/avr/9.5.0/avr5/libgcc.a(_prologue.o)
 .text.libgcc.fmul
                0x00000000        0x0 /usr/local/Cellar/avr-gcc@9/9.5.0/lib/avr-gcc/9/gcc/avr/9.5.0/avr5/libgcc.a(_prologue.o)
 .text.libgcc.fixed
                0x00000000        0x0 /usr/local/Cellar/avr-gcc@9/9.5.0/lib/avr-gcc/9/gcc/avr/9.5.0/avr5/libgcc.a(_prologue.o)
 .text          0x00000000        0x0 /usr/local/Cellar/avr-gcc@9/9.5.0/lib/avr-gcc/9/gcc/avr/9.5.0/avr5/libgcc.a(_epilogue.o)
 .data          0x00000000        0x0 /usr/local/Cellar/avr-gcc@9/9.5.0/lib/avr-gcc/9/gcc/avr/9.5.0/avr5/libgcc.a(_epilogue.o)
 .bss           0x00000000        0x0 /usr/local/Cellar/avr-gcc@9/9.5.0/lib/avr-gcc/9/gcc/avr/9.5.0/avr5/libgcc.a(_epilogue.o)
 .text.libgcc.mul
                0x00000000        0x0 /usr/local/Cellar/avr-gcc@9/9.5.0/lib/avr-gcc/9/gcc/avr/9.5.0/avr5/libgcc.a(_epilogue.o)
 .text.libgcc.div
                0x00000000        0x0 /usr/local/Cellar/avr-gcc@9/9.5.0/lib/avr-gcc/9/gcc/avr/9.5.0/avr5/libgcc.a(_epilogue.o)
 .text.libgcc   0x00000000        0x0 /usr/local/Cellar/avr-gcc@9/9.5.0/lib/avr-gcc/9/gcc/avr/9.5.0/avr5/libgcc.a(_epilogue.o)
 .text.libgcc.builtins
                0x00000000        0x0 /usr/local/Cellar/avr-gcc@9/9.5.0/lib/avr-gcc/9/gcc/avr/9.5.0/avr5/libgcc.a(_epilogue.o)
 .text.libgcc.fmul
                0x00000000        0x0 /usr/local/Cellar/avr-gcc@9/9.5.0/lib/avr-gcc/9/gcc/avr/9.5.0/avr5/libgcc.a(_epilogue.o)
 .text.libgcc.fixed
                0x00000000        0x0 /usr/local/Cellar/avr-gcc@9/9.5.0/lib/avr-gcc/9/gcc/avr/9.5.0/avr5/libgcc.a(_epilogue.o)
 .text          0x00000000        0x0 /usr/local/Cellar/avr-gcc@9/9.5.0/lib/avr-gcc/9/gcc/avr/9.5.0/../../../../../../avr/lib/avr5/libc.a(memcpy_P.o)
 .data          0x00000000        0x0 /usr/local/Cellar/avr-gcc@9/9.5.0/lib/avr-gcc/9/gcc/avr/9.5.0/../../../../../../avr/lib/avr5/libc.a(memcpy_P.o)
 .bss           0x00000000        0x0 /usr/local/Cellar/avr-gcc@9/9.5.0/lib/avr-gcc/9/gcc/avr/9.5.0/../../../../../../avr/lib/avr5/libc.a(memcpy_P.o)
 .text          0x00000000        0x0 /usr/local/Cellar/avr-gcc@9/9.5.0/lib/avr-gcc/9/gcc/avr/9.5.0/../../../../../../avr/lib/avr5/libc.a(memchr.o)
 .data          0x00000000        0x0 /usr/local/Cellar/avr-gcc@9/9.5.0/lib/avr-gcc/9/gcc/avr/9.5.0/../../../../../../avr/lib/avr5/libc.a(memchr.o)
 .bss           0x00000000        0x0 /usr/local/Cellar/avr-gcc@9/9.5.0/lib/avr-gcc/9/gcc/avr/9.5.0/../../../../../../avr/lib/avr5/libc.a(memchr.o)
 .text.avr-libc
                0x00000000       0x1a /usr/local/Cellar/avr-gcc@9/9.5.0/lib/avr-gcc/9/gcc/avr/9.5.0/../../../../../../avr/lib/avr5/libc.a(memchr.o)
 .text          0x00000000        0x0 /usr/local/Cellar/avr-gcc@9/9.5.0/lib/avr-gcc/9/gcc/avr/9.5.0/../../../../../../avr/lib/avr5/libatmega328p.a(eerd_byte.o)
 .data          0x00000000        0x0 /usr/local/Cellar/avr-gcc@9/9.5.0/lib/avr-gcc/9/gcc/avr/9.5.0/../../../../../../avr/lib/avr5/libatmega328p.a(eerd_byte.o)
 .bss           0x00000000        0x0 /usr/local/Cellar/avr-gcc@9/9.5.0/lib/avr-gcc/9/gcc/avr/9.5.0/../../../../../../avr/lib/avr5/libatmega328p.a(eerd_byte.o)
 .text          0x00000000        0x0 /usr/local/Cellar/avr-gcc@9/9.5.0/lib/avr-gcc/9/gcc/avr/9.5.0/../../../../../../avr/lib/avr5/libatmega328p.a(eewr_byte.o)
 .data          0x00000000        0x0 /usr/local/Cellar/avr-gcc@9/9.5.0/lib/avr-gcc/9/gcc/avr/9.5.0/../../../../../../avr/lib/avr5/libatmega328p.a(eewr_byte.o)
 .bss           0x00000000        0x0 /usr/local/Cellar/avr-gcc@9/9.5.0/lib/avr-gcc/9/gcc/avr/9.5.0/../../../../../../avr/lib/avr5/libatmega328p.a(eewr_byte.o)

Memory Configuration

Name             Origin             Length             Attributes
text             0x00000000         0x00020000         xr
data             0x00800060         0x0000ffa0         rw!x
eeprom           0x00810000         0x00010000         rw!x
fuse             0x00820000         0x00000003         rw!x
lock             0x00830000         0x00000400         rw!x
signature        0x00840000         0x00000400         rw!x
user_signatures  0x00850000         0x00000400         rw!x
*default*        0x00000000         0xffffffff

Linker script and memory map

Address of section .data set to 0x800100
LOAD /usr/local/Cellar/avr-gcc@9/9.5.0/lib/avr-gcc/9/gcc/avr/9.5.0/../../../../../../avr/lib/avr5/crtatmega328p.o
LOAD /usr/local/Cellar/avr-gcc@9/9.5.0/lib/avr-gcc/9/gcc/avr/9.5.0/../../../../../../avr/lib/avr5/libm.a
LOAD /var/folders/9c/qfhlwqcj6pnfnlg0r104bq2c0000gn/T/kz-voicecard-classic-e2b2w2ur/ambika_voicecard/adc.o
LOAD /var/folders/9c/qfhlwqcj6pnfnlg0r104bq2c0000gn/T//ambika_voicecard.elf.sJC2yK.ltrans0.ltrans.o
LOAD /var/folders/9c/qfhlwqcj6pnfnlg0r104bq2c0000gn/T//cc1lVwV3.debug.temp.o
LOAD /var/folders/9c/qfhlwqcj6pnfnlg0r104bq2c0000gn/T//ccc1Jr0A.debug.temp.o
LOAD /var/folders/9c/qfhlwqcj6pnfnlg0r104bq2c0000gn/T//ccCauerH.debug.temp.o
LOAD /var/folders/9c/qfhlwqcj6pnfnlg0r104bq2c0000gn/T//cc6z0yzz.debug.temp.o
LOAD /var/folders/9c/qfhlwqcj6pnfnlg0r104bq2c0000gn/T//cc9yyfIO.debug.temp.o
LOAD /var/folders/9c/qfhlwqcj6pnfnlg0r104bq2c0000gn/T//ccFDeKSv.debug.temp.o
LOAD /var/folders/9c/qfhlwqcj6pnfnlg0r104bq2c0000gn/T//ccqqPOq8.debug.temp.o
LOAD /var/folders/9c/qfhlwqcj6pnfnlg0r104bq2c0000gn/T//ccXo6EtN.debug.temp.o
LOAD /var/folders/9c/qfhlwqcj6pnfnlg0r104bq2c0000gn/T//cc3ElgV3.debug.temp.o
LOAD /var/folders/9c/qfhlwqcj6pnfnlg0r104bq2c0000gn/T//ccTwpDPZ.debug.temp.o
LOAD /var/folders/9c/qfhlwqcj6pnfnlg0r104bq2c0000gn/T//ccblQ1Fg.debug.temp.o
LOAD /var/folders/9c/qfhlwqcj6pnfnlg0r104bq2c0000gn/T//ccjN87HP.debug.temp.o
LOAD /var/folders/9c/qfhlwqcj6pnfnlg0r104bq2c0000gn/T//ccSikywo.debug.temp.o
LOAD /var/folders/9c/qfhlwqcj6pnfnlg0r104bq2c0000gn/T/kz-voicecard-classic-e2b2w2ur/ambika_voicecard/random.o
LOAD /var/folders/9c/qfhlwqcj6pnfnlg0r104bq2c0000gn/T/kz-voicecard-classic-e2b2w2ur/ambika_voicecard/serial.o
LOAD /var/folders/9c/qfhlwqcj6pnfnlg0r104bq2c0000gn/T/kz-voicecard-classic-e2b2w2ur/ambika_voicecard/string.o
LOAD /var/folders/9c/qfhlwqcj6pnfnlg0r104bq2c0000gn/T/kz-voicecard-classic-e2b2w2ur/ambika_voicecard/time.o
LOAD /var/folders/9c/qfhlwqcj6pnfnlg0r104bq2c0000gn/T/kz-voicecard-classic-e2b2w2ur/ambika_voicecard/wii_nunchuk.o
LOAD /var/folders/9c/qfhlwqcj6pnfnlg0r104bq2c0000gn/T/kz-voicecard-classic-e2b2w2ur/ambika_voicecard/audio_out.o
LOAD /var/folders/9c/qfhlwqcj6pnfnlg0r104bq2c0000gn/T/kz-voicecard-classic-e2b2w2ur/ambika_voicecard/oscillator.o
LOAD /var/folders/9c/qfhlwqcj6pnfnlg0r104bq2c0000gn/T/kz-voicecard-classic-e2b2w2ur/ambika_voicecard/resources.o
LOAD /var/folders/9c/qfhlwqcj6pnfnlg0r104bq2c0000gn/T/kz-voicecard-classic-e2b2w2ur/ambika_voicecard/voice.o
LOAD /var/folders/9c/qfhlwqcj6pnfnlg0r104bq2c0000gn/T/kz-voicecard-classic-e2b2w2ur/ambika_voicecard/voicecard_rx.o
LOAD /var/folders/9c/qfhlwqcj6pnfnlg0r104bq2c0000gn/T/kz-voicecard-classic-e2b2w2ur/ambika_voicecard/voicecard.o
LOAD /var/folders/9c/qfhlwqcj6pnfnlg0r104bq2c0000gn/T/kz-voicecard-classic-e2b2w2ur/ambika_voicecard/wavetables.o
START GROUP
LOAD /usr/local/Cellar/avr-gcc@9/9.5.0/lib/avr-gcc/9/gcc/avr/9.5.0/avr5/libgcc.a
LOAD /usr/local/Cellar/avr-gcc@9/9.5.0/lib/avr-gcc/9/gcc/avr/9.5.0/../../../../../../avr/lib/avr5/libm.a
LOAD /usr/local/Cellar/avr-gcc@9/9.5.0/lib/avr-gcc/9/gcc/avr/9.5.0/../../../../../../avr/lib/avr5/libc.a
LOAD /usr/local/Cellar/avr-gcc@9/9.5.0/lib/avr-gcc/9/gcc/avr/9.5.0/../../../../../../avr/lib/avr5/libatmega328p.a
END GROUP
                0x00000000                        __TEXT_REGION_ORIGIN__ = DEFINED (__TEXT_REGION_ORIGIN__)?__TEXT_REGION_ORIGIN__:0x0
                0x00020000                        __TEXT_REGION_LENGTH__ = DEFINED (__TEXT_REGION_LENGTH__)?__TEXT_REGION_LENGTH__:0x20000
                0x00800060                        __DATA_REGION_ORIGIN__ = DEFINED (__DATA_REGION_ORIGIN__)?__DATA_REGION_ORIGIN__:0x800060
                0x0000ffa0                        __DATA_REGION_LENGTH__ = DEFINED (__DATA_REGION_LENGTH__)?__DATA_REGION_LENGTH__:0xffa0
                0x00010000                        __EEPROM_REGION_LENGTH__ = DEFINED (__EEPROM_REGION_LENGTH__)?__EEPROM_REGION_LENGTH__:0x10000
                [0x00000003]                      __FUSE_REGION_LENGTH__ = DEFINED (__FUSE_REGION_LENGTH__)?__FUSE_REGION_LENGTH__:0x400
                0x00000400                        __LOCK_REGION_LENGTH__ = DEFINED (__LOCK_REGION_LENGTH__)?__LOCK_REGION_LENGTH__:0x400
                0x00000400                        __SIGNATURE_REGION_LENGTH__ = DEFINED (__SIGNATURE_REGION_LENGTH__)?__SIGNATURE_REGION_LENGTH__:0x400
                0x00000400                        __USER_SIGNATURE_REGION_LENGTH__ = DEFINED (__USER_SIGNATURE_REGION_LENGTH__)?__USER_SIGNATURE_REGION_LENGTH__:0x400

.hash
 *(.hash)

.dynsym
 *(.dynsym)

.dynstr
 *(.dynstr)

.gnu.version
 *(.gnu.version)

.gnu.version_d
 *(.gnu.version_d)

.gnu.version_r
 *(.gnu.version_r)

.rel.init
 *(.rel.init)

.rela.init
 *(.rela.init)

.rel.text
 *(.rel.text)
 *(.rel.text.*)
 *(.rel.gnu.linkonce.t*)

.rela.text
 *(.rela.text)
 *(.rela.text.*)
 *(.rela.gnu.linkonce.t*)

.rel.fini
 *(.rel.fini)

.rela.fini
 *(.rela.fini)

.rel.rodata
 *(.rel.rodata)
 *(.rel.rodata.*)
 *(.rel.gnu.linkonce.r*)

.rela.rodata
 *(.rela.rodata)
 *(.rela.rodata.*)
 *(.rela.gnu.linkonce.r*)

.rel.data
 *(.rel.data)
 *(.rel.data.*)
 *(.rel.gnu.linkonce.d*)

.rela.data
 *(.rela.data)
 *(.rela.data.*)
 *(.rela.gnu.linkonce.d*)

.rel.ctors
 *(.rel.ctors)

.rela.ctors
 *(.rela.ctors)

.rel.dtors
 *(.rel.dtors)

.rela.dtors
 *(.rela.dtors)

.rel.got
 *(.rel.got)

.rela.got
 *(.rela.got)

.rel.bss
 *(.rel.bss)

.rela.bss
 *(.rela.bss)

.rel.plt
 *(.rel.plt)

.rela.plt
 *(.rela.plt)

.text           0x00000000     0x7618
 *(.vectors)
 .vectors       0x00000000       0x68 /usr/local/Cellar/avr-gcc@9/9.5.0/lib/avr-gcc/9/gcc/avr/9.5.0/../../../../../../avr/lib/avr5/crtatmega328p.o
                0x00000000                __vectors
                0x00000000                __vector_default
 *(.vectors)
                0x00000068                        __progmem_start = .
 *(.progmem)
 *(.progmem.*)
 .progmem.data  0x00000068     0x4b27 /var/folders/9c/qfhlwqcj6pnfnlg0r104bq2c0000gn/T//ambika_voicecard.elf.sJC2yK.ltrans0.ltrans.o
                0x00004b8f                        __progmem_end = .
                0x00000001                        ASSERT (((__progmem_start == __progmem_end) || (__progmem_end <= 0x10000)), .progmem section exceeds 0x10000)
                0x00004b90                        . = ALIGN (0x2)
 *fill*         0x00004b8f        0x1 
                0x00004b90                        __trampolines_start = .
 *(.trampolines)
 .trampolines   0x00004b90        0x0 linker stubs
 *(.trampolines*)
                0x00004b90                        __trampolines_end = .
                0x00004b90                        . = ALIGN (0x2)
 *(.lowtext)
 *(.lowtext*)
                0x00004b90                        __ctors_start = .
 *(.ctors)
 .ctors         0x00004b90        0x2 /var/folders/9c/qfhlwqcj6pnfnlg0r104bq2c0000gn/T//ambika_voicecard.elf.sJC2yK.ltrans0.ltrans.o
                0x00004b92                        __ctors_end = .
                0x00004b92                        __dtors_start = .
 *(.dtors)
                0x00004b92                        __dtors_end = .
 SORT_BY_NAME(*)(.ctors)
 SORT_BY_NAME(*)(.dtors)
 *(.init0)
 .init0         0x00004b92        0x0 /usr/local/Cellar/avr-gcc@9/9.5.0/lib/avr-gcc/9/gcc/avr/9.5.0/../../../../../../avr/lib/avr5/crtatmega328p.o
                0x00004b92                __init
 *(.init0)
 *(.init1)
 *(.init1)
 *(.init2)
 .init2         0x00004b92        0xc /usr/local/Cellar/avr-gcc@9/9.5.0/lib/avr-gcc/9/gcc/avr/9.5.0/../../../../../../avr/lib/avr5/crtatmega328p.o
 *(.init2)
 *(.init3)
 *(.init3)
 *(.init4)
 .init4         0x00004b9e       0x16 /usr/local/Cellar/avr-gcc@9/9.5.0/lib/avr-gcc/9/gcc/avr/9.5.0/avr5/libgcc.a(_copy_data.o)
                0x00004b9e                __do_copy_data
 .init4         0x00004bb4       0x10 /usr/local/Cellar/avr-gcc@9/9.5.0/lib/avr-gcc/9/gcc/avr/9.5.0/avr5/libgcc.a(_clear_bss.o)
                0x00004bb4                __do_clear_bss
 *(.init4)
 *(.init5)
 *(.init5)
 *(.init6)
 .init6         0x00004bc4       0x16 /usr/local/Cellar/avr-gcc@9/9.5.0/lib/avr-gcc/9/gcc/avr/9.5.0/avr5/libgcc.a(_ctors.o)
                0x00004bc4                __do_global_ctors
 *(.init6)
 *(.init7)
 *(.init7)
 *(.init8)
 *(.init8)
 *(.init9)
 .init9         0x00004bda        0x8 /usr/local/Cellar/avr-gcc@9/9.5.0/lib/avr-gcc/9/gcc/avr/9.5.0/../../../../../../avr/lib/avr5/crtatmega328p.o
 *(.init9)
 *(.text)
 .text          0x00004be2        0x4 /usr/local/Cellar/avr-gcc@9/9.5.0/lib/avr-gcc/9/gcc/avr/9.5.0/../../../../../../avr/lib/avr5/crtatmega328p.o
                0x00004be2                __vector_20
                0x00004be2                __vector_1
                0x00004be2                __vector_24
                0x00004be2                __vector_12
                0x00004be2                __bad_interrupt
                0x00004be2                __vector_6
                0x00004be2                __vector_3
                0x00004be2                __vector_23
                0x00004be2                __vector_25
                0x00004be2                __vector_11
                0x00004be2                __vector_13
                0x00004be2                __vector_17
                0x00004be2                __vector_19
                0x00004be2                __vector_7
                0x00004be2                __vector_5
                0x00004be2                __vector_4
                0x00004be2                __vector_2
                0x00004be2                __vector_21
                0x00004be2                __vector_15
                0x00004be2                __vector_8
                0x00004be2                __vector_14
                0x00004be2                __vector_10
                0x00004be2                __vector_16
                0x00004be2                __vector_22
 .text          0x00004be6     0x13d4 /var/folders/9c/qfhlwqcj6pnfnlg0r104bq2c0000gn/T//ambika_voicecard.elf.sJC2yK.ltrans0.ltrans.o
                0x00005e5e                __vector_9
                0x00005f76                __vector_18
                0x00005fba                        . = ALIGN (0x2)
 *(.text.*)
 .text.startup  0x00005fba     0x152c /var/folders/9c/qfhlwqcj6pnfnlg0r104bq2c0000gn/T//ambika_voicecard.elf.sJC2yK.ltrans0.ltrans.o
                0x00005fba                main
 .text.libgcc.mul
                0x000074e6       0x12 /usr/local/Cellar/avr-gcc@9/9.5.0/lib/avr-gcc/9/gcc/avr/9.5.0/avr5/libgcc.a(_mulpsi3.o)
                0x000074e6                __mulpsi3
 .text.libgcc   0x000074f8        0xc /usr/local/Cellar/avr-gcc@9/9.5.0/lib/avr-gcc/9/gcc/avr/9.5.0/avr5/libgcc.a(_tablejump2.o)
                0x000074f8                __tablejump2__
 .text.libgcc.mul
                0x00007504       0x1a /usr/local/Cellar/avr-gcc@9/9.5.0/lib/avr-gcc/9/gcc/avr/9.5.0/avr5/libgcc.a(_mulsqipsi3.o)
                0x00007504                __mulsqipsi3
 .text.libgcc.mul
                0x0000751e       0x1e /usr/local/Cellar/avr-gcc@9/9.5.0/lib/avr-gcc/9/gcc/avr/9.5.0/avr5/libgcc.a(_umulhisi3.o)
                0x0000751e                __umulhisi3
 .text.libgcc.mul
                0x0000753c        0xc /usr/local/Cellar/avr-gcc@9/9.5.0/lib/avr-gcc/9/gcc/avr/9.5.0/avr5/libgcc.a(_usmulhisi3.o)
                0x0000753c                __usmulhisi3
                0x0000753e                __usmulhisi3_tail
 .text.libgcc.mul
                0x00007548       0x14 /usr/local/Cellar/avr-gcc@9/9.5.0/lib/avr-gcc/9/gcc/avr/9.5.0/avr5/libgcc.a(_muluhisi3.o)
                0x00007548                __muluhisi3
 .text.libgcc.prologue
                0x0000755c       0x38 /usr/local/Cellar/avr-gcc@9/9.5.0/lib/avr-gcc/9/gcc/avr/9.5.0/avr5/libgcc.a(_prologue.o)
                0x0000755c                __prologue_saves__
 .text.libgcc.prologue
                0x00007594       0x36 /usr/local/Cellar/avr-gcc@9/9.5.0/lib/avr-gcc/9/gcc/avr/9.5.0/avr5/libgcc.a(_epilogue.o)
                0x00007594                __epilogue_restores__
 .text.avr-libc
                0x000075ca       0x12 /usr/local/Cellar/avr-gcc@9/9.5.0/lib/avr-gcc/9/gcc/avr/9.5.0/../../../../../../avr/lib/avr5/libc.a(memcpy_P.o)
                0x000075ca                memcpy_P
 .text.avr-libc
                0x000075dc       0x10 /usr/local/Cellar/avr-gcc@9/9.5.0/lib/avr-gcc/9/gcc/avr/9.5.0/../../../../../../avr/lib/avr5/libatmega328p.a(eerd_byte.o)
                0x000075dc                eeprom_read_byte
 .text.avr-libc
                0x000075ec       0x1c /usr/local/Cellar/avr-gcc@9/9.5.0/lib/avr-gcc/9/gcc/avr/9.5.0/../../../../../../avr/lib/avr5/libatmega328p.a(eewr_byte.o)
                0x000075ec                eeprom_write_byte
                0x000075ee                eeprom_write_r18
                0x00007608                        . = ALIGN (0x2)
 *(.fini9)
 .fini9         0x00007608        0x0 /usr/local/Cellar/avr-gcc@9/9.5.0/lib/avr-gcc/9/gcc/avr/9.5.0/avr5/libgcc.a(_exit.o)
                0x00007608                exit
                0x00007608                _exit
 *(.fini9)
 *(.fini8)
 *(.fini8)
 *(.fini7)
 *(.fini7)
 *(.fini6)
 *(.fini6)
 *(.fini5)
 *(.fini5)
 *(.fini4)
 *(.fini4)
 *(.fini3)
 *(.fini3)
 *(.fini2)
 *(.fini2)
 *(.fini1)
 *(.fini1)
 *(.fini0)
 .fini0         0x00007608        0x4 /usr/local/Cellar/avr-gcc@9/9.5.0/lib/avr-gcc/9/gcc/avr/9.5.0/avr5/libgcc.a(_exit.o)
 *(.fini0)
 *(.hightext)
 *(.hightext*)
 *(.progmemx)
 *(.progmemx.*)
                0x0000760c                        . = ALIGN (0x2)
 *(.jumptables)
 *(.jumptables*)
 .jumptables.gcc.main
                0x0000760c        0xc /var/folders/9c/qfhlwqcj6pnfnlg0r104bq2c0000gn/T//ambika_voicecard.elf.sJC2yK.ltrans0.ltrans.o
                0x00007618                        _etext = .

.data           0x00800100       0x52 load address 0x00007618
                0x00800100                        PROVIDE (__data_start = .)
 *(.data)
 .data          0x00800100        0x2 /var/folders/9c/qfhlwqcj6pnfnlg0r104bq2c0000gn/T//ambika_voicecard.elf.sJC2yK.ltrans0.ltrans.o
 *(.data*)
 *(.gnu.linkonce.d*)
 *(.rodata)
 .rodata        0x00800102       0x50 /var/folders/9c/qfhlwqcj6pnfnlg0r104bq2c0000gn/T//ambika_voicecard.elf.sJC2yK.ltrans0.ltrans.o
 *(.rodata*)
 *(.gnu.linkonce.r*)
                0x00800152                        . = ALIGN (0x2)
                0x00800152                        _edata = .
                0x00800152                        PROVIDE (__data_end = .)

.bss            0x00800152      0x3df
                0x00800152                        PROVIDE (__bss_start = .)
 *(.bss)
 .bss           0x00800152      0x3df /var/folders/9c/qfhlwqcj6pnfnlg0r104bq2c0000gn/T//ambika_voicecard.elf.sJC2yK.ltrans0.ltrans.o
 *(.bss*)
 *(COMMON)
                0x00800531                        PROVIDE (__bss_end = .)
                0x00007618                        __data_load_start = LOADADDR (.data)
                0x0000766a                        __data_load_end = (__data_load_start + SIZEOF (.data))

.noinit         0x00800531        0x0
                [!provide]                        PROVIDE (__noinit_start = .)
 *(.noinit .noinit.* .gnu.linkonce.n.*)
                [!provide]                        PROVIDE (__noinit_end = .)
                0x00800531                        _end = .
                [!provide]                        PROVIDE (__heap_start = .)
                0x00000000                        __flmap_init_label = DEFINED (__flmap_noinit_start)?__flmap_noinit_start:0x0
                0x00000000                        __flmap = DEFINED (__flmap)?__flmap:0x0

.eeprom         0x00810000        0x0
 *(.eeprom*)
                0x00810000                        __eeprom_end = .

.fuse
 *(.fuse)
 *(.lfuse)
 *(.hfuse)
 *(.efuse)

.lock
 *(.lock*)

.signature
 *(.signature*)

.stab
 *(.stab)

.stabstr
 *(.stabstr)

.stab.excl
 *(.stab.excl)

.stab.exclstr
 *(.stab.exclstr)

.stab.index
 *(.stab.index)

.stab.indexstr
 *(.stab.indexstr)

.comment        0x00000000       0x24
 *(.comment)
 .comment       0x00000000       0x24 /var/folders/9c/qfhlwqcj6pnfnlg0r104bq2c0000gn/T//ambika_voicecard.elf.sJC2yK.ltrans0.ltrans.o
                                 0x25 (size before relaxing)

.note.gnu.avr.deviceinfo
                0x00000000       0x40
 .note.gnu.avr.deviceinfo
                0x00000000       0x40 /usr/local/Cellar/avr-gcc@9/9.5.0/lib/avr-gcc/9/gcc/avr/9.5.0/../../../../../../avr/lib/avr5/crtatmega328p.o

.gnu.build.attributes
 *(.gnu.build.attributes .gnu.build.attributes.*)

.note.gnu.build-id
 *(.note.gnu.build-id)

.debug
 *(.debug)

.line
 *(.line)

.debug_srcinfo
 *(.debug_srcinfo)

.debug_sfnames
 *(.debug_sfnames)

.debug_aranges  0x00000000      0x180
 *(.debug_aranges)
 .debug_aranges
                0x00000000       0x20 /usr/local/Cellar/avr-gcc@9/9.5.0/lib/avr-gcc/9/gcc/avr/9.5.0/avr5/libgcc.a(_exit.o)
 .debug_aranges
                0x00000020       0x20 /usr/local/Cellar/avr-gcc@9/9.5.0/lib/avr-gcc/9/gcc/avr/9.5.0/avr5/libgcc.a(_mulpsi3.o)
 .debug_aranges
                0x00000040       0x20 /usr/local/Cellar/avr-gcc@9/9.5.0/lib/avr-gcc/9/gcc/avr/9.5.0/avr5/libgcc.a(_tablejump2.o)
 .debug_aranges
                0x00000060       0x20 /usr/local/Cellar/avr-gcc@9/9.5.0/lib/avr-gcc/9/gcc/avr/9.5.0/avr5/libgcc.a(_copy_data.o)
 .debug_aranges
                0x00000080       0x20 /usr/local/Cellar/avr-gcc@9/9.5.0/lib/avr-gcc/9/gcc/avr/9.5.0/avr5/libgcc.a(_clear_bss.o)
 .debug_aranges
                0x000000a0       0x20 /usr/local/Cellar/avr-gcc@9/9.5.0/lib/avr-gcc/9/gcc/avr/9.5.0/avr5/libgcc.a(_ctors.o)
 .debug_aranges
                0x000000c0       0x20 /usr/local/Cellar/avr-gcc@9/9.5.0/lib/avr-gcc/9/gcc/avr/9.5.0/avr5/libgcc.a(_mulsqipsi3.o)
 .debug_aranges
                0x000000e0       0x20 /usr/local/Cellar/avr-gcc@9/9.5.0/lib/avr-gcc/9/gcc/avr/9.5.0/avr5/libgcc.a(_umulhisi3.o)
 .debug_aranges
                0x00000100       0x20 /usr/local/Cellar/avr-gcc@9/9.5.0/lib/avr-gcc/9/gcc/avr/9.5.0/avr5/libgcc.a(_usmulhisi3.o)
 .debug_aranges
                0x00000120       0x20 /usr/local/Cellar/avr-gcc@9/9.5.0/lib/avr-gcc/9/gcc/avr/9.5.0/avr5/libgcc.a(_muluhisi3.o)
 .debug_aranges
                0x00000140       0x20 /usr/local/Cellar/avr-gcc@9/9.5.0/lib/avr-gcc/9/gcc/avr/9.5.0/avr5/libgcc.a(_prologue.o)
 .debug_aranges
                0x00000160       0x20 /usr/local/Cellar/avr-gcc@9/9.5.0/lib/avr-gcc/9/gcc/avr/9.5.0/avr5/libgcc.a(_epilogue.o)

.debug_pubnames
 *(.debug_pubnames)

.debug_info     0x00000000      0x7bc
 *(.debug_info .gnu.linkonce.wi.*)
 .debug_info    0x00000000      0x5f4 /usr/local/Cellar/avr-gcc@9/9.5.0/lib/avr-gcc/9/gcc/avr/9.5.0/../../../../../../avr/lib/avr5/crtatmega328p.o
 .debug_info    0x000005f4       0x26 /usr/local/Cellar/avr-gcc@9/9.5.0/lib/avr-gcc/9/gcc/avr/9.5.0/avr5/libgcc.a(_exit.o)
 .debug_info    0x0000061a       0x26 /usr/local/Cellar/avr-gcc@9/9.5.0/lib/avr-gcc/9/gcc/avr/9.5.0/avr5/libgcc.a(_mulpsi3.o)
 .debug_info    0x00000640       0x26 /usr/local/Cellar/avr-gcc@9/9.5.0/lib/avr-gcc/9/gcc/avr/9.5.0/avr5/libgcc.a(_tablejump2.o)
 .debug_info    0x00000666       0x26 /usr/local/Cellar/avr-gcc@9/9.5.0/lib/avr-gcc/9/gcc/avr/9.5.0/avr5/libgcc.a(_copy_data.o)
 .debug_info    0x0000068c       0x26 /usr/local/Cellar/avr-gcc@9/9.5.0/lib/avr-gcc/9/gcc/avr/9.5.0/avr5/libgcc.a(_clear_bss.o)
 .debug_info    0x000006b2       0x26 /usr/local/Cellar/avr-gcc@9/9.5.0/lib/avr-gcc/9/gcc/avr/9.5.0/avr5/libgcc.a(_ctors.o)
 .debug_info    0x000006d8       0x26 /usr/local/Cellar/avr-gcc@9/9.5.0/lib/avr-gcc/9/gcc/avr/9.5.0/avr5/libgcc.a(_mulsqipsi3.o)
 .debug_info    0x000006fe       0x26 /usr/local/Cellar/avr-gcc@9/9.5.0/lib/avr-gcc/9/gcc/avr/9.5.0/avr5/libgcc.a(_umulhisi3.o)
 .debug_info    0x00000724       0x26 /usr/local/Cellar/avr-gcc@9/9.5.0/lib/avr-gcc/9/gcc/avr/9.5.0/avr5/libgcc.a(_usmulhisi3.o)
 .debug_info    0x0000074a       0x26 /usr/local/Cellar/avr-gcc@9/9.5.0/lib/avr-gcc/9/gcc/avr/9.5.0/avr5/libgcc.a(_muluhisi3.o)
 .debug_info    0x00000770       0x26 /usr/local/Cellar/avr-gcc@9/9.5.0/lib/avr-gcc/9/gcc/avr/9.5.0/avr5/libgcc.a(_prologue.o)
 .debug_info    0x00000796       0x26 /usr/local/Cellar/avr-gcc@9/9.5.0/lib/avr-gcc/9/gcc/avr/9.5.0/avr5/libgcc.a(_epilogue.o)

.debug_abbrev   0x00000000      0x692
 *(.debug_abbrev)
 .debug_abbrev  0x00000000      0x5a2 /usr/local/Cellar/avr-gcc@9/9.5.0/lib/avr-gcc/9/gcc/avr/9.5.0/../../../../../../avr/lib/avr5/crtatmega328p.o
 .debug_abbrev  0x000005a2       0x14 /usr/local/Cellar/avr-gcc@9/9.5.0/lib/avr-gcc/9/gcc/avr/9.5.0/avr5/libgcc.a(_exit.o)
 .debug_abbrev  0x000005b6       0x14 /usr/local/Cellar/avr-gcc@9/9.5.0/lib/avr-gcc/9/gcc/avr/9.5.0/avr5/libgcc.a(_mulpsi3.o)
 .debug_abbrev  0x000005ca       0x14 /usr/local/Cellar/avr-gcc@9/9.5.0/lib/avr-gcc/9/gcc/avr/9.5.0/avr5/libgcc.a(_tablejump2.o)
 .debug_abbrev  0x000005de       0x14 /usr/local/Cellar/avr-gcc@9/9.5.0/lib/avr-gcc/9/gcc/avr/9.5.0/avr5/libgcc.a(_copy_data.o)
 .debug_abbrev  0x000005f2       0x14 /usr/local/Cellar/avr-gcc@9/9.5.0/lib/avr-gcc/9/gcc/avr/9.5.0/avr5/libgcc.a(_clear_bss.o)
 .debug_abbrev  0x00000606       0x14 /usr/local/Cellar/avr-gcc@9/9.5.0/lib/avr-gcc/9/gcc/avr/9.5.0/avr5/libgcc.a(_ctors.o)
 .debug_abbrev  0x0000061a       0x14 /usr/local/Cellar/avr-gcc@9/9.5.0/lib/avr-gcc/9/gcc/avr/9.5.0/avr5/libgcc.a(_mulsqipsi3.o)
 .debug_abbrev  0x0000062e       0x14 /usr/local/Cellar/avr-gcc@9/9.5.0/lib/avr-gcc/9/gcc/avr/9.5.0/avr5/libgcc.a(_umulhisi3.o)
 .debug_abbrev  0x00000642       0x14 /usr/local/Cellar/avr-gcc@9/9.5.0/lib/avr-gcc/9/gcc/avr/9.5.0/avr5/libgcc.a(_usmulhisi3.o)
 .debug_abbrev  0x00000656       0x14 /usr/local/Cellar/avr-gcc@9/9.5.0/lib/avr-gcc/9/gcc/avr/9.5.0/avr5/libgcc.a(_muluhisi3.o)
 .debug_abbrev  0x0000066a       0x14 /usr/local/Cellar/avr-gcc@9/9.5.0/lib/avr-gcc/9/gcc/avr/9.5.0/avr5/libgcc.a(_prologue.o)
 .debug_abbrev  0x0000067e       0x14 /usr/local/Cellar/avr-gcc@9/9.5.0/lib/avr-gcc/9/gcc/avr/9.5.0/avr5/libgcc.a(_epilogue.o)

.debug_line     0x00000000      0x74f
 *(.debug_line .debug_line.* .debug_line_end)
 .debug_line    0x00000000       0x1d /usr/local/Cellar/avr-gcc@9/9.5.0/lib/avr-gcc/9/gcc/avr/9.5.0/../../../../../../avr/lib/avr5/crtatmega328p.o
 .debug_line    0x0000001d       0x5e /usr/local/Cellar/avr-gcc@9/9.5.0/lib/avr-gcc/9/gcc/avr/9.5.0/avr5/libgcc.a(_exit.o)
 .debug_line    0x0000007b       0x7c /usr/local/Cellar/avr-gcc@9/9.5.0/lib/avr-gcc/9/gcc/avr/9.5.0/avr5/libgcc.a(_mulpsi3.o)
 .debug_line    0x000000f7       0x76 /usr/local/Cellar/avr-gcc@9/9.5.0/lib/avr-gcc/9/gcc/avr/9.5.0/avr5/libgcc.a(_tablejump2.o)
 .debug_line    0x0000016d       0x94 /usr/local/Cellar/avr-gcc@9/9.5.0/lib/avr-gcc/9/gcc/avr/9.5.0/avr5/libgcc.a(_copy_data.o)
 .debug_line    0x00000201       0x82 /usr/local/Cellar/avr-gcc@9/9.5.0/lib/avr-gcc/9/gcc/avr/9.5.0/avr5/libgcc.a(_clear_bss.o)
 .debug_line    0x00000283       0x8e /usr/local/Cellar/avr-gcc@9/9.5.0/lib/avr-gcc/9/gcc/avr/9.5.0/avr5/libgcc.a(_ctors.o)
 .debug_line    0x00000311       0xa0 /usr/local/Cellar/avr-gcc@9/9.5.0/lib/avr-gcc/9/gcc/avr/9.5.0/avr5/libgcc.a(_mulsqipsi3.o)
 .debug_line    0x000003b1       0xac /usr/local/Cellar/avr-gcc@9/9.5.0/lib/avr-gcc/9/gcc/avr/9.5.0/avr5/libgcc.a(_umulhisi3.o)
 .debug_line    0x0000045d       0x76 /usr/local/Cellar/avr-gcc@9/9.5.0/lib/avr-gcc/9/gcc/avr/9.5.0/avr5/libgcc.a(_usmulhisi3.o)
 .debug_line    0x000004d3       0x8e /usr/local/Cellar/avr-gcc@9/9.5.0/lib/avr-gcc/9/gcc/avr/9.5.0/avr5/libgcc.a(_muluhisi3.o)
 .debug_line    0x00000561       0xfa /usr/local/Cellar/avr-gcc@9/9.5.0/lib/avr-gcc/9/gcc/avr/9.5.0/avr5/libgcc.a(_prologue.o)
 .debug_line    0x0000065b       0xf4 /usr/local/Cellar/avr-gcc@9/9.5.0/lib/avr-gcc/9/gcc/avr/9.5.0/avr5/libgcc.a(_epilogue.o)

.debug_frame
 *(.debug_frame)

.debug_str      0x00000000      0x28d
 *(.debug_str)
 .debug_str     0x00000000      0x208 /usr/local/Cellar/avr-gcc@9/9.5.0/lib/avr-gcc/9/gcc/avr/9.5.0/../../../../../../avr/lib/avr5/crtatmega328p.o
 .debug_str     0x00000208       0x85 /usr/local/Cellar/avr-gcc@9/9.5.0/lib/avr-gcc/9/gcc/avr/9.5.0/avr5/libgcc.a(_exit.o)
 .debug_str     0x0000028d        0x0 /usr/local/Cellar/avr-gcc@9/9.5.0/lib/avr-gcc/9/gcc/avr/9.5.0/avr5/libgcc.a(_mulpsi3.o)
                                 0x85 (size before relaxing)
 .debug_str     0x0000028d        0x0 /usr/local/Cellar/avr-gcc@9/9.5.0/lib/avr-gcc/9/gcc/avr/9.5.0/avr5/libgcc.a(_tablejump2.o)
                                 0x85 (size before relaxing)
 .debug_str     0x0000028d        0x0 /usr/local/Cellar/avr-gcc@9/9.5.0/lib/avr-gcc/9/gcc/avr/9.5.0/avr5/libgcc.a(_copy_data.o)
                                 0x85 (size before relaxing)
 .debug_str     0x0000028d        0x0 /usr/local/Cellar/avr-gcc@9/9.5.0/lib/avr-gcc/9/gcc/avr/9.5.0/avr5/libgcc.a(_clear_bss.o)
                                 0x85 (size before relaxing)
 .debug_str     0x0000028d        0x0 /usr/local/Cellar/avr-gcc@9/9.5.0/lib/avr-gcc/9/gcc/avr/9.5.0/avr5/libgcc.a(_ctors.o)
                                 0x85 (size before relaxing)
 .debug_str     0x0000028d        0x0 /usr/local/Cellar/avr-gcc@9/9.5.0/lib/avr-gcc/9/gcc/avr/9.5.0/avr5/libgcc.a(_mulsqipsi3.o)
                                 0x85 (size before relaxing)
 .debug_str     0x0000028d        0x0 /usr/local/Cellar/avr-gcc@9/9.5.0/lib/avr-gcc/9/gcc/avr/9.5.0/avr5/libgcc.a(_umulhisi3.o)
                                 0x85 (size before relaxing)
 .debug_str     0x0000028d        0x0 /usr/local/Cellar/avr-gcc@9/9.5.0/lib/avr-gcc/9/gcc/avr/9.5.0/avr5/libgcc.a(_usmulhisi3.o)
                                 0x85 (size before relaxing)
 .debug_str     0x0000028d        0x0 /usr/local/Cellar/avr-gcc@9/9.5.0/lib/avr-gcc/9/gcc/avr/9.5.0/avr5/libgcc.a(_muluhisi3.o)
                                 0x85 (size before relaxing)
 .debug_str     0x0000028d        0x0 /usr/local/Cellar/avr-gcc@9/9.5.0/lib/avr-gcc/9/gcc/avr/9.5.0/avr5/libgcc.a(_prologue.o)
                                 0x85 (size before relaxing)
 .debug_str     0x0000028d        0x0 /usr/local/Cellar/avr-gcc@9/9.5.0/lib/avr-gcc/9/gcc/avr/9.5.0/avr5/libgcc.a(_epilogue.o)
                                 0x85 (size before relaxing)

.debug_loc
 *(.debug_loc)

.debug_macinfo
 *(.debug_macinfo)

.debug_weaknames
 *(.debug_weaknames)

.debug_funcnames
 *(.debug_funcnames)

.debug_typenames
 *(.debug_typenames)

.debug_varnames
 *(.debug_varnames)

.debug_pubtypes
 *(.debug_pubtypes)

.debug_ranges
 *(.debug_ranges)

.debug_addr
 *(.debug_addr)

.debug_line_str
 *(.debug_line_str)

.debug_loclists
 *(.debug_loclists)

.debug_macro
 *(.debug_macro)

.debug_names
 *(.debug_names)

.debug_rnglists
 *(.debug_rnglists)

.debug_str_offsets
 *(.debug_str_offsets)

.debug_sup
 *(.debug_sup)
OUTPUT(/var/folders/9c/qfhlwqcj6pnfnlg0r104bq2c0000gn/T/kz-voicecard-classic-e2b2w2ur/ambika_voicecard/ambika_voicecard.elf elf32-avr)
LOAD linker stubs
