Archive member included to satisfy reference by file (symbol)

/usr/local/Cellar/avr-gcc@9/9.5.0/lib/avr-gcc/9/gcc/avr/9.5.0/avr5/libgcc.a(_mulsi3.o)
                              /var/folders/9c/qfhlwqcj6pnfnlg0r104bq2c0000gn/T/kz-controller-diagnostic-feiae547/ambika_controller/multi.o (__mulsi3)
/usr/local/Cellar/avr-gcc@9/9.5.0/lib/avr-gcc/9/gcc/avr/9.5.0/avr5/libgcc.a(_udivmodqi4.o)
                              /var/folders/9c/qfhlwqcj6pnfnlg0r104bq2c0000gn/T/kz-controller-diagnostic-feiae547/ambika_controller/part.o (__udivmodqi4)
/usr/local/Cellar/avr-gcc@9/9.5.0/lib/avr-gcc/9/gcc/avr/9.5.0/avr5/libgcc.a(_udivmodhi4.o)
                              /var/folders/9c/qfhlwqcj6pnfnlg0r104bq2c0000gn/T/kz-controller-diagnostic-feiae547/ambika_controller/part.o (__udivmodhi4)
/usr/local/Cellar/avr-gcc@9/9.5.0/lib/avr-gcc/9/gcc/avr/9.5.0/avr5/libgcc.a(_divmodhi4.o)
                              /var/folders/9c/qfhlwqcj6pnfnlg0r104bq2c0000gn/T/kz-controller-diagnostic-feiae547/ambika_controller/parameter.o (__divmodhi4)
/usr/local/Cellar/avr-gcc@9/9.5.0/lib/avr-gcc/9/gcc/avr/9.5.0/avr5/libgcc.a(_udivmodsi4.o)
                              /var/folders/9c/qfhlwqcj6pnfnlg0r104bq2c0000gn/T/kz-controller-diagnostic-feiae547/ambika_controller/ff.o (__udivmodsi4)
/usr/local/Cellar/avr-gcc@9/9.5.0/lib/avr-gcc/9/gcc/avr/9.5.0/avr5/libgcc.a(_divmodsi4.o)
                              /var/folders/9c/qfhlwqcj6pnfnlg0r104bq2c0000gn/T/kz-controller-diagnostic-feiae547/ambika_controller/multi.o (__divmodsi4)
/usr/local/Cellar/avr-gcc@9/9.5.0/lib/avr-gcc/9/gcc/avr/9.5.0/avr5/libgcc.a(_negsi2.o)
                              /usr/local/Cellar/avr-gcc@9/9.5.0/lib/avr-gcc/9/gcc/avr/9.5.0/avr5/libgcc.a(_divmodsi4.o) (__negsi2)
/usr/local/Cellar/avr-gcc@9/9.5.0/lib/avr-gcc/9/gcc/avr/9.5.0/avr5/libgcc.a(_exit.o)
                              /usr/local/Cellar/avr-gcc@9/9.5.0/lib/avr-gcc/9/gcc/avr/9.5.0/../../../../../../avr/lib/avr5/crtatmega644p.o (exit)
/usr/local/Cellar/avr-gcc@9/9.5.0/lib/avr-gcc/9/gcc/avr/9.5.0/avr5/libgcc.a(_tablejump2.o)
                              /var/folders/9c/qfhlwqcj6pnfnlg0r104bq2c0000gn/T/kz-controller-diagnostic-feiae547/ambika_controller/controller.o (__tablejump2__)
/usr/local/Cellar/avr-gcc@9/9.5.0/lib/avr-gcc/9/gcc/avr/9.5.0/avr5/libgcc.a(_copy_data.o)
                              /var/folders/9c/qfhlwqcj6pnfnlg0r104bq2c0000gn/T/kz-controller-diagnostic-feiae547/ambika_controller/adc.o (__do_copy_data)
/usr/local/Cellar/avr-gcc@9/9.5.0/lib/avr-gcc/9/gcc/avr/9.5.0/avr5/libgcc.a(_clear_bss.o)
                              /var/folders/9c/qfhlwqcj6pnfnlg0r104bq2c0000gn/T/kz-controller-diagnostic-feiae547/ambika_controller/adc.o (__do_clear_bss)
/usr/local/Cellar/avr-gcc@9/9.5.0/lib/avr-gcc/9/gcc/avr/9.5.0/avr5/libgcc.a(_ctors.o)
                              /var/folders/9c/qfhlwqcj6pnfnlg0r104bq2c0000gn/T/kz-controller-diagnostic-feiae547/ambika_controller/multi.o (__do_global_ctors)
/usr/local/Cellar/avr-gcc@9/9.5.0/lib/avr-gcc/9/gcc/avr/9.5.0/avr5/libgcc.a(_dtors.o)
                              /var/folders/9c/qfhlwqcj6pnfnlg0r104bq2c0000gn/T/kz-controller-diagnostic-feiae547/ambika_controller/storage.o (__do_global_dtors)
/usr/local/Cellar/avr-gcc@9/9.5.0/lib/avr-gcc/9/gcc/avr/9.5.0/avr5/libgcc.a(_mulhisi3.o)
                              /var/folders/9c/qfhlwqcj6pnfnlg0r104bq2c0000gn/T/kz-controller-diagnostic-feiae547/ambika_controller/multi.o (__mulhisi3)
/usr/local/Cellar/avr-gcc@9/9.5.0/lib/avr-gcc/9/gcc/avr/9.5.0/avr5/libgcc.a(_umulhisi3.o)
                              /usr/local/Cellar/avr-gcc@9/9.5.0/lib/avr-gcc/9/gcc/avr/9.5.0/avr5/libgcc.a(_mulhisi3.o) (__umulhisi3)
/usr/local/Cellar/avr-gcc@9/9.5.0/lib/avr-gcc/9/gcc/avr/9.5.0/avr5/libgcc.a(_usmulhisi3.o)
                              /usr/local/Cellar/avr-gcc@9/9.5.0/lib/avr-gcc/9/gcc/avr/9.5.0/avr5/libgcc.a(_mulhisi3.o) (__usmulhisi3_tail)
/usr/local/Cellar/avr-gcc@9/9.5.0/lib/avr-gcc/9/gcc/avr/9.5.0/avr5/libgcc.a(_muluhisi3.o)
                              /var/folders/9c/qfhlwqcj6pnfnlg0r104bq2c0000gn/T/kz-controller-diagnostic-feiae547/ambika_controller/filesystem.o (__muluhisi3)
/usr/local/Cellar/avr-gcc@9/9.5.0/lib/avr-gcc/9/gcc/avr/9.5.0/avr5/libgcc.a(_prologue.o)
                              /var/folders/9c/qfhlwqcj6pnfnlg0r104bq2c0000gn/T/kz-controller-diagnostic-feiae547/ambika_controller/time.o (__prologue_saves__)
/usr/local/Cellar/avr-gcc@9/9.5.0/lib/avr-gcc/9/gcc/avr/9.5.0/avr5/libgcc.a(_epilogue.o)
                              /var/folders/9c/qfhlwqcj6pnfnlg0r104bq2c0000gn/T/kz-controller-diagnostic-feiae547/ambika_controller/string.o (__epilogue_restores__)
/usr/local/Cellar/avr-gcc@9/9.5.0/lib/avr-gcc/9/gcc/avr/9.5.0/../../../../../../avr/lib/avr5/libc.a(memcmp_P.o)
                              /var/folders/9c/qfhlwqcj6pnfnlg0r104bq2c0000gn/T/kz-controller-diagnostic-feiae547/ambika_controller/library.o (memcmp_P)
[...]
Memory Configuration

Name             Origin             Length             Attributes
text             0x00000000         0x00020000         xr
data             0x00800060         0x0000ffa0         rw!x
eeprom           0x00810000         0x00010000         rw!x
fuse             0x00820000         0x00000003         rw!x
lock             0x00830000         0x00000400         rw!x
signature        0x00840000         0x00000400         rw!x
user_signatures  0x00850000         0x00000400         rw!x
*default*        0x00000000         0xffffffff

Linker script and memory map

Address of section .data set to 0x800100
LOAD /usr/local/Cellar/avr-gcc@9/9.5.0/lib/avr-gcc/9/gcc/avr/9.5.0/../../../../../../avr/lib/avr5/crtatmega644p.o
LOAD /usr/local/Cellar/avr-gcc@9/9.5.0/lib/avr-gcc/9/gcc/avr/9.5.0/../../../../../../avr/lib/avr5/libm.a
LOAD /var/folders/9c/qfhlwqcj6pnfnlg0r104bq2c0000gn/T/kz-controller-diagnostic-feiae547/ambika_controller/adc.o
LOAD /var/folders/9c/qfhlwqcj6pnfnlg0r104bq2c0000gn/T/kz-controller-diagnostic-feiae547/ambika_controller/random.o
LOAD /var/folders/9c/qfhlwqcj6pnfnlg0r104bq2c0000gn/T/kz-controller-diagnostic-feiae547/ambika_controller/serial.o
LOAD /var/folders/9c/qfhlwqcj6pnfnlg0r104bq2c0000gn/T/kz-controller-diagnostic-feiae547/ambika_controller/string.o
LOAD /var/folders/9c/qfhlwqcj6pnfnlg0r104bq2c0000gn/T/kz-controller-diagnostic-feiae547/ambika_controller/time.o
LOAD /var/folders/9c/qfhlwqcj6pnfnlg0r104bq2c0000gn/T/kz-controller-diagnostic-feiae547/ambika_controller/wii_nunchuk.o
LOAD /var/folders/9c/qfhlwqcj6pnfnlg0r104bq2c0000gn/T/kz-controller-diagnostic-feiae547/ambika_controller/directory.o
LOAD /var/folders/9c/qfhlwqcj6pnfnlg0r104bq2c0000gn/T/kz-controller-diagnostic-feiae547/ambika_controller/file.o
LOAD /var/folders/9c/qfhlwqcj6pnfnlg0r104bq2c0000gn/T/kz-controller-diagnostic-feiae547/ambika_controller/filesystem.o
LOAD /var/folders/9c/qfhlwqcj6pnfnlg0r104bq2c0000gn/T/kz-controller-diagnostic-feiae547/ambika_controller/controller.o
LOAD /var/folders/9c/qfhlwqcj6pnfnlg0r104bq2c0000gn/T/kz-controller-diagnostic-feiae547/ambika_controller/diagnostics.o
LOAD /var/folders/9c/qfhlwqcj6pnfnlg0r104bq2c0000gn/T/kz-controller-diagnostic-feiae547/ambika_controller/display.o
LOAD /var/folders/9c/qfhlwqcj6pnfnlg0r104bq2c0000gn/T/kz-controller-diagnostic-feiae547/ambika_controller/leds.o
LOAD /var/folders/9c/qfhlwqcj6pnfnlg0r104bq2c0000gn/T/kz-controller-diagnostic-feiae547/ambika_controller/midi_dispatcher.o
LOAD /var/folders/9c/qfhlwqcj6pnfnlg0r104bq2c0000gn/T/kz-controller-diagnostic-feiae547/ambika_controller/multi.o
LOAD /var/folders/9c/qfhlwqcj6pnfnlg0r104bq2c0000gn/T/kz-controller-diagnostic-feiae547/ambika_controller/parameter.o
LOAD /var/folders/9c/qfhlwqcj6pnfnlg0r104bq2c0000gn/T/kz-controller-diagnostic-feiae547/ambika_controller/part.o
LOAD /var/folders/9c/qfhlwqcj6pnfnlg0r104bq2c0000gn/T/kz-controller-diagnostic-feiae547/ambika_controller/resources.o
LOAD /var/folders/9c/qfhlwqcj6pnfnlg0r104bq2c0000gn/T/kz-controller-diagnostic-feiae547/ambika_controller/storage.o
LOAD /var/folders/9c/qfhlwqcj6pnfnlg0r104bq2c0000gn/T/kz-controller-diagnostic-feiae547/ambika_controller/system_settings.o
LOAD /var/folders/9c/qfhlwqcj6pnfnlg0r104bq2c0000gn/T/kz-controller-diagnostic-feiae547/ambika_controller/ui.o
LOAD /var/folders/9c/qfhlwqcj6pnfnlg0r104bq2c0000gn/T/kz-controller-diagnostic-feiae547/ambika_controller/voice_allocator.o
LOAD /var/folders/9c/qfhlwqcj6pnfnlg0r104bq2c0000gn/T/kz-controller-diagnostic-feiae547/ambika_controller/voicecard_tx.o
LOAD /var/folders/9c/qfhlwqcj6pnfnlg0r104bq2c0000gn/T/kz-controller-diagnostic-feiae547/ambika_controller/card_info_page.o
LOAD /var/folders/9c/qfhlwqcj6pnfnlg0r104bq2c0000gn/T/kz-controller-diagnostic-feiae547/ambika_controller/dialog_box.o
LOAD /var/folders/9c/qfhlwqcj6pnfnlg0r104bq2c0000gn/T/kz-controller-diagnostic-feiae547/ambika_controller/knob_assigner.o
LOAD /var/folders/9c/qfhlwqcj6pnfnlg0r104bq2c0000gn/T/kz-controller-diagnostic-feiae547/ambika_controller/library.o
LOAD /var/folders/9c/qfhlwqcj6pnfnlg0r104bq2c0000gn/T/kz-controller-diagnostic-feiae547/ambika_controller/os_info_page_diag.o
LOAD /var/folders/9c/qfhlwqcj6pnfnlg0r104bq2c0000gn/T/kz-controller-diagnostic-feiae547/ambika_controller/os_info_page.o
LOAD /var/folders/9c/qfhlwqcj6pnfnlg0r104bq2c0000gn/T/kz-controller-diagnostic-feiae547/ambika_controller/parameter_editor.o
LOAD /var/folders/9c/qfhlwqcj6pnfnlg0r104bq2c0000gn/T/kz-controller-diagnostic-feiae547/ambika_controller/performance_page.o
LOAD /var/folders/9c/qfhlwqcj6pnfnlg0r104bq2c0000gn/T/kz-controller-diagnostic-feiae547/ambika_controller/sequence_editor.o
LOAD /var/folders/9c/qfhlwqcj6pnfnlg0r104bq2c0000gn/T/kz-controller-diagnostic-feiae547/ambika_controller/ui_page.o
LOAD /var/folders/9c/qfhlwqcj6pnfnlg0r104bq2c0000gn/T/kz-controller-diagnostic-feiae547/ambika_controller/version_manager.o
LOAD /var/folders/9c/qfhlwqcj6pnfnlg0r104bq2c0000gn/T/kz-controller-diagnostic-feiae547/ambika_controller/voice_assigner.o
LOAD /var/folders/9c/qfhlwqcj6pnfnlg0r104bq2c0000gn/T/kz-controller-diagnostic-feiae547/ambika_controller/ff.o
LOAD /var/folders/9c/qfhlwqcj6pnfnlg0r104bq2c0000gn/T/kz-controller-diagnostic-feiae547/ambika_controller/mmc.o
LOAD /var/folders/9c/qfhlwqcj6pnfnlg0r104bq2c0000gn/T/kz-controller-diagnostic-feiae547/ambika_controller/rtc.o
START GROUP
LOAD /usr/local/Cellar/avr-gcc@9/9.5.0/lib/avr-gcc/9/gcc/avr/9.5.0/avr5/libgcc.a
LOAD /usr/local/Cellar/avr-gcc@9/9.5.0/lib/avr-gcc/9/gcc/avr/9.5.0/../../../../../../avr/lib/avr5/libm.a
LOAD /usr/local/Cellar/avr-gcc@9/9.5.0/lib/avr-gcc/9/gcc/avr/9.5.0/../../../../../../avr/lib/avr5/libc.a
LOAD /usr/local/Cellar/avr-gcc@9/9.5.0/lib/avr-gcc/9/gcc/avr/9.5.0/../../../../../../avr/lib/avr5/libatmega644p.a
END GROUP
                0x00000000                        __TEXT_REGION_ORIGIN__ = DEFINED (__TEXT_REGION_ORIGIN__)?__TEXT_REGION_ORIGIN__:0x0
                0x00020000                        __TEXT_REGION_LENGTH__ = DEFINED (__TEXT_REGION_LENGTH__)?__TEXT_REGION_LENGTH__:0x20000
                0x00800060                        __DATA_REGION_ORIGIN__ = DEFINED (__DATA_REGION_ORIGIN__)?__DATA_REGION_ORIGIN__:0x800060
                0x0000ffa0                        __DATA_REGION_LENGTH__ = DEFINED (__DATA_REGION_LENGTH__)?__DATA_REGION_LENGTH__:0xffa0
                0x00010000                        __EEPROM_REGION_LENGTH__ = DEFINED (__EEPROM_REGION_LENGTH__)?__EEPROM_REGION_LENGTH__:0x10000
                [0x00000003]                      __FUSE_REGION_LENGTH__ = DEFINED (__FUSE_REGION_LENGTH__)?__FUSE_REGION_LENGTH__:0x400
                0x00000400                        __LOCK_REGION_LENGTH__ = DEFINED (__LOCK_REGION_LENGTH__)?__LOCK_REGION_LENGTH__:0x400
                0x00000400                        __SIGNATURE_REGION_LENGTH__ = DEFINED (__SIGNATURE_REGION_LENGTH__)?__SIGNATURE_REGION_LENGTH__:0x400
                0x00000400                        __USER_SIGNATURE_REGION_LENGTH__ = DEFINED (__USER_SIGNATURE_REGION_LENGTH__)?__USER_SIGNATURE_REGION_LENGTH__:0x400

.hash
 *(.hash)

.dynsym
 *(.dynsym)

.dynstr
 *(.dynstr)

.gnu.version
 *(.gnu.version)

.gnu.version_d
 *(.gnu.version_d)

.gnu.version_r
 *(.gnu.version_r)

.rel.init
 *(.rel.init)

.rela.init
 *(.rela.init)

.rel.text
 *(.rel.text)
 *(.rel.text.*)
 *(.rel.gnu.linkonce.t*)

.rela.text
 *(.rela.text)
 *(.rela.text.*)
 *(.rela.gnu.linkonce.t*)

.rel.fini
 *(.rel.fini)

.rela.fini
 *(.rela.fini)

.rel.rodata
 *(.rel.rodata)
 *(.rel.rodata.*)
 *(.rel.gnu.linkonce.r*)

.rela.rodata
 *(.rela.rodata)
 *(.rela.rodata.*)
 *(.rela.gnu.linkonce.r*)

.rel.data
 *(.rel.data)
 *(.rel.data.*)
 *(.rel.gnu.linkonce.d*)

.rela.data
 *(.rela.data)
 *(.rela.data.*)
 *(.rela.gnu.linkonce.d*)

.rel.ctors
 *(.rel.ctors)

.rela.ctors
 *(.rela.ctors)

.rel.dtors
 *(.rel.dtors)

.rela.dtors
 *(.rela.dtors)

.rel.got
 *(.rel.got)

.rela.got
 *(.rela.got)

.rel.bss
 *(.rel.bss)

.rela.bss
 *(.rela.bss)

.rel.plt
 *(.rel.plt)

.rela.plt
 *(.rela.plt)

.text           0x00000000     0xd7ae
 *(.vectors)
 .vectors       0x00000000       0x7c /usr/local/Cellar/avr-gcc@9/9.5.0/lib/avr-gcc/9/gcc/avr/9.5.0/../../../../../../avr/lib/avr5/crtatmega644p.o
                0x00000000                __vectors
                0x00000000                __vector_default
 *(.vectors)
                0x0000007c                        __progmem_start = .
 *(.progmem)
 *(.progmem.*)
 .progmem.data._ZN6ambikaL13init_settingsE
                0x0000007c       0x38 /var/folders/9c/qfhlwqcj6pnfnlg0r104bq2c0000gn/T/kz-controller-diagnostic-feiae547/ambika_controller/multi.o
 .progmem.data._ZN6ambikaL10parametersE
                0x000000b4      0x4a1 /var/folders/9c/qfhlwqcj6pnfnlg0r104bq2c0000gn/T/kz-controller-diagnostic-feiae547/ambika_controller/parameter.o
 .progmem.data._ZN6ambikaL13midi_nrpn_mapE
                0x00000555       0xc0 /var/folders/9c/qfhlwqcj6pnfnlg0r104bq2c0000gn/T/kz-controller-diagnostic-feiae547/ambika_controller/parameter.o
 .progmem.data._ZN6ambikaL16launchkey_cc_mapE
                0x00000615       0x40 /var/folders/9c/qfhlwqcj6pnfnlg0r104bq2c0000gn/T/kz-controller-diagnostic-feiae547/ambika_controller/parameter.o
 .progmem.data._ZN6ambikaL11midi_cc_mapE
                0x00000655       0x70 /var/folders/9c/qfhlwqcj6pnfnlg0r104bq2c0000gn/T/kz-controller-diagnostic-feiae547/ambika_controller/parameter.o
 .progmem.data._ZN6ambikaL7octavesE
                0x000006c5        0xc /var/folders/9c/qfhlwqcj6pnfnlg0r104bq2c0000gn/T/kz-controller-diagnostic-feiae547/ambika_controller/parameter.o
 .progmem.data._ZN6ambikaL10note_namesE
                0x000006d1       0x19 /var/folders/9c/qfhlwqcj6pnfnlg0r104bq2c0000gn/T/kz-controller-diagnostic-feiae547/ambika_controller/parameter.o
 .progmem.data._ZN6ambikaL17units_definitionsE
                0x000006ea       0x38 /var/folders/9c/qfhlwqcj6pnfnlg0r104bq2c0000gn/T/kz-controller-diagnostic-feiae547/ambika_controller/parameter.o
 .progmem.data._ZN6ambikaL16init_part_paramsE
                0x00000722       0x54 /var/folders/9c/qfhlwqcj6pnfnlg0r104bq2c0000gn/T/kz-controller-diagnostic-feiae547/ambika_controller/part.o
 .progmem.data._ZN6ambikaL17init_patch_paramsE
                0x00000776       0x70 /var/folders/9c/qfhlwqcj6pnfnlg0r104bq2c0000gn/T/kz-controller-diagnostic-feiae547/ambika_controller/part.o
 .progmem.data._ZN6ambikaL34lfo_phase_increment_per_clock_tickE
                0x000007e6       0x1e /var/folders/9c/qfhlwqcj6pnfnlg0r104bq2c0000gn/T/kz-controller-diagnostic-feiae547/ambika_controller/part.o
 .progmem.data._ZN6ambikaL24midi_clock_tick_per_stepE
                0x00000804        0xf /var/folders/9c/qfhlwqcj6pnfnlg0r104bq2c0000gn/T/kz-controller-diagnostic-feiae547/ambika_controller/part.o
 .progmem.data._ZN6ambika21wav_res_lfo_waveformsE
                0x00000813     0x1010 /var/folders/9c/qfhlwqcj6pnfnlg0r104bq2c0000gn/T/kz-controller-diagnostic-feiae547/ambika_controller/resources.o
                0x00000813                ambika::wav_res_lfo_waveforms
 .progmem.data._ZN6ambika26chr_res_special_charactersE
                0x00001823       0x38 /var/folders/9c/qfhlwqcj6pnfnlg0r104bq2c0000gn/T/kz-controller-diagnostic-feiae547/ambika_controller/resources.o
                0x00001823                ambika::chr_res_special_characters
 .progmem.data._ZN6ambika18lookup_table_tableE
                0x0000185b       0x50 /var/folders/9c/qfhlwqcj6pnfnlg0r104bq2c0000gn/T/kz-controller-diagnostic-feiae547/ambika_controller/resources.o
                0x0000185b                ambika::lookup_table_table
 .progmem.data._ZN6ambika21lut_res_groove_monkeyE
                0x000018ab       0x20 /var/folders/9c/qfhlwqcj6pnfnlg0r104bq2c0000gn/T/kz-controller-diagnostic-feiae547/ambika_controller/resources.o
                0x000018ab                ambika::lut_res_groove_monkey
 .progmem.data._ZN6ambika20lut_res_groove_humanE
                0x000018cb       0x20 /var/folders/9c/qfhlwqcj6pnfnlg0r104bq2c0000gn/T/kz-controller-diagnostic-feiae547/ambika_controller/resources.o
                0x000018cb                ambika::lut_res_groove_human
 .progmem.data._ZN6ambika18lut_res_groove_lagE
                0x000018eb       0x20 /var/folders/9c/qfhlwqcj6pnfnlg0r104bq2c0000gn/T/kz-controller-diagnostic-feiae547/ambika_controller/resources.o
                0x000018eb                ambika::lut_res_groove_lag
 .progmem.data._ZN6ambika19lut_res_groove_pushE
                0x0000190b       0x20 /var/folders/9c/qfhlwqcj6pnfnlg0r104bq2c0000gn/T/kz-controller-diagnostic-feiae547/ambika_controller/resources.o
                0x0000190b                ambika::lut_res_groove_push
 .progmem.data._ZN6ambika22lut_res_groove_shuffleE
                0x0000192b       0x20 /var/folders/9c/qfhlwqcj6pnfnlg0r104bq2c0000gn/T/kz-controller-diagnostic-feiae547/ambika_controller/resources.o
                0x0000192b                ambika::lut_res_groove_shuffle
 .progmem.data._ZN6ambika20lut_res_groove_swingE
                0x0000194b       0x20 /var/folders/9c/qfhlwqcj6pnfnlg0r104bq2c0000gn/T/kz-controller-diagnostic-feiae547/ambika_controller/resources.o
                0x0000194b                ambika::lut_res_groove_swing
 .progmem.data._ZN6ambika28lut_res_arpeggiator_patternsE
                0x0000196b       0x2c /var/folders/9c/qfhlwqcj6pnfnlg0r104bq2c0000gn/T/kz-controller-diagnostic-feiae547/ambika_controller/resources.o
                0x0000196b                ambika::lut_res_arpeggiator_patterns
 .progmem.data._ZN6ambika24lut_res_scale_jogeshwariE
                0x00001997       0x18 /var/folders/9c/qfhlwqcj6pnfnlg0r104bq2c0000gn/T/kz-controller-diagnostic-feiae547/ambika_controller/resources.o
                0x00001997                ambika::lut_res_scale_jogeshwari
 .progmem.data._ZN6ambika26lut_res_scale_kaushik_todiE
                0x000019af       0x18 /var/folders/9c/qfhlwqcj6pnfnlg0r104bq2c0000gn/T/kz-controller-diagnostic-feiae547/ambika_controller/resources.o
                0x000019af                ambika::lut_res_scale_kaushik_todi
 .progmem.data._ZN6ambika25lut_res_scale_chandradeepE
                0x000019c7       0x18 /var/folders/9c/qfhlwqcj6pnfnlg0r104bq2c0000gn/T/kz-controller-diagnostic-feiae547/ambika_controller/resources.o
                0x000019c7                ambika::lut_res_scale_chandradeep
 .progmem.data._ZN6ambika20lut_res_scale_b_todiE
                0x000019df       0x18 /var/folders/9c/qfhlwqcj6pnfnlg0r104bq2c0000gn/T/kz-controller-diagnostic-feiae547/ambika_controller/resources.o
                0x000019df                ambika::lut_res_scale_b_todi
 .progmem.data._ZN6ambika21lut_res_scale_bairagiE
                0x000019f7       0x18 /var/folders/9c/qfhlwqcj6pnfnlg0r104bq2c0000gn/T/kz-controller-diagnostic-feiae547/ambika_controller/resources.o
                0x000019f7                ambika::lut_res_scale_bairagi
 .progmem.data._ZN6ambika21lut_res_scale_m_kaunsE
                0x00001a0f       0x18 /var/folders/9c/qfhlwqcj6pnfnlg0r104bq2c0000gn/T/kz-controller-diagnostic-feiae547/ambika_controller/resources.o
                0x00001a0f                ambika::lut_res_scale_m_kauns
 .progmem.data._ZN6ambika24lut_res_scale_natbhairavE
                0x00001a27       0x18 /var/folders/9c/qfhlwqcj6pnfnlg0r104bq2c0000gn/T/kz-controller-diagnostic-feiae547/ambika_controller/resources.o
                0x00001a27                ambika::lut_res_scale_natbhairav
 .progmem.data._ZN6ambika22lut_res_scale_pa__kafiE
                0x00001a3f       0x18 /var/folders/9c/qfhlwqcj6pnfnlg0r104bq2c0000gn/T/kz-controller-diagnostic-feiae547/ambika_controller/resources.o
                0x00001a3f                ambika::lut_res_scale_pa__kafi
 .progmem.data._ZN6ambika24lut_res_scale_kameshwariE
                0x00001a57       0x18 /var/folders/9c/qfhlwqcj6pnfnlg0r104bq2c0000gn/T/kz-controller-diagnostic-feiae547/ambika_controller/resources.o
                0x00001a57                ambika::lut_res_scale_kameshwari
 .progmem.data._ZN6ambika25lut_res_scale_gangeshwariE
                0x00001a6f       0x18 /var/folders/9c/qfhlwqcj6pnfnlg0r104bq2c0000gn/T/kz-controller-diagnostic-feiae547/ambika_controller/resources.o
                0x00001a6f                ambika::lut_res_scale_gangeshwari
 .progmem.data._ZN6ambika25lut_res_scale_rangeshwariE
                0x00001a87       0x18 /var/folders/9c/qfhlwqcj6pnfnlg0r104bq2c0000gn/T/kz-controller-diagnostic-feiae547/ambika_controller/resources.o
                0x00001a87                ambika::lut_res_scale_rangeshwari
 .progmem.data._ZN6ambika26lut_res_scale_parameshwariE
                0x00001a9f       0x18 /var/folders/9c/qfhlwqcj6pnfnlg0r104bq2c0000gn/T/kz-controller-diagnostic-feiae547/ambika_controller/resources.o
                0x00001a9f                ambika::lut_res_scale_parameshwari
 .progmem.data._ZN6ambika19lut_res_scale_mimalE
                0x00001ab7       0x18 /var/folders/9c/qfhlwqcj6pnfnlg0r104bq2c0000gn/T/kz-controller-diagnostic-feiae547/ambika_controller/resources.o
                0x00001ab7                ambika::lut_res_scale_mimal
 .progmem.data._ZN6ambika20lut_res_scale_khamajE
                0x00001acf       0x18 /var/folders/9c/qfhlwqcj6pnfnlg0r104bq2c0000gn/T/kz-controller-diagnostic-feiae547/ambika_controller/resources.o
                0x00001acf                ambika::lut_res_scale_khamaj
 .progmem.data._ZN6ambika23lut_res_scale_rageshreeE
                0x00001ae7       0x18 /var/folders/9c/qfhlwqcj6pnfnlg0r104bq2c0000gn/T/kz-controller-diagnostic-feiae547/ambika_controller/resources.o
                0x00001ae7                ambika::lut_res_scale_rageshree
 .progmem.data._ZN6ambika21lut_res_scale_darbariE
                0x00001aff       0x18 /var/folders/9c/qfhlwqcj6pnfnlg0r104bq2c0000gn/T/kz-controller-diagnostic-feiae547/ambika_controller/resources.o
                0x00001aff                ambika::lut_res_scale_darbari
 .progmem.data._ZN6ambika26lut_res_scale_bhimpalasreeE
                0x00001b17       0x18 /var/folders/9c/qfhlwqcj6pnfnlg0r104bq2c0000gn/T/kz-controller-diagnostic-feiae547/ambika_controller/resources.o
                0x00001b17                ambika::lut_res_scale_bhimpalasree
 .progmem.data._ZN6ambika18lut_res_scale_kafiE
                0x00001b2f       0x18 /var/folders/9c/qfhlwqcj6pnfnlg0r104bq2c0000gn/T/kz-controller-diagnostic-feiae547/ambika_controller/resources.o
                0x00001b2f                ambika::lut_res_scale_kafi
 .progmem.data._ZN6ambika19lut_res_scale_yamanE
                0x00001b47       0x18 /var/folders/9c/qfhlwqcj6pnfnlg0r104bq2c0000gn/T/kz-controller-diagnostic-feiae547/ambika_controller/resources.o
                0x00001b47                ambika::lut_res_scale_yaman
 .progmem.data._ZN6ambika21lut_res_scale_bilawalE
                0x00001b5f       0x18 /var/folders/9c/qfhlwqcj6pnfnlg0r104bq2c0000gn/T/kz-controller-diagnostic-feiae547/ambika_controller/resources.o
                0x00001b5f                ambika::lut_res_scale_bilawal
 .progmem.data._ZN6ambika19lut_res_scale_purviE
                0x00001b77       0x18 /var/folders/9c/qfhlwqcj6pnfnlg0r104bq2c0000gn/T/kz-controller-diagnostic-feiae547/ambika_controller/resources.o
                0x00001b77                ambika::lut_res_scale_purvi
 .progmem.data._ZN6ambika19lut_res_scale_shreeE
                0x00001b8f       0x18 /var/folders/9c/qfhlwqcj6pnfnlg0r104bq2c0000gn/T/kz-controller-diagnostic-feiae547/ambika_controller/resources.o
                0x00001b8f                ambika::lut_res_scale_shree
 .progmem.data._ZN6ambika19lut_res_scale_marwaE
                0x00001ba7       0x18 /var/folders/9c/qfhlwqcj6pnfnlg0r104bq2c0000gn/T/kz-controller-diagnostic-feiae547/ambika_controller/resources.o
                0x00001ba7                ambika::lut_res_scale_marwa
 .progmem.data._ZN6ambika21lut_res_scale_gunakriE
                0x00001bbf       0x18 /var/folders/9c/qfhlwqcj6pnfnlg0r104bq2c0000gn/T/kz-controller-diagnostic-feiae547/ambika_controller/resources.o
                0x00001bbf                ambika::lut_res_scale_gunakri
 .progmem.data._ZN6ambika21lut_res_scale_bhairavE
                0x00001bd7       0x18 /var/folders/9c/qfhlwqcj6pnfnlg0r104bq2c0000gn/T/kz-controller-diagnostic-feiae547/ambika_controller/resources.o
                0x00001bd7                ambika::lut_res_scale_bhairav
 .progmem.data._ZN6ambika20lut_res_scale_1_4_eaE
                0x00001bef       0x18 /var/folders/9c/qfhlwqcj6pnfnlg0r104bq2c0000gn/T/kz-controller-diagnostic-feiae547/ambika_controller/resources.o
                0x00001bef                ambika::lut_res_scale_1_4_ea
 .progmem.data._ZN6ambika19lut_res_scale_1_4_eE
                0x00001c07       0x18 /var/folders/9c/qfhlwqcj6pnfnlg0r104bq2c0000gn/T/kz-controller-diagnostic-feiae547/ambika_controller/resources.o
                0x00001c07                ambika::lut_res_scale_1_4_e
 .progmem.data._ZN6ambika20lut_res_scale_1_4_ebE
                0x00001c1f       0x18 /var/folders/9c/qfhlwqcj6pnfnlg0r104bq2c0000gn/T/kz-controller-diagnostic-feiae547/ambika_controller/resources.o
                0x00001c1f                ambika::lut_res_scale_1_4_eb
 .progmem.data._ZN6ambika25lut_res_scale_pythagoreanE
                0x00001c37       0x18 /var/folders/9c/qfhlwqcj6pnfnlg0r104bq2c0000gn/T/kz-controller-diagnostic-feiae547/ambika_controller/resources.o
                0x00001c37                ambika::lut_res_scale_pythagorean
 .progmem.data._ZN6ambika18lut_res_scale_justE
                0x00001c4f       0x18 /var/folders/9c/qfhlwqcj6pnfnlg0r104bq2c0000gn/T/kz-controller-diagnostic-feiae547/ambika_controller/resources.o
                0x00001c4f                ambika::lut_res_scale_just
 .progmem.data._ZN6ambika22lut_res_lfo_incrementsE
                0x00001c67      0x100 /var/folders/9c/qfhlwqcj6pnfnlg0r104bq2c0000gn/T/kz-controller-diagnostic-feiae547/ambika_controller/resources.o
                0x00001c67                ambika::lut_res_lfo_increments
 .progmem.data._ZN6ambika12string_tableE
                0x00001d67      0x326 /var/folders/9c/qfhlwqcj6pnfnlg0r104bq2c0000gn/T/kz-controller-diagnostic-feiae547/ambika_controller/resources.o
                0x00001d67                ambika::string_table
 .progmem.data._ZN6ambikaL20str_res_undo_historyE
                0x0000208d        0xd /var/folders/9c/qfhlwqcj6pnfnlg0r104bq2c0000gn/T/kz-controller-diagnostic-feiae547/ambika_controller/resources.o
 .progmem.data._ZN6ambikaL12str_res_undoE
                0x0000209a        0x5 /var/folders/9c/qfhlwqcj6pnfnlg0r104bq2c0000gn/T/kz-controller-diagnostic-feiae547/ambika_controller/resources.o
 .progmem.data._ZN6ambikaL18str_res_load_delayE
                0x0000209f        0xb /var/folders/9c/qfhlwqcj6pnfnlg0r104bq2c0000gn/T/kz-controller-diagnostic-feiae547/ambika_controller/resources.o
 .progmem.data._ZN6ambikaL12str_res_ldlyE
                0x000020aa        0x5 /var/folders/9c/qfhlwqcj6pnfnlg0r104bq2c0000gn/T/kz-controller-diagnostic-feiae547/ambika_controller/resources.o
 .progmem.data._ZN6ambikaL13str_res_rasiaE
                0x000020af        0x6 /var/folders/9c/qfhlwqcj6pnfnlg0r104bq2c0000gn/T/kz-controller-diagnostic-feiae547/ambika_controller/resources.o
 .progmem.data._ZN6ambikaL18str_res_jogeshwariE
                0x000020b5        0xb /var/folders/9c/qfhlwqcj6pnfnlg0r104bq2c0000gn/T/kz-controller-diagnostic-feiae547/ambika_controller/resources.o
 .progmem.data._ZN6ambikaL20str_res_kaushik_todiE
                0x000020c0        0xd /var/folders/9c/qfhlwqcj6pnfnlg0r104bq2c0000gn/T/kz-controller-diagnostic-feiae547/ambika_controller/resources.o
 .progmem.data._ZN6ambikaL19str_res_chandradeepE
                0x000020cd        0xc /var/folders/9c/qfhlwqcj6pnfnlg0r104bq2c0000gn/T/kz-controller-diagnostic-feiae547/ambika_controller/resources.o
 .progmem.data._ZN6ambikaL14str_res_b_todiE
                0x000020d9        0x7 /var/folders/9c/qfhlwqcj6pnfnlg0r104bq2c0000gn/T/kz-controller-diagnostic-feiae547/ambika_controller/resources.o
 .progmem.data._ZN6ambikaL15str_res_bairagiE
                0x000020e0        0x8 /var/folders/9c/qfhlwqcj6pnfnlg0r104bq2c0000gn/T/kz-controller-diagnostic-feiae547/ambika_controller/resources.o
 .progmem.data._ZN6ambikaL15str_res_m_kaunsE
                0x000020e8        0x8 /var/folders/9c/qfhlwqcj6pnfnlg0r104bq2c0000gn/T/kz-controller-diagnostic-feiae547/ambika_controller/resources.o
 .progmem.data._ZN6ambikaL18str_res_natbhairavE
                0x000020f0        0xb /var/folders/9c/qfhlwqcj6pnfnlg0r104bq2c0000gn/T/kz-controller-diagnostic-feiae547/ambika_controller/resources.o
 .progmem.data._ZN6ambikaL16str_res_pa__kafiE
                0x000020fb        0x9 /var/folders/9c/qfhlwqcj6pnfnlg0r104bq2c0000gn/T/kz-controller-diagnostic-feiae547/ambika_controller/resources.o
 .progmem.data._ZN6ambikaL18str_res_kameshwariE
                0x00002104        0xb /var/folders/9c/qfhlwqcj6pnfnlg0r104bq2c0000gn/T/kz-controller-diagnostic-feiae547/ambika_controller/resources.o
 .progmem.data._ZN6ambikaL19str_res_gangeshwariE
                0x0000210f        0xc /var/folders/9c/qfhlwqcj6pnfnlg0r104bq2c0000gn/T/kz-controller-diagnostic-feiae547/ambika_controller/resources.o
 .progmem.data._ZN6ambikaL19str_res_rangeshwariE
                0x0000211b        0xc /var/folders/9c/qfhlwqcj6pnfnlg0r104bq2c0000gn/T/kz-controller-diagnostic-feiae547/ambika_controller/resources.o
 .progmem.data._ZN6ambikaL20str_res_parameshwariE
                0x00002127        0xd /var/folders/9c/qfhlwqcj6pnfnlg0r104bq2c0000gn/T/kz-controller-diagnostic-feiae547/ambika_controller/resources.o
 .progmem.data._ZN6ambikaL13str_res_mimalE
                0x00002134        0x7 /var/folders/9c/qfhlwqcj6pnfnlg0r104bq2c0000gn/T/kz-controller-diagnostic-feiae547/ambika_controller/resources.o
 .progmem.data._ZN6ambikaL14str_res_khamajE
                0x0000213b        0x7 /var/folders/9c/qfhlwqcj6pnfnlg0r104bq2c0000gn/T/kz-controller-diagnostic-feiae547/ambika_controller/resources.o
 .progmem.data._ZN6ambikaL17str_res_rageshreeE
                0x00002142        0xa /var/folders/9c/qfhlwqcj6pnfnlg0r104bq2c0000gn/T/kz-controller-diagnostic-feiae547/ambika_controller/resources.o
 .progmem.data._ZN6ambikaL17str_res_bageshreeE
                0x0000214c        0xa /var/folders/9c/qfhlwqcj6pnfnlg0r104bq2c0000gn/T/kz-controller-diagnostic-feiae547/ambika_controller/resources.o
 .progmem.data._ZN6ambikaL15str_res_darbariE
                0x00002156        0x8 /var/folders/9c/qfhlwqcj6pnfnlg0r104bq2c0000gn/T/kz-controller-diagnostic-feiae547/ambika_controller/resources.o
 .progmem.data._ZN6ambikaL20str_res_bhimpalasreeE
                0x0000215e        0xd /var/folders/9c/qfhlwqcj6pnfnlg0r104bq2c0000gn/T/kz-controller-diagnostic-feiae547/ambika_controller/resources.o
 .progmem.data._ZN6ambikaL12str_res_kafiE
                0x0000216b        0x5 /var/folders/9c/qfhlwqcj6pnfnlg0r104bq2c0000gn/T/kz-controller-diagnostic-feiae547/ambika_controller/resources.o
 .progmem.data._ZN6ambikaL13str_res_yamanE
                0x00002170        0x6 /var/folders/9c/qfhlwqcj6pnfnlg0r104bq2c0000gn/T/kz-controller-diagnostic-feiae547/ambika_controller/resources.o
 .progmem.data._ZN6ambikaL15str_res_bilawalE
                0x00002176        0x8 /var/folders/9c/qfhlwqcj6pnfnlg0r104bq2c0000gn/T/kz-controller-diagnostic-feiae547/ambika_controller/resources.o
 .progmem.data._ZN6ambikaL13str_res_purviE
                0x0000217e        0x6 /var/folders/9c/qfhlwqcj6pnfnlg0r104bq2c0000gn/T/kz-controller-diagnostic-feiae547/ambika_controller/resources.o
 .progmem.data._ZN6ambikaL13str_res_shreeE
                0x00002184        0x6 /var/folders/9c/qfhlwqcj6pnfnlg0r104bq2c0000gn/T/kz-controller-diagnostic-feiae547/ambika_controller/resources.o
 .progmem.data._ZN6ambikaL13str_res_marwaE
                0x0000218a        0x6 /var/folders/9c/qfhlwqcj6pnfnlg0r104bq2c0000gn/T/kz-controller-diagnostic-feiae547/ambika_controller/resources.o
 .progmem.data._ZN6ambikaL15str_res_gunakriE
                0x00002190        0x8 /var/folders/9c/qfhlwqcj6pnfnlg0r104bq2c0000gn/T/kz-controller-diagnostic-feiae547/ambika_controller/resources.o
 .progmem.data._ZN6ambikaL15str_res_bhairavE
                0x00002198        0x8 /var/folders/9c/qfhlwqcj6pnfnlg0r104bq2c0000gn/T/kz-controller-diagnostic-feiae547/ambika_controller/resources.o
 .progmem.data._ZN6ambikaL14str_res_1_4_eaE
                0x000021a0        0x7 /var/folders/9c/qfhlwqcj6pnfnlg0r104bq2c0000gn/T/kz-controller-diagnostic-feiae547/ambika_controller/resources.o
 .progmem.data._ZN6ambikaL13str_res_1_4_eE
                0x000021a7        0x6 /var/folders/9c/qfhlwqcj6pnfnlg0r104bq2c0000gn/T/kz-controller-diagnostic-feiae547/ambika_controller/resources.o
 .progmem.data._ZN6ambikaL14str_res_1_4_ebE
                0x000021ad        0x7 /var/folders/9c/qfhlwqcj6pnfnlg0r104bq2c0000gn/T/kz-controller-diagnostic-feiae547/ambika_controller/resources.o
 .progmem.data._ZN6ambikaL19str_res_pythagoreanE
                0x000021b4        0xc /var/folders/9c/qfhlwqcj6pnfnlg0r104bq2c0000gn/T/kz-controller-diagnostic-feiae547/ambika_controller/resources.o
 .progmem.data._ZN6ambikaL12str_res_justE
                0x000021c0        0x5 /var/folders/9c/qfhlwqcj6pnfnlg0r104bq2c0000gn/T/kz-controller-diagnostic-feiae547/ambika_controller/resources.o
 .progmem.data._ZN6ambikaL13str_res_equalE
                0x000021c5        0x6 /var/folders/9c/qfhlwqcj6pnfnlg0r104bq2c0000gn/T/kz-controller-diagnostic-feiae547/ambika_controller/resources.o
 .progmem.data._ZN6ambikaL11str_res____E
                0x000021cb        0x4 /var/folders/9c/qfhlwqcj6pnfnlg0r104bq2c0000gn/T/kz-controller-diagnostic-feiae547/ambika_controller/resources.o
 .progmem.data._ZN6ambikaL14str_res__multiE
                0x000021cf        0x6 /var/folders/9c/qfhlwqcj6pnfnlg0r104bq2c0000gn/T/kz-controller-diagnostic-feiae547/ambika_controller/resources.o
 .progmem.data._ZN6ambikaL15str_res_programE
                0x000021d5        0x8 /var/folders/9c/qfhlwqcj6pnfnlg0r104bq2c0000gn/T/kz-controller-diagnostic-feiae547/ambika_controller/resources.o
 .progmem.data._ZN6ambikaL16str_res_sequenceE
                0x000021dd        0x9 /var/folders/9c/qfhlwqcj6pnfnlg0r104bq2c0000gn/T/kz-controller-diagnostic-feiae547/ambika_controller/resources.o
 .progmem.data._ZN6ambikaL13str_res_patchE
                0x000021e6        0x6 /var/folders/9c/qfhlwqcj6pnfnlg0r104bq2c0000gn/T/kz-controller-diagnostic-feiae547/ambika_controller/resources.o
 .progmem.data._ZN6ambikaL12str_res_initE
                0x000021ec        0x5 /var/folders/9c/qfhlwqcj6pnfnlg0r104bq2c0000gn/T/kz-controller-diagnostic-feiae547/ambika_controller/resources.o
 .progmem.data._ZN6ambikaL17str_res_randomizeE
                0x000021f1        0xa /var/folders/9c/qfhlwqcj6pnfnlg0r104bq2c0000gn/T/kz-controller-diagnostic-feiae547/ambika_controller/resources.o
 .progmem.data._ZN6ambikaL20str_res_pt_x_programE
                0x000021fb        0xd /var/folders/9c/qfhlwqcj6pnfnlg0r104bq2c0000gn/T/kz-controller-diagnostic-feiae547/ambika_controller/resources.o
 .progmem.data._ZN6ambikaL21str_res_pt_x_sequenceE
                0x00002208        0xe /var/folders/9c/qfhlwqcj6pnfnlg0r104bq2c0000gn/T/kz-controller-diagnostic-feiae547/ambika_controller/resources.o
 .progmem.data._ZN6ambikaL18str_res_pt_x_patchE
                0x00002216        0xb /var/folders/9c/qfhlwqcj6pnfnlg0r104bq2c0000gn/T/kz-controller-diagnostic-feiae547/ambika_controller/resources.o
 .progmem.data._ZN6ambikaL14str_res_systemE
                0x00002221        0x7 /var/folders/9c/qfhlwqcj6pnfnlg0r104bq2c0000gn/T/kz-controller-diagnostic-feiae547/ambika_controller/resources.o
 .progmem.data._ZN6ambikaL19str_res_performanceE
                0x00002228        0xc /var/folders/9c/qfhlwqcj6pnfnlg0r104bq2c0000gn/T/kz-controller-diagnostic-feiae547/ambika_controller/resources.o
 .progmem.data._ZN6ambikaL13str_res_clockE
                0x00002234        0x6 /var/folders/9c/qfhlwqcj6pnfnlg0r104bq2c0000gn/T/kz-controller-diagnostic-feiae547/ambika_controller/resources.o
 .progmem.data._ZN6ambikaL13str_res_multiE
                0x0000223a        0x6 /var/folders/9c/qfhlwqcj6pnfnlg0r104bq2c0000gn/T/kz-controller-diagnostic-feiae547/ambika_controller/resources.o
 .progmem.data._ZN6ambikaL19str_res_arpeggiatorE
                0x00002240        0xc /var/folders/9c/qfhlwqcj6pnfnlg0r104bq2c0000gn/T/kz-controller-diagnostic-feiae547/ambika_controller/resources.o
 .progmem.data._ZN6ambikaL16str_res_envelopeE
                0x0000224c        0x9 /var/folders/9c/qfhlwqcj6pnfnlg0r104bq2c0000gn/T/kz-controller-diagnostic-feiae547/ambika_controller/resources.o
 .progmem.data._ZN6ambikaL16str_res_filter_2E
                0x00002255        0x9 /var/folders/9c/qfhlwqcj6pnfnlg0r104bq2c0000gn/T/kz-controller-diagnostic-feiae547/ambika_controller/resources.o
 .progmem.data._ZN6ambikaL16str_res_filter_1E
                0x0000225e        0x9 /var/folders/9c/qfhlwqcj6pnfnlg0r104bq2c0000gn/T/kz-controller-diagnostic-feiae547/ambika_controller/resources.o
 .progmem.data._ZN6ambikaL11str_res_lfoE
                0x00002267        0x4 /var/folders/9c/qfhlwqcj6pnfnlg0r104bq2c0000gn/T/kz-controller-diagnostic-feiae547/ambika_controller/resources.o
 .progmem.data._ZN6ambikaL13str_res_mixerE
                0x0000226b        0x6 /var/folders/9c/qfhlwqcj6pnfnlg0r104bq2c0000gn/T/kz-controller-diagnostic-feiae547/ambika_controller/resources.o
 .progmem.data._ZN6ambikaL20str_res_oscillator_2E
                0x00002271        0xd /var/folders/9c/qfhlwqcj6pnfnlg0r104bq2c0000gn/T/kz-controller-diagnostic-feiae547/ambika_controller/resources.o
 .progmem.data._ZN6ambikaL20str_res_oscillator_1E
                0x0000227e        0xd /var/folders/9c/qfhlwqcj6pnfnlg0r104bq2c0000gn/T/kz-controller-diagnostic-feiae547/ambika_controller/resources.o
 .progmem.data._ZN6ambikaL14str_res_monkeyE
                0x0000228b        0x7 /var/folders/9c/qfhlwqcj6pnfnlg0r104bq2c0000gn/T/kz-controller-diagnostic-feiae547/ambika_controller/resources.o
 .progmem.data._ZN6ambikaL13str_res_humanE
                0x00002292        0x6 /var/folders/9c/qfhlwqcj6pnfnlg0r104bq2c0000gn/T/kz-controller-diagnostic-feiae547/ambika_controller/resources.o
 .progmem.data._ZN6ambikaL12str_res_pushE
                0x00002298        0x5 /var/folders/9c/qfhlwqcj6pnfnlg0r104bq2c0000gn/T/kz-controller-diagnostic-feiae547/ambika_controller/resources.o
 .progmem.data._ZN6ambikaL15str_res_shuffleE
                0x0000229d        0x8 /var/folders/9c/qfhlwqcj6pnfnlg0r104bq2c0000gn/T/kz-controller-diagnostic-feiae547/ambika_controller/resources.o
 .progmem.data._ZN6ambikaL13str_res_swingE
                0x000022a5        0x6 /var/folders/9c/qfhlwqcj6pnfnlg0r104bq2c0000gn/T/kz-controller-diagnostic-feiae547/ambika_controller/resources.o
 .progmem.data._ZN6ambikaL12str_res_cnpsE
                0x000022ab        0x5 /var/folders/9c/qfhlwqcj6pnfnlg0r104bq2c0000gn/T/kz-controller-diagnostic-feiae547/ambika_controller/resources.o
 .progmem.data._ZN6ambikaL12str_res_cnp_E
                0x000022b0        0x5 /var/folders/9c/qfhlwqcj6pnfnlg0r104bq2c0000gn/T/kz-controller-diagnostic-feiae547/ambika_controller/resources.o
 .progmem.data._ZN6ambikaL12str_res_cn_sE
                0x000022b5        0x5 /var/folders/9c/qfhlwqcj6pnfnlg0r104bq2c0000gn/T/kz-controller-diagnostic-feiae547/ambika_controller/resources.o
 .progmem.data._ZN6ambikaL12str_res_cn__E
                0x000022ba        0x5 /var/folders/9c/qfhlwqcj6pnfnlg0r104bq2c0000gn/T/kz-controller-diagnostic-feiae547/ambika_controller/resources.o
 .progmem.data._ZN6ambikaL12str_res_c_psE
                0x000022bf        0x5 /var/folders/9c/qfhlwqcj6pnfnlg0r104bq2c0000gn/T/kz-controller-diagnostic-feiae547/ambika_controller/resources.o
 .progmem.data._ZN6ambikaL12str_res_c_p_E
                0x000022c4        0x5 /var/folders/9c/qfhlwqcj6pnfnlg0r104bq2c0000gn/T/kz-controller-diagnostic-feiae547/ambika_controller/resources.o
 .progmem.data._ZN6ambikaL12str_res_c__sE
                0x000022c9        0x5 /var/folders/9c/qfhlwqcj6pnfnlg0r104bq2c0000gn/T/kz-controller-diagnostic-feiae547/ambika_controller/resources.o
 .progmem.data._ZN6ambikaL12str_res_c___E
                0x000022ce        0x5 /var/folders/9c/qfhlwqcj6pnfnlg0r104bq2c0000gn/T/kz-controller-diagnostic-feiae547/ambika_controller/resources.o
 .progmem.data._ZN6ambikaL12str_res__npsE
                0x000022d3        0x5 /var/folders/9c/qfhlwqcj6pnfnlg0r104bq2c0000gn/T/kz-controller-diagnostic-feiae547/ambika_controller/resources.o
 .progmem.data._ZN6ambikaL12str_res__np_E
                0x000022d8        0x5 /var/folders/9c/qfhlwqcj6pnfnlg0r104bq2c0000gn/T/kz-controller-diagnostic-feiae547/ambika_controller/resources.o
 .progmem.data._ZN6ambikaL12str_res__n_sE
                0x000022dd        0x5 /var/folders/9c/qfhlwqcj6pnfnlg0r104bq2c0000gn/T/kz-controller-diagnostic-feiae547/ambika_controller/resources.o
 .progmem.data._ZN6ambikaL12str_res__n__E
                0x000022e2        0x5 /var/folders/9c/qfhlwqcj6pnfnlg0r104bq2c0000gn/T/kz-controller-diagnostic-feiae547/ambika_controller/resources.o
 .progmem.data._ZN6ambikaL12str_res___psE
                0x000022e7        0x5 /var/folders/9c/qfhlwqcj6pnfnlg0r104bq2c0000gn/T/kz-controller-diagnostic-feiae547/ambika_controller/resources.o
 .progmem.data._ZN6ambikaL12str_res___p_E
                0x000022ec        0x5 /var/folders/9c/qfhlwqcj6pnfnlg0r104bq2c0000gn/T/kz-controller-diagnostic-feiae547/ambika_controller/resources.o
 .progmem.data._ZN6ambikaL12str_res____sE
                0x000022f1        0x5 /var/folders/9c/qfhlwqcj6pnfnlg0r104bq2c0000gn/T/kz-controller-diagnostic-feiae547/ambika_controller/resources.o
 .progmem.data._ZN6ambikaL12str_res_____E
                0x000022f6        0x5 /var/folders/9c/qfhlwqcj6pnfnlg0r104bq2c0000gn/T/kz-controller-diagnostic-feiae547/ambika_controller/resources.o
 .progmem.data._ZN6ambikaL12str_res_lkeyE
                0x000022fb        0x5 /var/folders/9c/qfhlwqcj6pnfnlg0r104bq2c0000gn/T/kz-controller-diagnostic-feiae547/ambika_controller/resources.o
 .progmem.data._ZN6ambikaL17str_res_launchkeyE
                0x00002300        0xa /var/folders/9c/qfhlwqcj6pnfnlg0r104bq2c0000gn/T/kz-controller-diagnostic-feiae547/ambika_controller/resources.o
 .progmem.data._ZN6ambikaL17str_res_shruthixtE
                0x0000230a        0xa /var/folders/9c/qfhlwqcj6pnfnlg0r104bq2c0000gn/T/kz-controller-diagnostic-feiae547/ambika_controller/resources.o
 .progmem.data._ZN6ambikaL14str_res_ambikaE
                0x00002314        0x7 /var/folders/9c/qfhlwqcj6pnfnlg0r104bq2c0000gn/T/kz-controller-diagnostic-feiae547/ambika_controller/resources.o
 .progmem.data._ZN6ambikaL12str_res_fullE
                0x0000231b        0x5 /var/folders/9c/qfhlwqcj6pnfnlg0r104bq2c0000gn/T/kz-controller-diagnostic-feiae547/ambika_controller/resources.o
 .progmem.data._ZN6ambikaL17str_res_controllrE
                0x00002320        0xa /var/folders/9c/qfhlwqcj6pnfnlg0r104bq2c0000gn/T/kz-controller-diagnostic-feiae547/ambika_controller/resources.o
 .progmem.data._ZN6ambikaL17str_res_sequencerE
                0x0000232a        0xa /var/folders/9c/qfhlwqcj6pnfnlg0r104bq2c0000gn/T/kz-controller-diagnostic-feiae547/ambika_controller/resources.o
 .progmem.data._ZN6ambikaL12str_res_thruE
                0x00002334        0x5 /var/folders/9c/qfhlwqcj6pnfnlg0r104bq2c0000gn/T/kz-controller-diagnostic-feiae547/ambika_controller/resources.o
 .progmem.data._ZN6ambikaL12str_res_1_96E
                0x00002339        0x5 /var/folders/9c/qfhlwqcj6pnfnlg0r104bq2c0000gn/T/kz-controller-diagnostic-feiae547/ambika_controller/resources.o
 .progmem.data._ZN6ambikaL12str_res_1_48E
                0x0000233e        0x5 /var/folders/9c/qfhlwqcj6pnfnlg0r104bq2c0000gn/T/kz-controller-diagnostic-feiae547/ambika_controller/resources.o
 .progmem.data._ZN6ambikaL12str_res_1_32E
                0x00002343        0x5 /var/folders/9c/qfhlwqcj6pnfnlg0r104bq2c0000gn/T/kz-controller-diagnostic-feiae547/ambika_controller/resources.o
 .progmem.data._ZN6ambikaL12str_res_1_24E
                0x00002348        0x5 /var/folders/9c/qfhlwqcj6pnfnlg0r104bq2c0000gn/T/kz-controller-diagnostic-feiae547/ambika_controller/resources.o
 .progmem.data._ZN6ambikaL12str_res_1_16E
                0x0000234d        0x5 /var/folders/9c/qfhlwqcj6pnfnlg0r104bq2c0000gn/T/kz-controller-diagnostic-feiae547/ambika_controller/resources.o
 .progmem.data._ZN6ambikaL12str_res_1_12E
                0x00002352        0x5 /var/folders/9c/qfhlwqcj6pnfnlg0r104bq2c0000gn/T/kz-controller-diagnostic-feiae547/ambika_controller/resources.o
 .progmem.data._ZN6ambikaL11str_res_1_8E
                0x00002357        0x4 /var/folders/9c/qfhlwqcj6pnfnlg0r104bq2c0000gn/T/kz-controller-diagnostic-feiae547/ambika_controller/resources.o
 .progmem.data._ZN6ambikaL11str_res_1_6E
                0x0000235b        0x4 /var/folders/9c/qfhlwqcj6pnfnlg0r104bq2c0000gn/T/kz-controller-diagnostic-feiae547/ambika_controller/resources.o
 .progmem.data._ZN6ambikaL11str_res_1_4E
                0x0000235f        0x4 /var/folders/9c/qfhlwqcj6pnfnlg0r104bq2c0000gn/T/kz-controller-diagnostic-feiae547/ambika_controller/resources.o
 .progmem.data._ZN6ambikaL11str_res_1_3E
                0x00002363        0x4 /var/folders/9c/qfhlwqcj6pnfnlg0r104bq2c0000gn/T/kz-controller-diagnostic-feiae547/ambika_controller/resources.o
 .progmem.data._ZN6ambikaL11str_res_3_8E
                0x00002367        0x4 /var/folders/9c/qfhlwqcj6pnfnlg0r104bq2c0000gn/T/kz-controller-diagnostic-feiae547/ambika_controller/resources.o
 .progmem.data._ZN6ambikaL11str_res_1_2E
                0x0000236b        0x4 /var/folders/9c/qfhlwqcj6pnfnlg0r104bq2c0000gn/T/kz-controller-diagnostic-feiae547/ambika_controller/resources.o
 .progmem.data._ZN6ambikaL11str_res_2_3E
                0x0000236f        0x4 /var/folders/9c/qfhlwqcj6pnfnlg0r104bq2c0000gn/T/kz-controller-diagnostic-feiae547/ambika_controller/resources.o
 .progmem.data._ZN6ambikaL11str_res_3_4E
                0x00002373        0x4 /var/folders/9c/qfhlwqcj6pnfnlg0r104bq2c0000gn/T/kz-controller-diagnostic-feiae547/ambika_controller/resources.o
 .progmem.data._ZN6ambikaL11str_res_1_1E
                0x00002377        0x4 /var/folders/9c/qfhlwqcj6pnfnlg0r104bq2c0000gn/T/kz-controller-diagnostic-feiae547/ambika_controller/resources.o
 .progmem.data._ZN6ambikaL11str_res_2_1E
                0x0000237b        0x4 /var/folders/9c/qfhlwqcj6pnfnlg0r104bq2c0000gn/T/kz-controller-diagnostic-feiae547/ambika_controller/resources.o
 .progmem.data._ZN6ambikaL13str_res_chordE
                0x0000237f        0x6 /var/folders/9c/qfhlwqcj6pnfnlg0r104bq2c0000gn/T/kz-controller-diagnostic-feiae547/ambika_controller/resources.o
 .progmem.data._ZN6ambikaL14str_res_playedE
                0x00002385        0x7 /var/folders/9c/qfhlwqcj6pnfnlg0r104bq2c0000gn/T/kz-controller-diagnostic-feiae547/ambika_controller/resources.o
 .progmem.data._ZN6ambikaL15str_res_up_downE
                0x0000238c        0x8 /var/folders/9c/qfhlwqcj6pnfnlg0r104bq2c0000gn/T/kz-controller-diagnostic-feiae547/ambika_controller/resources.o
 .progmem.data._ZN6ambikaL12str_res_downE
                0x00002394        0x5 /var/folders/9c/qfhlwqcj6pnfnlg0r104bq2c0000gn/T/kz-controller-diagnostic-feiae547/ambika_controller/resources.o
 .progmem.data._ZN6ambikaL10str_res_upE
                0x00002399        0x3 /var/folders/9c/qfhlwqcj6pnfnlg0r104bq2c0000gn/T/kz-controller-diagnostic-feiae547/ambika_controller/resources.o
 .progmem.data._ZN6ambikaL13str_res_chainE
                0x0000239c        0x6 /var/folders/9c/qfhlwqcj6pnfnlg0r104bq2c0000gn/T/kz-controller-diagnostic-feiae547/ambika_controller/resources.o
 .progmem.data._ZN6ambikaL14str_res_cyclicE
                0x000023a2        0x7 /var/folders/9c/qfhlwqcj6pnfnlg0r104bq2c0000gn/T/kz-controller-diagnostic-feiae547/ambika_controller/resources.o
 .progmem.data._ZN6ambikaL17str_res_2x_unisonE
                0x000023a9        0xa /var/folders/9c/qfhlwqcj6pnfnlg0r104bq2c0000gn/T/kz-controller-diagnostic-feiae547/ambika_controller/resources.o
 .progmem.data._ZN6ambikaL12str_res_soloE
                0x000023b3        0x5 /var/folders/9c/qfhlwqcj6pnfnlg0r104bq2c0000gn/T/kz-controller-diagnostic-feiae547/ambika_controller/resources.o
 .progmem.data._ZN6ambikaL12str_res_polyE
                0x000023b8        0x5 /var/folders/9c/qfhlwqcj6pnfnlg0r104bq2c0000gn/T/kz-controller-diagnostic-feiae547/ambika_controller/resources.o
 .progmem.data._ZN6ambikaL12str_res_monoE
                0x000023bd        0x5 /var/folders/9c/qfhlwqcj6pnfnlg0r104bq2c0000gn/T/kz-controller-diagnostic-feiae547/ambika_controller/resources.o
 .progmem.data._ZN6ambikaL11str_res_lagE
                0x000023c2        0x4 /var/folders/9c/qfhlwqcj6pnfnlg0r104bq2c0000gn/T/kz-controller-diagnostic-feiae547/ambika_controller/resources.o
 .progmem.data._ZN6ambikaL11str_res_qtzE
                0x000023c6        0x4 /var/folders/9c/qfhlwqcj6pnfnlg0r104bq2c0000gn/T/kz-controller-diagnostic-feiae547/ambika_controller/resources.o
 .progmem.data._ZN6ambikaL10str_res_leE
                0x000023ca        0x3 /var/folders/9c/qfhlwqcj6pnfnlg0r104bq2c0000gn/T/kz-controller-diagnostic-feiae547/ambika_controller/resources.o
 .progmem.data._ZN6ambikaL10str_res_geE
                0x000023cd        0x3 /var/folders/9c/qfhlwqcj6pnfnlg0r104bq2c0000gn/T/kz-controller-diagnostic-feiae547/ambika_controller/resources.o
 .progmem.data._ZN6ambikaL11str_res_minE
                0x000023d0        0x4 /var/folders/9c/qfhlwqcj6pnfnlg0r104bq2c0000gn/T/kz-controller-diagnostic-feiae547/ambika_controller/resources.o
 .progmem.data._ZN6ambikaL11str_res_maxE
                0x000023d4        0x4 /var/folders/9c/qfhlwqcj6pnfnlg0r104bq2c0000gn/T/kz-controller-diagnostic-feiae547/ambika_controller/resources.o
 .progmem.data._ZN6ambikaL12str_res_attnE
                0x000023d8        0x5 /var/folders/9c/qfhlwqcj6pnfnlg0r104bq2c0000gn/T/kz-controller-diagnostic-feiae547/ambika_controller/resources.o
 .progmem.data._ZN6ambikaL12str_res_prodE
                0x000023dd        0x5 /var/folders/9c/qfhlwqcj6pnfnlg0r104bq2c0000gn/T/kz-controller-diagnostic-feiae547/ambika_controller/resources.o
 .progmem.data._ZN6ambikaL11str_res_addE
                0x000023e2        0x4 /var/folders/9c/qfhlwqcj6pnfnlg0r104bq2c0000gn/T/kz-controller-diagnostic-feiae547/ambika_controller/resources.o
 .progmem.data._ZN6ambikaL17str_res_chord_seqE
                0x000023e6        0xa /var/folders/9c/qfhlwqcj6pnfnlg0r104bq2c0000gn/T/kz-controller-diagnostic-feiae547/ambika_controller/resources.o
 .progmem.data._ZN6ambikaL16str_res_arpeggioE
                0x000023f0        0x9 /var/folders/9c/qfhlwqcj6pnfnlg0r104bq2c0000gn/T/kz-controller-diagnostic-feiae547/ambika_controller/resources.o
 .progmem.data._ZN6ambikaL16str_res_step_seqE
                0x000023f9        0x9 /var/folders/9c/qfhlwqcj6pnfnlg0r104bq2c0000gn/T/kz-controller-diagnostic-feiae547/ambika_controller/resources.o
 .progmem.data._ZN6ambikaL15str_res_lfoTenvE
                0x00002402        0x8 /var/folders/9c/qfhlwqcj6pnfnlg0r104bq2c0000gn/T/kz-controller-diagnostic-feiae547/ambika_controller/resources.o
 .progmem.data._ZN6ambikaL15str_res_envTlfoE
                0x0000240a        0x8 /var/folders/9c/qfhlwqcj6pnfnlg0r104bq2c0000gn/T/kz-controller-diagnostic-feiae547/ambika_controller/resources.o
 .progmem.data._ZN6ambikaL12str_res_freeE
                0x00002412        0x5 /var/folders/9c/qfhlwqcj6pnfnlg0r104bq2c0000gn/T/kz-controller-diagnostic-feiae547/ambika_controller/resources.o
 .progmem.data._ZN6ambikaL10str_res_ntE
                0x00002417        0x3 /var/folders/9c/qfhlwqcj6pnfnlg0r104bq2c0000gn/T/kz-controller-diagnostic-feiae547/ambika_controller/resources.o
 .progmem.data._ZN6ambikaL10str_res_hpE
                0x0000241a        0x3 /var/folders/9c/qfhlwqcj6pnfnlg0r104bq2c0000gn/T/kz-controller-diagnostic-feiae547/ambika_controller/resources.o
 .progmem.data._ZN6ambikaL10str_res_bpE
                0x0000241d        0x3 /var/folders/9c/qfhlwqcj6pnfnlg0r104bq2c0000gn/T/kz-controller-diagnostic-feiae547/ambika_controller/resources.o
 .progmem.data._ZN6ambikaL10str_res_lpE
                0x00002420        0x3 /var/folders/9c/qfhlwqcj6pnfnlg0r104bq2c0000gn/T/kz-controller-diagnostic-feiae547/ambika_controller/resources.o
 .progmem.data._ZN6ambikaL14str_res_drum_2E
                0x00002423        0x7 /var/folders/9c/qfhlwqcj6pnfnlg0r104bq2c0000gn/T/kz-controller-diagnostic-feiae547/ambika_controller/resources.o
 .progmem.data._ZN6ambikaL14str_res_drum_1E
                0x0000242a        0x7 /var/folders/9c/qfhlwqcj6pnfnlg0r104bq2c0000gn/T/kz-controller-diagnostic-feiae547/ambika_controller/resources.o
 .progmem.data._ZN6ambikaL17str_res_frequencyE
                0x00002431        0xa /var/folders/9c/qfhlwqcj6pnfnlg0r104bq2c0000gn/T/kz-controller-diagnostic-feiae547/ambika_controller/resources.o
 .progmem.data._ZN6ambikaL13str_res_crushE
                0x0000243b        0x6 /var/folders/9c/qfhlwqcj6pnfnlg0r104bq2c0000gn/T/kz-controller-diagnostic-feiae547/ambika_controller/resources.o
 .progmem.data._ZN6ambikaL14str_res_suboscE
                0x00002441        0x7 /var/folders/9c/qfhlwqcj6pnfnlg0r104bq2c0000gn/T/kz-controller-diagnostic-feiae547/ambika_controller/resources.o
 .progmem.data._ZN6ambikaL15str_res_vibratoE
                0x00002448        0x8 /var/folders/9c/qfhlwqcj6pnfnlg0r104bq2c0000gn/T/kz-controller-diagnostic-feiae547/ambika_controller/resources.o
 .progmem.data._ZN6ambikaL15str_res_osc_1S2E
                0x00002450        0x8 /var/folders/9c/qfhlwqcj6pnfnlg0r104bq2c0000gn/T/kz-controller-diagnostic-feiae547/ambika_controller/resources.o
 .progmem.data._ZN6ambikaL13str_res_osc_2E
                0x00002458        0x6 /var/folders/9c/qfhlwqcj6pnfnlg0r104bq2c0000gn/T/kz-controller-diagnostic-feiae547/ambika_controller/resources.o
 .progmem.data._ZN6ambikaL13str_res_osc_1E
                0x0000245e        0x6 /var/folders/9c/qfhlwqcj6pnfnlg0r104bq2c0000gn/T/kz-controller-diagnostic-feiae547/ambika_controller/resources.o
 .progmem.data._ZN6ambikaL15str_res_param_2E
                0x00002464        0x8 /var/folders/9c/qfhlwqcj6pnfnlg0r104bq2c0000gn/T/kz-controller-diagnostic-feiae547/ambika_controller/resources.o
 .progmem.data._ZN6ambikaL15str_res_param_1E
                0x0000246c        0x8 /var/folders/9c/qfhlwqcj6pnfnlg0r104bq2c0000gn/T/kz-controller-diagnostic-feiae547/ambika_controller/resources.o
 .progmem.data._ZN6ambikaL11str_res_e_4E
                0x00002474        0x4 /var/folders/9c/qfhlwqcj6pnfnlg0r104bq2c0000gn/T/kz-controller-diagnostic-feiae547/ambika_controller/resources.o
 .progmem.data._ZN6ambikaL11str_res_e_8E
                0x00002478        0x4 /var/folders/9c/qfhlwqcj6pnfnlg0r104bq2c0000gn/T/kz-controller-diagnostic-feiae547/ambika_controller/resources.o
 .progmem.data._ZN6ambikaL12str_res_e_16E
                0x0000247c        0x5 /var/folders/9c/qfhlwqcj6pnfnlg0r104bq2c0000gn/T/kz-controller-diagnostic-feiae547/ambika_controller/resources.o
 .progmem.data._ZN6ambikaL12str_res_e_32E
                0x00002481        0x5 /var/folders/9c/qfhlwqcj6pnfnlg0r104bq2c0000gn/T/kz-controller-diagnostic-feiae547/ambika_controller/resources.o
 .progmem.data._ZN6ambikaL12str_res_e_64E
                0x00002486        0x5 /var/folders/9c/qfhlwqcj6pnfnlg0r104bq2c0000gn/T/kz-controller-diagnostic-feiae547/ambika_controller/resources.o
 .progmem.data._ZN6ambikaL13str_res_e_128E
                0x0000248b        0x6 /var/folders/9c/qfhlwqcj6pnfnlg0r104bq2c0000gn/T/kz-controller-diagnostic-feiae547/ambika_controller/resources.o
 .progmem.data._ZN6ambikaL13str_res_e_256E
                0x00002491        0x6 /var/folders/9c/qfhlwqcj6pnfnlg0r104bq2c0000gn/T/kz-controller-diagnostic-feiae547/ambika_controller/resources.o
 .progmem.data._ZN6ambikaL14str_res_randomE
                0x00002497        0x7 /var/folders/9c/qfhlwqcj6pnfnlg0r104bq2c0000gn/T/kz-controller-diagnostic-feiae547/ambika_controller/resources.o
 .progmem.data._ZN6ambikaL13str_res_pedalE
                0x0000249e        0x6 /var/folders/9c/qfhlwqcj6pnfnlg0r104bq2c0000gn/T/kz-controller-diagnostic-feiae547/ambika_controller/resources.o
 .progmem.data._ZN6ambikaL14str_res_wheel2E
                0x000024a4        0x7 /var/folders/9c/qfhlwqcj6pnfnlg0r104bq2c0000gn/T/kz-controller-diagnostic-feiae547/ambika_controller/resources.o
 .progmem.data._ZN6ambikaL14str_res_mwheelE
                0x000024ab        0x7 /var/folders/9c/qfhlwqcj6pnfnlg0r104bq2c0000gn/T/kz-controller-diagnostic-feiae547/ambika_controller/resources.o
 .progmem.data._ZN6ambikaL14str_res_benderE
                0x000024b2        0x7 /var/folders/9c/qfhlwqcj6pnfnlg0r104bq2c0000gn/T/kz-controller-diagnostic-feiae547/ambika_controller/resources.o
 .progmem.data._ZN6ambikaL14str_res_afttchE
                0x000024b9        0x7 /var/folders/9c/qfhlwqcj6pnfnlg0r104bq2c0000gn/T/kz-controller-diagnostic-feiae547/ambika_controller/resources.o
 .progmem.data._ZN6ambikaL14str_res_seq__2E
                0x000024c0        0x7 /var/folders/9c/qfhlwqcj6pnfnlg0r104bq2c0000gn/T/kz-controller-diagnostic-feiae547/ambika_controller/resources.o
 .progmem.data._ZN6ambikaL14str_res_seq__1E
                0x000024c7        0x7 /var/folders/9c/qfhlwqcj6pnfnlg0r104bq2c0000gn/T/kz-controller-diagnostic-feiae547/ambika_controller/resources.o
 .progmem.data._ZN6ambikaL14str_res_mod__4E
                0x000024ce        0x7 /var/folders/9c/qfhlwqcj6pnfnlg0r104bq2c0000gn/T/kz-controller-diagnostic-feiae547/ambika_controller/resources.o
 .progmem.data._ZN6ambikaL14str_res_mod__3E
                0x000024d5        0x7 /var/folders/9c/qfhlwqcj6pnfnlg0r104bq2c0000gn/T/kz-controller-diagnostic-feiae547/ambika_controller/resources.o
 .progmem.data._ZN6ambikaL14str_res_mod__2E
                0x000024dc        0x7 /var/folders/9c/qfhlwqcj6pnfnlg0r104bq2c0000gn/T/kz-controller-diagnostic-feiae547/ambika_controller/resources.o
 .progmem.data._ZN6ambikaL14str_res_mod__1E
                0x000024e3        0x7 /var/folders/9c/qfhlwqcj6pnfnlg0r104bq2c0000gn/T/kz-controller-diagnostic-feiae547/ambika_controller/resources.o
 .progmem.data._ZN6ambikaL13str_res_lfo_4E
                0x000024ea        0x6 /var/folders/9c/qfhlwqcj6pnfnlg0r104bq2c0000gn/T/kz-controller-diagnostic-feiae547/ambika_controller/resources.o
 .progmem.data._ZN6ambikaL13str_res_lfo_3E
                0x000024f0        0x6 /var/folders/9c/qfhlwqcj6pnfnlg0r104bq2c0000gn/T/kz-controller-diagnostic-feiae547/ambika_controller/resources.o
 .progmem.data._ZN6ambikaL13str_res_lfo_2E
                0x000024f6        0x6 /var/folders/9c/qfhlwqcj6pnfnlg0r104bq2c0000gn/T/kz-controller-diagnostic-feiae547/ambika_controller/resources.o
 .progmem.data._ZN6ambikaL13str_res_lfo_1E
                0x000024fc        0x6 /var/folders/9c/qfhlwqcj6pnfnlg0r104bq2c0000gn/T/kz-controller-diagnostic-feiae547/ambika_controller/resources.o
 .progmem.data._ZN6ambikaL13str_res_env_3E
                0x00002502        0x6 /var/folders/9c/qfhlwqcj6pnfnlg0r104bq2c0000gn/T/kz-controller-diagnostic-feiae547/ambika_controller/resources.o
 .progmem.data._ZN6ambikaL13str_res_env_2E
                0x00002508        0x6 /var/folders/9c/qfhlwqcj6pnfnlg0r104bq2c0000gn/T/kz-controller-diagnostic-feiae547/ambika_controller/resources.o
 .progmem.data._ZN6ambikaL13str_res_env_1E
                0x0000250e        0x6 /var/folders/9c/qfhlwqcj6pnfnlg0r104bq2c0000gn/T/kz-controller-diagnostic-feiae547/ambika_controller/resources.o
 .progmem.data._ZN6ambikaL12str_res_drm2E
                0x00002514        0x5 /var/folders/9c/qfhlwqcj6pnfnlg0r104bq2c0000gn/T/kz-controller-diagnostic-feiae547/ambika_controller/resources.o
 .progmem.data._ZN6ambikaL12str_res_drm1E
                0x00002519        0x5 /var/folders/9c/qfhlwqcj6pnfnlg0r104bq2c0000gn/T/kz-controller-diagnostic-feiae547/ambika_controller/resources.o
 .progmem.data._ZN6ambikaL11str_res_vcaE
                0x0000251e        0x4 /var/folders/9c/qfhlwqcj6pnfnlg0r104bq2c0000gn/T/kz-controller-diagnostic-feiae547/ambika_controller/resources.o
 .progmem.data._ZN6ambikaL12str_res_releE
                0x00002522        0x5 /var/folders/9c/qfhlwqcj6pnfnlg0r104bq2c0000gn/T/kz-controller-diagnostic-feiae547/ambika_controller/resources.o
 .progmem.data._ZN6ambikaL12str_res_decaE
                0x00002527        0x5 /var/folders/9c/qfhlwqcj6pnfnlg0r104bq2c0000gn/T/kz-controller-diagnostic-feiae547/ambika_controller/resources.o
 .progmem.data._ZN6ambikaL12str_res_attkE
                0x0000252c        0x5 /var/folders/9c/qfhlwqcj6pnfnlg0r104bq2c0000gn/T/kz-controller-diagnostic-feiae547/ambika_controller/resources.o
 .progmem.data._ZN6ambikaL12str_res_resoE
                0x00002531        0x5 /var/folders/9c/qfhlwqcj6pnfnlg0r104bq2c0000gn/T/kz-controller-diagnostic-feiae547/ambika_controller/resources.o
 .progmem.data._ZN6ambikaL12str_res_freqE
                0x00002536        0x5 /var/folders/9c/qfhlwqcj6pnfnlg0r104bq2c0000gn/T/kz-controller-diagnostic-feiae547/ambika_controller/resources.o
 .progmem.data._ZN6ambikaL12str_res_crshE
                0x0000253b        0x5 /var/folders/9c/qfhlwqcj6pnfnlg0r104bq2c0000gn/T/kz-controller-diagnostic-feiae547/ambika_controller/resources.o
 .progmem.data._ZN6ambikaL12str_res_fuzzE
                0x00002540        0x5 /var/folders/9c/qfhlwqcj6pnfnlg0r104bq2c0000gn/T/kz-controller-diagnostic-feiae547/ambika_controller/resources.o
 .progmem.data._ZN6ambikaL11str_res_subE
                0x00002545        0x4 /var/folders/9c/qfhlwqcj6pnfnlg0r104bq2c0000gn/T/kz-controller-diagnostic-feiae547/ambika_controller/resources.o
 .progmem.data._ZN6ambikaL12str_res_xmodE
                0x00002549        0x5 /var/folders/9c/qfhlwqcj6pnfnlg0r104bq2c0000gn/T/kz-controller-diagnostic-feiae547/ambika_controller/resources.o
 .progmem.data._ZN6ambikaL11str_res_mixE
                0x0000254e        0x4 /var/folders/9c/qfhlwqcj6pnfnlg0r104bq2c0000gn/T/kz-controller-diagnostic-feiae547/ambika_controller/resources.o
 .progmem.data._ZN6ambikaL12str_res_vibrE
                0x00002552        0x5 /var/folders/9c/qfhlwqcj6pnfnlg0r104bq2c0000gn/T/kz-controller-diagnostic-feiae547/ambika_controller/resources.o
 .progmem.data._ZN6ambikaL12str_res_31S2E
                0x00002557        0x5 /var/folders/9c/qfhlwqcj6pnfnlg0r104bq2c0000gn/T/kz-controller-diagnostic-feiae547/ambika_controller/resources.o
 .progmem.data._ZN6ambikaL12str_res_osc2E
                0x0000255c        0x5 /var/folders/9c/qfhlwqcj6pnfnlg0r104bq2c0000gn/T/kz-controller-diagnostic-feiae547/ambika_controller/resources.o
 .progmem.data._ZN6ambikaL12str_res_osc1E
                0x00002561        0x5 /var/folders/9c/qfhlwqcj6pnfnlg0r104bq2c0000gn/T/kz-controller-diagnostic-feiae547/ambika_controller/resources.o
 .progmem.data._ZN6ambikaL12str_res_prm2E
                0x00002566        0x5 /var/folders/9c/qfhlwqcj6pnfnlg0r104bq2c0000gn/T/kz-controller-diagnostic-feiae547/ambika_controller/resources.o
 .progmem.data._ZN6ambikaL12str_res_prm1E
                0x0000256b        0x5 /var/folders/9c/qfhlwqcj6pnfnlg0r104bq2c0000gn/T/kz-controller-diagnostic-feiae547/ambika_controller/resources.o
 .progmem.data._ZN6ambikaL10str_res_e4E
                0x00002570        0x3 /var/folders/9c/qfhlwqcj6pnfnlg0r104bq2c0000gn/T/kz-controller-diagnostic-feiae547/ambika_controller/resources.o
 .progmem.data._ZN6ambikaL10str_res_e8E
                0x00002573        0x3 /var/folders/9c/qfhlwqcj6pnfnlg0r104bq2c0000gn/T/kz-controller-diagnostic-feiae547/ambika_controller/resources.o
 .progmem.data._ZN6ambikaL11str_res_e16E
                0x00002576        0x4 /var/folders/9c/qfhlwqcj6pnfnlg0r104bq2c0000gn/T/kz-controller-diagnostic-feiae547/ambika_controller/resources.o
 .progmem.data._ZN6ambikaL11str_res_e32E
                0x0000257a        0x4 /var/folders/9c/qfhlwqcj6pnfnlg0r104bq2c0000gn/T/kz-controller-diagnostic-feiae547/ambika_controller/resources.o
 .progmem.data._ZN6ambikaL11str_res_e64E
                0x0000257e        0x4 /var/folders/9c/qfhlwqcj6pnfnlg0r104bq2c0000gn/T/kz-controller-diagnostic-feiae547/ambika_controller/resources.o
 .progmem.data._ZN6ambikaL12str_res_e128E
                0x00002582        0x5 /var/folders/9c/qfhlwqcj6pnfnlg0r104bq2c0000gn/T/kz-controller-diagnostic-feiae547/ambika_controller/resources.o
 .progmem.data._ZN6ambikaL12str_res_e256E
                0x00002587        0x5 /var/folders/9c/qfhlwqcj6pnfnlg0r104bq2c0000gn/T/kz-controller-diagnostic-feiae547/ambika_controller/resources.o
 .progmem.data._ZN6ambikaL12str_res_randE
                0x0000258c        0x5 /var/folders/9c/qfhlwqcj6pnfnlg0r104bq2c0000gn/T/kz-controller-diagnostic-feiae547/ambika_controller/resources.o
 .progmem.data._ZN6ambikaL12str_res_noisE
                0x00002591        0x5 /var/folders/9c/qfhlwqcj6pnfnlg0r104bq2c0000gn/T/kz-controller-diagnostic-feiae547/ambika_controller/resources.o
 .progmem.data._ZN6ambikaL12str_res_gateE
                0x00002596        0x5 /var/folders/9c/qfhlwqcj6pnfnlg0r104bq2c0000gn/T/kz-controller-diagnostic-feiae547/ambika_controller/resources.o
 .progmem.data._ZN6ambikaL12str_res_noteE
                0x0000259b        0x5 /var/folders/9c/qfhlwqcj6pnfnlg0r104bq2c0000gn/T/kz-controller-diagnostic-feiae547/ambika_controller/resources.o
 .progmem.data._ZN6ambikaL12str_res_pdalE
                0x000025a0        0x5 /var/folders/9c/qfhlwqcj6pnfnlg0r104bq2c0000gn/T/kz-controller-diagnostic-feiae547/ambika_controller/resources.o
 .progmem.data._ZN6ambikaL12str_res_whl2E
                0x000025a5        0x5 /var/folders/9c/qfhlwqcj6pnfnlg0r104bq2c0000gn/T/kz-controller-diagnostic-feiae547/ambika_controller/resources.o
 .progmem.data._ZN6ambikaL12str_res_mwhlE
                0x000025aa        0x5 /var/folders/9c/qfhlwqcj6pnfnlg0r104bq2c0000gn/T/kz-controller-diagnostic-feiae547/ambika_controller/resources.o
 .progmem.data._ZN6ambikaL12str_res_bendE
                0x000025af        0x5 /var/folders/9c/qfhlwqcj6pnfnlg0r104bq2c0000gn/T/kz-controller-diagnostic-feiae547/ambika_controller/resources.o
 .progmem.data._ZN6ambikaL12str_res_aftrE
                0x000025b4        0x5 /var/folders/9c/qfhlwqcj6pnfnlg0r104bq2c0000gn/T/kz-controller-diagnostic-feiae547/ambika_controller/resources.o
 .progmem.data._ZN6ambikaL12str_res_veloE
                0x000025b9        0x5 /var/folders/9c/qfhlwqcj6pnfnlg0r104bq2c0000gn/T/kz-controller-diagnostic-feiae547/ambika_controller/resources.o
 .progmem.data._ZN6ambikaL11str_res_arpE
                0x000025be        0x4 /var/folders/9c/qfhlwqcj6pnfnlg0r104bq2c0000gn/T/kz-controller-diagnostic-feiae547/ambika_controller/resources.o
 .progmem.data._ZN6ambikaL12str_res_seq2E
                0x000025c2        0x5 /var/folders/9c/qfhlwqcj6pnfnlg0r104bq2c0000gn/T/kz-controller-diagnostic-feiae547/ambika_controller/resources.o
 .progmem.data._ZN6ambikaL12str_res_seq1E
                0x000025c7        0x5 /var/folders/9c/qfhlwqcj6pnfnlg0r104bq2c0000gn/T/kz-controller-diagnostic-feiae547/ambika_controller/resources.o
 .progmem.data._ZN6ambikaL12str_res_mod4E
                0x000025cc        0x5 /var/folders/9c/qfhlwqcj6pnfnlg0r104bq2c0000gn/T/kz-controller-diagnostic-feiae547/ambika_controller/resources.o
 .progmem.data._ZN6ambikaL12str_res_mod3E
                0x000025d1        0x5 /var/folders/9c/qfhlwqcj6pnfnlg0r104bq2c0000gn/T/kz-controller-diagnostic-feiae547/ambika_controller/resources.o
 .progmem.data._ZN6ambikaL12str_res_mod2E
                0x000025d6        0x5 /var/folders/9c/qfhlwqcj6pnfnlg0r104bq2c0000gn/T/kz-controller-diagnostic-feiae547/ambika_controller/resources.o
 .progmem.data._ZN6ambikaL12str_res_mod1E
                0x000025db        0x5 /var/folders/9c/qfhlwqcj6pnfnlg0r104bq2c0000gn/T/kz-controller-diagnostic-feiae547/ambika_controller/resources.o
 .progmem.data._ZN6ambikaL12str_res_lfo4E
                0x000025e0        0x5 /var/folders/9c/qfhlwqcj6pnfnlg0r104bq2c0000gn/T/kz-controller-diagnostic-feiae547/ambika_controller/resources.o
 .progmem.data._ZN6ambikaL12str_res_lfo3E
                0x000025e5        0x5 /var/folders/9c/qfhlwqcj6pnfnlg0r104bq2c0000gn/T/kz-controller-diagnostic-feiae547/ambika_controller/resources.o
 .progmem.data._ZN6ambikaL12str_res_lfo2E
                0x000025ea        0x5 /var/folders/9c/qfhlwqcj6pnfnlg0r104bq2c0000gn/T/kz-controller-diagnostic-feiae547/ambika_controller/resources.o
 .progmem.data._ZN6ambikaL12str_res_lfo1E
                0x000025ef        0x5 /var/folders/9c/qfhlwqcj6pnfnlg0r104bq2c0000gn/T/kz-controller-diagnostic-feiae547/ambika_controller/resources.o
 .progmem.data._ZN6ambikaL12str_res_env3E
                0x000025f4        0x5 /var/folders/9c/qfhlwqcj6pnfnlg0r104bq2c0000gn/T/kz-controller-diagnostic-feiae547/ambika_controller/resources.o
 .progmem.data._ZN6ambikaL12str_res_env2E
                0x000025f9        0x5 /var/folders/9c/qfhlwqcj6pnfnlg0r104bq2c0000gn/T/kz-controller-diagnostic-feiae547/ambika_controller/resources.o
 .progmem.data._ZN6ambikaL12str_res_env1E
                0x000025fe        0x5 /var/folders/9c/qfhlwqcj6pnfnlg0r104bq2c0000gn/T/kz-controller-diagnostic-feiae547/ambika_controller/resources.o
 .progmem.data._ZN6ambikaL11str_res_popE
                0x00002603        0x4 /var/folders/9c/qfhlwqcj6pnfnlg0r104bq2c0000gn/T/kz-controller-diagnostic-feiae547/ambika_controller/resources.o
 .progmem.data._ZN6ambikaL13str_res_metalE
                0x00002607        0x6 /var/folders/9c/qfhlwqcj6pnfnlg0r104bq2c0000gn/T/kz-controller-diagnostic-feiae547/ambika_controller/resources.o
 .progmem.data._ZN6ambikaL12str_res_blowE
                0x0000260d        0x5 /var/folders/9c/qfhlwqcj6pnfnlg0r104bq2c0000gn/T/kz-controller-diagnostic-feiae547/ambika_controller/resources.o
 .progmem.data._ZN6ambikaL14str_res_glitchE
                0x00002612        0x7 /var/folders/9c/qfhlwqcj6pnfnlg0r104bq2c0000gn/T/kz-controller-diagnostic-feiae547/ambika_controller/resources.o
 .progmem.data._ZN6ambikaL13str_res_clickE
                0x00002619        0x6 /var/folders/9c/qfhlwqcj6pnfnlg0r104bq2c0000gn/T/kz-controller-diagnostic-feiae547/ambika_controller/resources.o
 .progmem.data._ZN6ambikaL12str_res_pul2E
                0x0000261f        0x5 /var/folders/9c/qfhlwqcj6pnfnlg0r104bq2c0000gn/T/kz-controller-diagnostic-feiae547/ambika_controller/resources.o
 .progmem.data._ZN6ambikaL12str_res_tri2E
                0x00002624        0x5 /var/folders/9c/qfhlwqcj6pnfnlg0r104bq2c0000gn/T/kz-controller-diagnostic-feiae547/ambika_controller/resources.o
 .progmem.data._ZN6ambikaL12str_res_squ2E
                0x00002629        0x5 /var/folders/9c/qfhlwqcj6pnfnlg0r104bq2c0000gn/T/kz-controller-diagnostic-feiae547/ambika_controller/resources.o
 .progmem.data._ZN6ambikaL12str_res_pul1E
                0x0000262e        0x5 /var/folders/9c/qfhlwqcj6pnfnlg0r104bq2c0000gn/T/kz-controller-diagnostic-feiae547/ambika_controller/resources.o
 .progmem.data._ZN6ambikaL12str_res_tri1E
                0x00002633        0x5 /var/folders/9c/qfhlwqcj6pnfnlg0r104bq2c0000gn/T/kz-controller-diagnostic-feiae547/ambika_controller/resources.o
 .progmem.data._ZN6ambikaL12str_res_squ1E
                0x00002638        0x5 /var/folders/9c/qfhlwqcj6pnfnlg0r104bq2c0000gn/T/kz-controller-diagnostic-feiae547/ambika_controller/resources.o
 .progmem.data._ZN6ambikaL12str_res_bitsE
                0x0000263d        0x5 /var/folders/9c/qfhlwqcj6pnfnlg0r104bq2c0000gn/T/kz-controller-diagnostic-feiae547/ambika_controller/resources.o
 .progmem.data._ZN6ambikaL12str_res_foldE
                0x00002642        0x5 /var/folders/9c/qfhlwqcj6pnfnlg0r104bq2c0000gn/T/kz-controller-diagnostic-feiae547/ambika_controller/resources.o
 .progmem.data._ZN6ambikaL11str_res_xorE
                0x00002647        0x4 /var/folders/9c/qfhlwqcj6pnfnlg0r104bq2c0000gn/T/kz-controller-diagnostic-feiae547/ambika_controller/resources.o
 .progmem.data._ZN6ambikaL15str_res_ringmodE
                0x0000264b        0x8 /var/folders/9c/qfhlwqcj6pnfnlg0r104bq2c0000gn/T/kz-controller-diagnostic-feiae547/ambika_controller/resources.o
 .progmem.data._ZN6ambikaL12str_res_syncE
                0x00002653        0x5 /var/folders/9c/qfhlwqcj6pnfnlg0r104bq2c0000gn/T/kz-controller-diagnostic-feiae547/ambika_controller/resources.o
 .progmem.data._ZN6ambikaL12str_res_stp2E
                0x00002658        0x5 /var/folders/9c/qfhlwqcj6pnfnlg0r104bq2c0000gn/T/kz-controller-diagnostic-feiae547/ambika_controller/resources.o
 .progmem.data._ZN6ambikaL12str_res_stp1E
                0x0000265d        0x5 /var/folders/9c/qfhlwqcj6pnfnlg0r104bq2c0000gn/T/kz-controller-diagnostic-feiae547/ambika_controller/resources.o
 .progmem.data._ZN6ambikaL12str_res_rsqrE
                0x00002662        0x5 /var/folders/9c/qfhlwqcj6pnfnlg0r104bq2c0000gn/T/kz-controller-diagnostic-feiae547/ambika_controller/resources.o
 .progmem.data._ZN6ambikaL12str_res_rsawE
                0x00002667        0x5 /var/folders/9c/qfhlwqcj6pnfnlg0r104bq2c0000gn/T/kz-controller-diagnostic-feiae547/ambika_controller/resources.o
 .progmem.data._ZN6ambikaL12str_res_lsqrE
                0x0000266c        0x5 /var/folders/9c/qfhlwqcj6pnfnlg0r104bq2c0000gn/T/kz-controller-diagnostic-feiae547/ambika_controller/resources.o
 .progmem.data._ZN6ambikaL12str_res_lsawE
                0x00002671        0x5 /var/folders/9c/qfhlwqcj6pnfnlg0r104bq2c0000gn/T/kz-controller-diagnostic-feiae547/ambika_controller/resources.o
 .progmem.data._ZN6ambikaL12str_res_spk2E
                0x00002676        0x5 /var/folders/9c/qfhlwqcj6pnfnlg0r104bq2c0000gn/T/kz-controller-diagnostic-feiae547/ambika_controller/resources.o
 .progmem.data._ZN6ambikaL12str_res_spk1E
                0x0000267b        0x5 /var/folders/9c/qfhlwqcj6pnfnlg0r104bq2c0000gn/T/kz-controller-diagnostic-feiae547/ambika_controller/resources.o
 .progmem.data._ZN6ambikaL12str_res_bat2E
                0x00002680        0x5 /var/folders/9c/qfhlwqcj6pnfnlg0r104bq2c0000gn/T/kz-controller-diagnostic-feiae547/ambika_controller/resources.o
 .progmem.data._ZN6ambikaL12str_res_bat1E
                0x00002685        0x5 /var/folders/9c/qfhlwqcj6pnfnlg0r104bq2c0000gn/T/kz-controller-diagnostic-feiae547/ambika_controller/resources.o
 .progmem.data._ZN6ambikaL12str_res_grg2E
                0x0000268a        0x5 /var/folders/9c/qfhlwqcj6pnfnlg0r104bq2c0000gn/T/kz-controller-diagnostic-feiae547/ambika_controller/resources.o
 .progmem.data._ZN6ambikaL12str_res_grg1E
                0x0000268f        0x5 /var/folders/9c/qfhlwqcj6pnfnlg0r104bq2c0000gn/T/kz-controller-diagnostic-feiae547/ambika_controller/resources.o
 .progmem.data._ZN6ambikaL12str_res_hrm5E
                0x00002694        0x5 /var/folders/9c/qfhlwqcj6pnfnlg0r104bq2c0000gn/T/kz-controller-diagnostic-feiae547/ambika_controller/resources.o
 .progmem.data._ZN6ambikaL12str_res_hrm3E
                0x00002699        0x5 /var/folders/9c/qfhlwqcj6pnfnlg0r104bq2c0000gn/T/kz-controller-diagnostic-feiae547/ambika_controller/resources.o
 .progmem.data._ZN6ambikaL12str_res_hrm2E
                0x0000269e        0x5 /var/folders/9c/qfhlwqcj6pnfnlg0r104bq2c0000gn/T/kz-controller-diagnostic-feiae547/ambika_controller/resources.o
 .progmem.data._ZN6ambikaL12str_res_rampE
                0x000026a3        0x5 /var/folders/9c/qfhlwqcj6pnfnlg0r104bq2c0000gn/T/kz-controller-diagnostic-feiae547/ambika_controller/resources.o
 .progmem.data._ZN6ambikaL11str_res_s_hE
                0x000026a8        0x4 /var/folders/9c/qfhlwqcj6pnfnlg0r104bq2c0000gn/T/kz-controller-diagnostic-feiae547/ambika_controller/resources.o
 .progmem.data._ZN6ambikaL11str_res_sqrE
                0x000026ac        0x4 /var/folders/9c/qfhlwqcj6pnfnlg0r104bq2c0000gn/T/kz-controller-diagnostic-feiae547/ambika_controller/resources.o
 .progmem.data._ZN6ambikaL11str_res_triE
                0x000026b0        0x4 /var/folders/9c/qfhlwqcj6pnfnlg0r104bq2c0000gn/T/kz-controller-diagnostic-feiae547/ambika_controller/resources.o
 .progmem.data._ZN6ambikaL15str_res_vowel_2E
                0x000026b4        0x8 /var/folders/9c/qfhlwqcj6pnfnlg0r104bq2c0000gn/T/kz-controller-diagnostic-feiae547/ambika_controller/resources.o
 .progmem.data._ZN6ambikaL12str_res_csawE
                0x000026bc        0x5 /var/folders/9c/qfhlwqcj6pnfnlg0r104bq2c0000gn/T/kz-controller-diagnostic-feiae547/ambika_controller/resources.o
 .progmem.data._ZN6ambikaL12str_res_fmfbE
                0x000026c1        0x5 /var/folders/9c/qfhlwqcj6pnfnlg0r104bq2c0000gn/T/kz-controller-diagnostic-feiae547/ambika_controller/resources.o
 .progmem.data._ZN6ambikaL12str_res_qpwmE
                0x000026c6        0x5 /var/folders/9c/qfhlwqcj6pnfnlg0r104bq2c0000gn/T/kz-controller-diagnostic-feiae547/ambika_controller/resources.o
 .progmem.data._ZN6ambikaL14str_res_oldsawE
                0x000026cb        0x7 /var/folders/9c/qfhlwqcj6pnfnlg0r104bq2c0000gn/T/kz-controller-diagnostic-feiae547/ambika_controller/resources.o
 .progmem.data._ZN6ambikaL17str_res_wavquenceE
                0x000026d2        0xa /var/folders/9c/qfhlwqcj6pnfnlg0r104bq2c0000gn/T/kz-controller-diagnostic-feiae547/ambika_controller/resources.o
 .progmem.data._ZN6ambikaL12str_res_bellE
                0x000026dc        0x5 /var/folders/9c/qfhlwqcj6pnfnlg0r104bq2c0000gn/T/kz-controller-diagnostic-feiae547/ambika_controller/resources.o
 .progmem.data._ZN6ambikaL16str_res_metallicE
                0x000026e1        0x9 /var/folders/9c/qfhlwqcj6pnfnlg0r104bq2c0000gn/T/kz-controller-diagnostic-feiae547/ambika_controller/resources.o
 .progmem.data._ZN6ambikaL15str_res_drone_2E
                0x000026ea        0x8 /var/folders/9c/qfhlwqcj6pnfnlg0r104bq2c0000gn/T/kz-controller-diagnostic-feiae547/ambika_controller/resources.o
 .progmem.data._ZN6ambikaL15str_res_drone_1E
                0x000026f2        0x8 /var/folders/9c/qfhlwqcj6pnfnlg0r104bq2c0000gn/T/kz-controller-diagnostic-feiae547/ambika_controller/resources.o
 .progmem.data._ZN6ambikaL15str_res_digitalE
                0x000026fa        0x8 /var/folders/9c/qfhlwqcj6pnfnlg0r104bq2c0000gn/T/kz-controller-diagnostic-feiae547/ambika_controller/resources.o
 .progmem.data._ZN6ambikaL13str_res_wavesE
                0x00002702        0x6 /var/folders/9c/qfhlwqcj6pnfnlg0r104bq2c0000gn/T/kz-controller-diagnostic-feiae547/ambika_controller/resources.o
 .progmem.data._ZN6ambikaL13str_res_organE
                0x00002708        0x6 /var/folders/9c/qfhlwqcj6pnfnlg0r104bq2c0000gn/T/kz-controller-diagnostic-feiae547/ambika_controller/resources.o
 .progmem.data._ZN6ambikaL14str_res_epianoE
                0x0000270e        0x7 /var/folders/9c/qfhlwqcj6pnfnlg0r104bq2c0000gn/T/kz-controller-diagnostic-feiae547/ambika_controller/resources.o
 .progmem.data._ZN6ambikaL12str_res_slapE
                0x00002715        0x5 /var/folders/9c/qfhlwqcj6pnfnlg0r104bq2c0000gn/T/kz-controller-diagnostic-feiae547/ambika_controller/resources.o
 .progmem.data._ZN6ambikaL13str_res_vibesE
                0x0000271a        0x6 /var/folders/9c/qfhlwqcj6pnfnlg0r104bq2c0000gn/T/kz-controller-diagnostic-feiae547/ambika_controller/resources.o
 .progmem.data._ZN6ambikaL13str_res_celloE
                0x00002720        0x6 /var/folders/9c/qfhlwqcj6pnfnlg0r104bq2c0000gn/T/kz-controller-diagnostic-feiae547/ambika_controller/resources.o
 .progmem.data._ZN6ambikaL13str_res_bowedE
                0x00002726        0x6 /var/folders/9c/qfhlwqcj6pnfnlg0r104bq2c0000gn/T/kz-controller-diagnostic-feiae547/ambika_controller/resources.o
 .progmem.data._ZN6ambikaL15str_res_tampuraE
                0x0000272c        0x8 /var/folders/9c/qfhlwqcj6pnfnlg0r104bq2c0000gn/T/kz-controller-diagnostic-feiae547/ambika_controller/resources.o
 .progmem.data._ZN6ambikaL13str_res_choirE
                0x00002734        0x6 /var/folders/9c/qfhlwqcj6pnfnlg0r104bq2c0000gn/T/kz-controller-diagnostic-feiae547/ambika_controller/resources.o
 .progmem.data._ZN6ambikaL14str_res_femaleE
                0x0000273a        0x7 /var/folders/9c/qfhlwqcj6pnfnlg0r104bq2c0000gn/T/kz-controller-diagnostic-feiae547/ambika_controller/resources.o
 .progmem.data._ZN6ambikaL12str_res_maleE
                0x00002741        0x5 /var/folders/9c/qfhlwqcj6pnfnlg0r104bq2c0000gn/T/kz-controller-diagnostic-feiae547/ambika_controller/resources.o
 .progmem.data._ZN6ambikaL13str_res_vowelE
                0x00002746        0x6 /var/folders/9c/qfhlwqcj6pnfnlg0r104bq2c0000gn/T/kz-controller-diagnostic-feiae547/ambika_controller/resources.o
 .progmem.data._ZN6ambikaL13str_res_noiseE
                0x0000274c        0x6 /var/folders/9c/qfhlwqcj6pnfnlg0r104bq2c0000gn/T/kz-controller-diagnostic-feiae547/ambika_controller/resources.o
 .progmem.data._ZN6ambikaL11str_res_pwmE
                0x00002752        0x4 /var/folders/9c/qfhlwqcj6pnfnlg0r104bq2c0000gn/T/kz-controller-diagnostic-feiae547/ambika_controller/resources.o
 .progmem.data._ZN6ambikaL13str_res_8bitsE
                0x00002756        0x6 /var/folders/9c/qfhlwqcj6pnfnlg0r104bq2c0000gn/T/kz-controller-diagnostic-feiae547/ambika_controller/resources.o
 .progmem.data._ZN6ambikaL10str_res_fmE
                0x0000275c        0x3 /var/folders/9c/qfhlwqcj6pnfnlg0r104bq2c0000gn/T/kz-controller-diagnostic-feiae547/ambika_controller/resources.o
 .progmem.data._ZN6ambikaL11str_res_padE
                0x0000275f        0x4 /var/folders/9c/qfhlwqcj6pnfnlg0r104bq2c0000gn/T/kz-controller-diagnostic-feiae547/ambika_controller/resources.o
 .progmem.data._ZN6ambikaL17str_res_ztriangleE
                0x00002763        0xa /var/folders/9c/qfhlwqcj6pnfnlg0r104bq2c0000gn/T/kz-controller-diagnostic-feiae547/ambika_controller/resources.o
 .progmem.data._ZN6ambikaL16str_res_hpzpulseE
                0x0000276d        0x9 /var/folders/9c/qfhlwqcj6pnfnlg0r104bq2c0000gn/T/kz-controller-diagnostic-feiae547/ambika_controller/resources.o
 .progmem.data._ZN6ambikaL16str_res_bpzpulseE
                0x00002776        0x9 /var/folders/9c/qfhlwqcj6pnfnlg0r104bq2c0000gn/T/kz-controller-diagnostic-feiae547/ambika_controller/resources.o
 .progmem.data._ZN6ambikaL16str_res_pkzpulseE
                0x0000277f        0x9 /var/folders/9c/qfhlwqcj6pnfnlg0r104bq2c0000gn/T/kz-controller-diagnostic-feiae547/ambika_controller/resources.o
 .progmem.data._ZN6ambikaL16str_res_lpzpulseE
                0x00002788        0x9 /var/folders/9c/qfhlwqcj6pnfnlg0r104bq2c0000gn/T/kz-controller-diagnostic-feiae547/ambika_controller/resources.o
 .progmem.data._ZN6ambikaL14str_res_hpzsawE
                0x00002791        0x7 /var/folders/9c/qfhlwqcj6pnfnlg0r104bq2c0000gn/T/kz-controller-diagnostic-feiae547/ambika_controller/resources.o
 .progmem.data._ZN6ambikaL14str_res_bpzsawE
                0x00002798        0x7 /var/folders/9c/qfhlwqcj6pnfnlg0r104bq2c0000gn/T/kz-controller-diagnostic-feiae547/ambika_controller/resources.o
 .progmem.data._ZN6ambikaL14str_res_pkzsawE
                0x0000279f        0x7 /var/folders/9c/qfhlwqcj6pnfnlg0r104bq2c0000gn/T/kz-controller-diagnostic-feiae547/ambika_controller/resources.o
 .progmem.data._ZN6ambikaL14str_res_lpzsawE
                0x000027a6        0x7 /var/folders/9c/qfhlwqcj6pnfnlg0r104bq2c0000gn/T/kz-controller-diagnostic-feiae547/ambika_controller/resources.o
 .progmem.data._ZN6ambikaL12str_res_zsawE
                0x000027ad        0x5 /var/folders/9c/qfhlwqcj6pnfnlg0r104bq2c0000gn/T/kz-controller-diagnostic-feiae547/ambika_controller/resources.o
 .progmem.data._ZN6ambikaL12str_res_sineE
                0x000027b2        0x5 /var/folders/9c/qfhlwqcj6pnfnlg0r104bq2c0000gn/T/kz-controller-diagnostic-feiae547/ambika_controller/resources.o
 .progmem.data._ZN6ambikaL16str_res_triangleE
                0x000027b7        0x9 /var/folders/9c/qfhlwqcj6pnfnlg0r104bq2c0000gn/T/kz-controller-diagnostic-feiae547/ambika_controller/resources.o
 .progmem.data._ZN6ambikaL14str_res_squareE
                0x000027c0        0x7 /var/folders/9c/qfhlwqcj6pnfnlg0r104bq2c0000gn/T/kz-controller-diagnostic-feiae547/ambika_controller/resources.o
 .progmem.data._ZN6ambikaL11str_res_sawE
                0x000027c7        0x4 /var/folders/9c/qfhlwqcj6pnfnlg0r104bq2c0000gn/T/kz-controller-diagnostic-feiae547/ambika_controller/resources.o
 .progmem.data._ZN6ambikaL12str_res_noneE
                0x000027cb        0x5 /var/folders/9c/qfhlwqcj6pnfnlg0r104bq2c0000gn/T/kz-controller-diagnostic-feiae547/ambika_controller/resources.o
 .progmem.data._ZN6ambikaL10str_res_onE
                0x000027d0        0x3 /var/folders/9c/qfhlwqcj6pnfnlg0r104bq2c0000gn/T/kz-controller-diagnostic-feiae547/ambika_controller/resources.o
 .progmem.data._ZN6ambikaL11str_res_offE
                0x000027d3        0x4 /var/folders/9c/qfhlwqcj6pnfnlg0r104bq2c0000gn/T/kz-controller-diagnostic-feiae547/ambika_controller/resources.o
 .progmem.data._ZN6ambikaL12str_res_octvE
                0x000027d7        0x5 /var/folders/9c/qfhlwqcj6pnfnlg0r104bq2c0000gn/T/kz-controller-diagnostic-feiae547/ambika_controller/resources.o
 .progmem.data._ZN6ambikaL12str_res_a_sqE
                0x000027dc        0x5 /var/folders/9c/qfhlwqcj6pnfnlg0r104bq2c0000gn/T/kz-controller-diagnostic-feiae547/ambika_controller/resources.o
 .progmem.data._ZN6ambikaL12str_res_sprdE
                0x000027e1        0x5 /var/folders/9c/qfhlwqcj6pnfnlg0r104bq2c0000gn/T/kz-controller-diagnostic-feiae547/ambika_controller/resources.o
 .progmem.data._ZN6ambikaL11str_res_octE
                0x000027e6        0x4 /var/folders/9c/qfhlwqcj6pnfnlg0r104bq2c0000gn/T/kz-controller-diagnostic-feiae547/ambika_controller/resources.o
 .progmem.data._ZN6ambikaL12str_res_srceE
                0x000027ea        0x5 /var/folders/9c/qfhlwqcj6pnfnlg0r104bq2c0000gn/T/kz-controller-diagnostic-feiae547/ambika_controller/resources.o
 .progmem.data._ZN6ambikaL12str_res_amntE
                0x000027ef        0x5 /var/folders/9c/qfhlwqcj6pnfnlg0r104bq2c0000gn/T/kz-controller-diagnostic-feiae547/ambika_controller/resources.o
 .progmem.data._ZN6ambikaL12str_res_omniE
                0x000027f4        0x5 /var/folders/9c/qfhlwqcj6pnfnlg0r104bq2c0000gn/T/kz-controller-diagnostic-feiae547/ambika_controller/resources.o
 .progmem.data._ZN6ambikaL12str_res_lseqE
                0x000027f9        0x5 /var/folders/9c/qfhlwqcj6pnfnlg0r104bq2c0000gn/T/kz-controller-diagnostic-feiae547/ambika_controller/resources.o
 .progmem.data._ZN6ambikaL21str_res_launchkey_seqE
                0x000027fe        0xe /var/folders/9c/qfhlwqcj6pnfnlg0r104bq2c0000gn/T/kz-controller-diagnostic-feiae547/ambika_controller/resources.o
 .progmem.data._ZN6ambikaL14str_res_cc_mapE
                0x0000280c        0x7 /var/folders/9c/qfhlwqcj6pnfnlg0r104bq2c0000gn/T/kz-controller-diagnostic-feiae547/ambika_controller/resources.o
 .progmem.data._ZN6ambikaL11str_res_extE
                0x00002813        0x4 /var/folders/9c/qfhlwqcj6pnfnlg0r104bq2c0000gn/T/kz-controller-diagnostic-feiae547/ambika_controller/resources.o
 .progmem.data._ZN6ambikaL17str_res_outp_modeE
                0x00002817        0xa /var/folders/9c/qfhlwqcj6pnfnlg0r104bq2c0000gn/T/kz-controller-diagnostic-feiae547/ambika_controller/resources.o
 .progmem.data._ZN6ambikaL19str_res_inpt_filterE
                0x00002821        0xc /var/folders/9c/qfhlwqcj6pnfnlg0r104bq2c0000gn/T/kz-controller-diagnostic-feiae547/ambika_controller/resources.o
 .progmem.data._ZN6ambikaL19str_res_swap_colorsE
                0x0000282d        0xc /var/folders/9c/qfhlwqcj6pnfnlg0r104bq2c0000gn/T/kz-controller-diagnostic-feiae547/ambika_controller/resources.o
 .progmem.data._ZN6ambikaL17str_res_card_ledsE
                0x00002839        0xa /var/folders/9c/qfhlwqcj6pnfnlg0r104bq2c0000gn/T/kz-controller-diagnostic-feiae547/ambika_controller/resources.o
 .progmem.data._ZN6ambikaL12str_res_ledsE
                0x00002843        0x5 /var/folders/9c/qfhlwqcj6pnfnlg0r104bq2c0000gn/T/kz-controller-diagnostic-feiae547/ambika_controller/resources.o
 .progmem.data._ZN6ambikaL19str_res_auto_backupE
                0x00002848        0xc /var/folders/9c/qfhlwqcj6pnfnlg0r104bq2c0000gn/T/kz-controller-diagnostic-feiae547/ambika_controller/resources.o
 .progmem.data._ZN6ambikaL12str_res_helpE
                0x00002854        0x5 /var/folders/9c/qfhlwqcj6pnfnlg0r104bq2c0000gn/T/kz-controller-diagnostic-feiae547/ambika_controller/resources.o
 .progmem.data._ZN6ambikaL12str_res_snapE
                0x00002859        0x5 /var/folders/9c/qfhlwqcj6pnfnlg0r104bq2c0000gn/T/kz-controller-diagnostic-feiae547/ambika_controller/resources.o
 .progmem.data._ZN6ambikaL12str_res_midiE
                0x0000285e        0x5 /var/folders/9c/qfhlwqcj6pnfnlg0r104bq2c0000gn/T/kz-controller-diagnostic-feiae547/ambika_controller/resources.o
 .progmem.data._ZN6ambikaL14str_res_grooveE
                0x00002863        0x7 /var/folders/9c/qfhlwqcj6pnfnlg0r104bq2c0000gn/T/kz-controller-diagnostic-feiae547/ambika_controller/resources.o
 .progmem.data._ZN6ambikaL12str_res_lenpE
                0x0000286a        0x5 /var/folders/9c/qfhlwqcj6pnfnlg0r104bq2c0000gn/T/kz-controller-diagnostic-feiae547/ambika_controller/resources.o
 .progmem.data._ZN6ambikaL12str_res_len2E
                0x0000286f        0x5 /var/folders/9c/qfhlwqcj6pnfnlg0r104bq2c0000gn/T/kz-controller-diagnostic-feiae547/ambika_controller/resources.o
 .progmem.data._ZN6ambikaL12str_res_len1E
                0x00002874        0x5 /var/folders/9c/qfhlwqcj6pnfnlg0r104bq2c0000gn/T/kz-controller-diagnostic-feiae547/ambika_controller/resources.o
 .progmem.data._ZN6ambikaL16str_res_patt_lenE
                0x00002879        0x9 /var/folders/9c/qfhlwqcj6pnfnlg0r104bq2c0000gn/T/kz-controller-diagnostic-feiae547/ambika_controller/resources.o
 .progmem.data._ZN6ambikaL16str_res_seq2_lenE
                0x00002882        0x9 /var/folders/9c/qfhlwqcj6pnfnlg0r104bq2c0000gn/T/kz-controller-diagnostic-feiae547/ambika_controller/resources.o
 .progmem.data._ZN6ambikaL16str_res_seq1_lenE
                0x0000288b        0x9 /var/folders/9c/qfhlwqcj6pnfnlg0r104bq2c0000gn/T/kz-controller-diagnostic-feiae547/ambika_controller/resources.o
 .progmem.data._ZN6ambikaL12str_res_gridE
                0x00002894        0x5 /var/folders/9c/qfhlwqcj6pnfnlg0r104bq2c0000gn/T/kz-controller-diagnostic-feiae547/ambika_controller/resources.o
 .progmem.data._ZN6ambikaL12str_res_highE
                0x00002899        0x5 /var/folders/9c/qfhlwqcj6pnfnlg0r104bq2c0000gn/T/kz-controller-diagnostic-feiae547/ambika_controller/resources.o
 .progmem.data._ZN6ambikaL11str_res_lowE
                0x0000289e        0x4 /var/folders/9c/qfhlwqcj6pnfnlg0r104bq2c0000gn/T/kz-controller-diagnostic-feiae547/ambika_controller/resources.o
 .progmem.data._ZN6ambikaL13str_res_latchE
                0x000028a2        0x6 /var/folders/9c/qfhlwqcj6pnfnlg0r104bq2c0000gn/T/kz-controller-diagnostic-feiae547/ambika_controller/resources.o
 .progmem.data._ZN6ambikaL12str_res_ltchE
                0x000028a8        0x5 /var/folders/9c/qfhlwqcj6pnfnlg0r104bq2c0000gn/T/kz-controller-diagnostic-feiae547/ambika_controller/resources.o
 .progmem.data._ZN6ambikaL11str_res_bpmE
                0x000028ad        0x4 /var/folders/9c/qfhlwqcj6pnfnlg0r104bq2c0000gn/T/kz-controller-diagnostic-feiae547/ambika_controller/resources.o
 .progmem.data._ZN6ambikaL12str_res_partE
                0x000028b1        0x5 /var/folders/9c/qfhlwqcj6pnfnlg0r104bq2c0000gn/T/kz-controller-diagnostic-feiae547/ambika_controller/resources.o
 .progmem.data._ZN6ambikaL15str_res_channelE
                0x000028b6        0x8 /var/folders/9c/qfhlwqcj6pnfnlg0r104bq2c0000gn/T/kz-controller-diagnostic-feiae547/ambika_controller/resources.o
 .progmem.data._ZN6ambikaL15str_res_patternE
                0x000028be        0x8 /var/folders/9c/qfhlwqcj6pnfnlg0r104bq2c0000gn/T/kz-controller-diagnostic-feiae547/ambika_controller/resources.o
 .progmem.data._ZN6ambikaL17str_res_directionE
                0x000028c6        0xa /var/folders/9c/qfhlwqcj6pnfnlg0r104bq2c0000gn/T/kz-controller-diagnostic-feiae547/ambika_controller/resources.o
 .progmem.data._ZN6ambikaL12str_res_ragaE
                0x000028d0        0x5 /var/folders/9c/qfhlwqcj6pnfnlg0r104bq2c0000gn/T/kz-controller-diagnostic-feiae547/ambika_controller/resources.o
 .progmem.data._ZN6ambikaL15str_res_arp_seqE
                0x000028d5        0x8 /var/folders/9c/qfhlwqcj6pnfnlg0r104bq2c0000gn/T/kz-controller-diagnostic-feiae547/ambika_controller/resources.o
 .progmem.data._ZN6ambikaL18str_res_portamentoE
                0x000028dd        0xb /var/folders/9c/qfhlwqcj6pnfnlg0r104bq2c0000gn/T/kz-controller-diagnostic-feiae547/ambika_controller/resources.o
 .progmem.data._ZN6ambikaL14str_res_legatoE
                0x000028e8        0x7 /var/folders/9c/qfhlwqcj6pnfnlg0r104bq2c0000gn/T/kz-controller-diagnostic-feiae547/ambika_controller/resources.o
 .progmem.data._ZN6ambikaL14str_res_spreadE
                0x000028ef        0x7 /var/folders/9c/qfhlwqcj6pnfnlg0r104bq2c0000gn/T/kz-controller-diagnostic-feiae547/ambika_controller/resources.o
 .progmem.data._ZN6ambikaL14str_res_octaveE
                0x000028f6        0x7 /var/folders/9c/qfhlwqcj6pnfnlg0r104bq2c0000gn/T/kz-controller-diagnostic-feiae547/ambika_controller/resources.o
 .progmem.data._ZN6ambikaL14str_res_volumeE
                0x000028fd        0x7 /var/folders/9c/qfhlwqcj6pnfnlg0r104bq2c0000gn/T/kz-controller-diagnostic-feiae547/ambika_controller/resources.o
 .progmem.data._ZN6ambikaL14str_res_modif_E
                0x00002904        0x7 /var/folders/9c/qfhlwqcj6pnfnlg0r104bq2c0000gn/T/kz-controller-diagnostic-feiae547/ambika_controller/resources.o
 .progmem.data._ZN6ambikaL16str_res_modifierE
                0x0000290b        0x9 /var/folders/9c/qfhlwqcj6pnfnlg0r104bq2c0000gn/T/kz-controller-diagnostic-feiae547/ambika_controller/resources.o
 .progmem.data._ZN6ambikaL14str_res_modul_E
                0x00002914        0x7 /var/folders/9c/qfhlwqcj6pnfnlg0r104bq2c0000gn/T/kz-controller-diagnostic-feiae547/ambika_controller/resources.o
 .progmem.data._ZN6ambikaL18str_res_modulationE
                0x0000291b        0xb /var/folders/9c/qfhlwqcj6pnfnlg0r104bq2c0000gn/T/kz-controller-diagnostic-feiae547/ambika_controller/resources.o
 .progmem.data._ZN6ambikaL11str_res_in2E
                0x00002926        0x4 /var/folders/9c/qfhlwqcj6pnfnlg0r104bq2c0000gn/T/kz-controller-diagnostic-feiae547/ambika_controller/resources.o
 .progmem.data._ZN6ambikaL11str_res_in1E
                0x0000292a        0x4 /var/folders/9c/qfhlwqcj6pnfnlg0r104bq2c0000gn/T/kz-controller-diagnostic-feiae547/ambika_controller/resources.o
 .progmem.data._ZN6ambikaL19str_res_destinationE
                0x0000292e        0xc /var/folders/9c/qfhlwqcj6pnfnlg0r104bq2c0000gn/T/kz-controller-diagnostic-feiae547/ambika_controller/resources.o
 .progmem.data._ZN6ambikaL14str_res_sourceE
                0x0000293a        0x7 /var/folders/9c/qfhlwqcj6pnfnlg0r104bq2c0000gn/T/kz-controller-diagnostic-feiae547/ambika_controller/resources.o
 .progmem.data._ZN6ambikaL17str_res_voice_lfoE
                0x00002941        0xa /var/folders/9c/qfhlwqcj6pnfnlg0r104bq2c0000gn/T/kz-controller-diagnostic-feiae547/ambika_controller/resources.o
 .progmem.data._ZN6ambikaL14str_res_lfo_egE
                0x0000294b        0x7 /var/folders/9c/qfhlwqcj6pnfnlg0r104bq2c0000gn/T/kz-controller-diagnostic-feiae547/ambika_controller/resources.o
 .progmem.data._ZN6ambikaL12str_res_rateE
                0x00002952        0x5 /var/folders/9c/qfhlwqcj6pnfnlg0r104bq2c0000gn/T/kz-controller-diagnostic-feiae547/ambika_controller/resources.o
 .progmem.data._ZN6ambikaL15str_res_triggerE
                0x00002957        0x8 /var/folders/9c/qfhlwqcj6pnfnlg0r104bq2c0000gn/T/kz-controller-diagnostic-feiae547/ambika_controller/resources.o
 .progmem.data._ZN6ambikaL15str_res_releaseE
                0x0000295f        0x8 /var/folders/9c/qfhlwqcj6pnfnlg0r104bq2c0000gn/T/kz-controller-diagnostic-feiae547/ambika_controller/resources.o
 .progmem.data._ZN6ambikaL15str_res_sustainE
                0x00002967        0x8 /var/folders/9c/qfhlwqcj6pnfnlg0r104bq2c0000gn/T/kz-controller-diagnostic-feiae547/ambika_controller/resources.o
 .progmem.data._ZN6ambikaL13str_res_decayE
                0x0000296f        0x6 /var/folders/9c/qfhlwqcj6pnfnlg0r104bq2c0000gn/T/kz-controller-diagnostic-feiae547/ambika_controller/resources.o
 .progmem.data._ZN6ambikaL14str_res_attackE
                0x00002975        0x7 /var/folders/9c/qfhlwqcj6pnfnlg0r104bq2c0000gn/T/kz-controller-diagnostic-feiae547/ambika_controller/resources.o
 .progmem.data._ZN6ambikaL16str_res_keybTvcfE
                0x0000297c        0x9 /var/folders/9c/qfhlwqcj6pnfnlg0r104bq2c0000gn/T/kz-controller-diagnostic-feiae547/ambika_controller/resources.o
 .progmem.data._ZN6ambikaL16str_res_veloTvcfE
                0x00002985        0x9 /var/folders/9c/qfhlwqcj6pnfnlg0r104bq2c0000gn/T/kz-controller-diagnostic-feiae547/ambika_controller/resources.o
 .progmem.data._ZN6ambikaL16str_res_lfo2TvcfE
                0x0000298e        0x9 /var/folders/9c/qfhlwqcj6pnfnlg0r104bq2c0000gn/T/kz-controller-diagnostic-feiae547/ambika_controller/resources.o
 .progmem.data._ZN6ambikaL16str_res_env2TvcfE
                0x00002997        0x9 /var/folders/9c/qfhlwqcj6pnfnlg0r104bq2c0000gn/T/kz-controller-diagnostic-feiae547/ambika_controller/resources.o
 .progmem.data._ZN6ambikaL12str_res_modeE
                0x000029a0        0x5 /var/folders/9c/qfhlwqcj6pnfnlg0r104bq2c0000gn/T/kz-controller-diagnostic-feiae547/ambika_controller/resources.o
 .progmem.data._ZN6ambikaL17str_res_resonanceE
                0x000029a5        0xa /var/folders/9c/qfhlwqcj6pnfnlg0r104bq2c0000gn/T/kz-controller-diagnostic-feiae547/ambika_controller/resources.o
 .progmem.data._ZN6ambikaL14str_res_amountE
                0x000029af        0x7 /var/folders/9c/qfhlwqcj6pnfnlg0r104bq2c0000gn/T/kz-controller-diagnostic-feiae547/ambika_controller/resources.o
 .progmem.data._ZN6ambikaL16str_res_operatorE
                0x000029b6        0x9 /var/folders/9c/qfhlwqcj6pnfnlg0r104bq2c0000gn/T/kz-controller-diagnostic-feiae547/ambika_controller/resources.o
 .progmem.data._ZN6ambikaL17str_res_crossmod_E
                0x000029bf        0xa /var/folders/9c/qfhlwqcj6pnfnlg0r104bq2c0000gn/T/kz-controller-diagnostic-feiae547/ambika_controller/resources.o
 .progmem.data._ZN6ambikaL16str_res_sub_osc_E
                0x000029c9        0x9 /var/folders/9c/qfhlwqcj6pnfnlg0r104bq2c0000gn/T/kz-controller-diagnostic-feiae547/ambika_controller/resources.o
 .progmem.data._ZN6ambikaL15str_res_osc_mixE
                0x000029d2        0x8 /var/folders/9c/qfhlwqcj6pnfnlg0r104bq2c0000gn/T/kz-controller-diagnostic-feiae547/ambika_controller/resources.o
 .progmem.data._ZN6ambikaL12str_res_tuneE
                0x000029da        0x5 /var/folders/9c/qfhlwqcj6pnfnlg0r104bq2c0000gn/T/kz-controller-diagnostic-feiae547/ambika_controller/resources.o
 .progmem.data._ZN6ambikaL13str_res_rangeE
                0x000029df        0x6 /var/folders/9c/qfhlwqcj6pnfnlg0r104bq2c0000gn/T/kz-controller-diagnostic-feiae547/ambika_controller/resources.o
 .progmem.data._ZN6ambikaL17str_res_parameterE